Archive member included because of file (symbol)

C:\Users\Stcupp\Documents\LPCXpresso_7.5.0_254\LEDCUBE2\CMSIS_CORE_LPC13Uxx\Debug\libCMSIS_CORE_LPC13Uxx.a(RIT.o)
                              ./src/driver.o (RIT_SetCNTRL)
C:\Users\Stcupp\Documents\LPCXpresso_7.5.0_254\LEDCUBE2\CMSIS_CORE_LPC13Uxx\Debug\libCMSIS_CORE_LPC13Uxx.a(gpio.o)
                              ./src/driver.o (GPIOInit)
C:\Users\Stcupp\Documents\LPCXpresso_7.5.0_254\LEDCUBE2\CMSIS_CORE_LPC13Uxx\Debug\libCMSIS_CORE_LPC13Uxx.a(system_LPC13Uxx.o)
                              ./src/cr_startup_lpc13uxx.o (SystemInit)
c:/nxp/lpcxpresso_7.5.0_254/lpcxpresso/tools/bin/../lib/gcc/arm-none-eabi/4.8.4/armv7-m\libgcc.a(_arm_addsubdf3.o)
                              ./src/driver.o (__aeabi_i2d)
c:/nxp/lpcxpresso_7.5.0_254/lpcxpresso/tools/bin/../lib/gcc/arm-none-eabi/4.8.4/armv7-m\libgcc.a(_arm_muldivdf3.o)
                              ./src/driver.o (__aeabi_dmul)
c:/nxp/lpcxpresso_7.5.0_254/lpcxpresso/tools/bin/../lib/gcc/arm-none-eabi/4.8.4/armv7-m\libgcc.a(_arm_truncdfsf2.o)
                              ./src/driver.o (__aeabi_d2f)
c:/nxp/lpcxpresso_7.5.0_254/lpcxpresso/tools/bin/../lib/gcc/arm-none-eabi/4.8.4/armv7-m\libgcc.a(_arm_addsubsf3.o)
                              ./src/driver.o (__aeabi_fadd)
c:/nxp/lpcxpresso_7.5.0_254/lpcxpresso/tools/bin/../lib/gcc/arm-none-eabi/4.8.4/armv7-m\libgcc.a(_arm_muldivsf3.o)
                              ./src/driver.o (__aeabi_fmul)
c:/nxp/lpcxpresso_7.5.0_254/lpcxpresso/tools/bin/../lib/gcc/arm-none-eabi/4.8.4/armv7-m\libgcc.a(_arm_fixunssfsi.o)
                              ./src/driver.o (__aeabi_f2uiz)
c:/nxp/lpcxpresso_7.5.0_254/lpcxpresso/tools/bin/../lib/gcc/arm-none-eabi/4.8.4/../../../../arm-none-eabi/lib/armv7-m\libc.a(lib_a-init.o)
                              ./src/cr_startup_lpc13uxx.o (__libc_init_array)
c:/nxp/lpcxpresso_7.5.0_254/lpcxpresso/tools/bin/../lib/gcc/arm-none-eabi/4.8.4/../../../../arm-none-eabi/lib/armv7-m\libc.a(lib_a-malloc.o)
                              ./src/cr_cpp_config.o (malloc)
c:/nxp/lpcxpresso_7.5.0_254/lpcxpresso/tools/bin/../lib/gcc/arm-none-eabi/4.8.4/../../../../arm-none-eabi/lib/armv7-m\libc.a(lib_a-mallocr.o)
                              c:/nxp/lpcxpresso_7.5.0_254/lpcxpresso/tools/bin/../lib/gcc/arm-none-eabi/4.8.4/../../../../arm-none-eabi/lib/armv7-m\libc.a(lib_a-malloc.o) (_malloc_r)
c:/nxp/lpcxpresso_7.5.0_254/lpcxpresso/tools/bin/../lib/gcc/arm-none-eabi/4.8.4/../../../../arm-none-eabi/lib/armv7-m\libc.a(lib_a-mlock.o)
                              c:/nxp/lpcxpresso_7.5.0_254/lpcxpresso/tools/bin/../lib/gcc/arm-none-eabi/4.8.4/../../../../arm-none-eabi/lib/armv7-m\libc.a(lib_a-mallocr.o) (__malloc_lock)
c:/nxp/lpcxpresso_7.5.0_254/lpcxpresso/tools/bin/../lib/gcc/arm-none-eabi/4.8.4/../../../../arm-none-eabi/lib/armv7-m\libc.a(lib_a-rand.o)
                              ./src/LEDCube.o (srand)
c:/nxp/lpcxpresso_7.5.0_254/lpcxpresso/tools/bin/../lib/gcc/arm-none-eabi/4.8.4/../../../../arm-none-eabi/lib/armv7-m\libc.a(lib_a-sbrkr.o)
                              c:/nxp/lpcxpresso_7.5.0_254/lpcxpresso/tools/bin/../lib/gcc/arm-none-eabi/4.8.4/../../../../arm-none-eabi/lib/armv7-m\libc.a(lib_a-mallocr.o) (_sbrk_r)
c:/nxp/lpcxpresso_7.5.0_254/lpcxpresso/tools/bin/../lib/gcc/arm-none-eabi/4.8.4/../../../../arm-none-eabi/lib/armv7-m\libc.a(lib_a-freer.o)
                              c:/nxp/lpcxpresso_7.5.0_254/lpcxpresso/tools/bin/../lib/gcc/arm-none-eabi/4.8.4/../../../../arm-none-eabi/lib/armv7-m\libc.a(lib_a-malloc.o) (_free_r)
c:/nxp/lpcxpresso_7.5.0_254/lpcxpresso/tools/bin/../lib/gcc/arm-none-eabi/4.8.4/../../../../arm-none-eabi/lib/armv7-m\libc.a(lib_a-impure.o)
                              c:/nxp/lpcxpresso_7.5.0_254/lpcxpresso/tools/bin/../lib/gcc/arm-none-eabi/4.8.4/../../../../arm-none-eabi/lib/armv7-m\libc.a(lib_a-malloc.o) (_impure_ptr)
c:/nxp/lpcxpresso_7.5.0_254/lpcxpresso/tools/bin/../lib/gcc/arm-none-eabi/4.8.4/../../../../arm-none-eabi/lib/armv7-m\libc.a(lib_a-reent.o)
                              c:/nxp/lpcxpresso_7.5.0_254/lpcxpresso/tools/bin/../lib/gcc/arm-none-eabi/4.8.4/../../../../arm-none-eabi/lib/armv7-m\libc.a(lib_a-sbrkr.o) (errno)
c:/nxp/lpcxpresso_7.5.0_254/lpcxpresso/tools/bin/../lib/gcc/arm-none-eabi/4.8.4/../../../../arm-none-eabi/lib/armv7-m\libm.a(lib_a-s_cos.o)
                              ./src/driver.o (cos)
c:/nxp/lpcxpresso_7.5.0_254/lpcxpresso/tools/bin/../lib/gcc/arm-none-eabi/4.8.4/../../../../arm-none-eabi/lib/armv7-m\libm.a(lib_a-s_sin.o)
                              ./src/driver.o (sin)
c:/nxp/lpcxpresso_7.5.0_254/lpcxpresso/tools/bin/../lib/gcc/arm-none-eabi/4.8.4/../../../../arm-none-eabi/lib/armv7-m\libm.a(lib_a-e_rem_pio2.o)
                              c:/nxp/lpcxpresso_7.5.0_254/lpcxpresso/tools/bin/../lib/gcc/arm-none-eabi/4.8.4/../../../../arm-none-eabi/lib/armv7-m\libm.a(lib_a-s_cos.o) (__ieee754_rem_pio2)
[...]
Memory Configuration

Name             Origin             Length             Attributes
MFlash64         0x00000000         0x00010000         xr
RamLoc8          0x10000000         0x00002000         xrw
RamUsb2          0x20004000         0x00000800         xrw
RamPeriph2       0x20000000         0x00000800         xrw
*default*        0x00000000         0xffffffff

Linker script and memory map

LOAD ./src/LEDCube.o
LOAD ./src/animations.o
LOAD ./src/cr_cpp_config.o
LOAD ./src/cr_startup_lpc13uxx.o
LOAD ./src/crp.o
LOAD ./src/driver.o
LOAD C:\Users\Stcupp\Documents\LPCXpresso_7.5.0_254\LEDCUBE2\CMSIS_CORE_LPC13Uxx\Debug\libCMSIS_CORE_LPC13Uxx.a
START GROUP
LOAD c:/nxp/lpcxpresso_7.5.0_254/lpcxpresso/tools/bin/../lib/gcc/arm-none-eabi/4.8.4/armv7-m\libgcc.a
LOAD c:/nxp/lpcxpresso_7.5.0_254/lpcxpresso/tools/bin/../lib/gcc/arm-none-eabi/4.8.4/../../../../arm-none-eabi/lib/armv7-m\libc.a
LOAD c:/nxp/lpcxpresso_7.5.0_254/lpcxpresso/tools/bin/../lib/gcc/arm-none-eabi/4.8.4/../../../../arm-none-eabi/lib/armv7-m\libstdc++.a
LOAD c:/nxp/lpcxpresso_7.5.0_254/lpcxpresso/tools/bin/../lib/gcc/arm-none-eabi/4.8.4/../../../../arm-none-eabi/lib/armv7-m\libm.a
LOAD c:/nxp/lpcxpresso_7.5.0_254/lpcxpresso/tools/bin/../lib/gcc/arm-none-eabi/4.8.4/../../../../arm-none-eabi/lib/armv7-m\libcr_newlib_nohost.a
LOAD c:/nxp/lpcxpresso_7.5.0_254/lpcxpresso/tools/bin/../lib/gcc/arm-none-eabi/4.8.4/armv7-m\crti.o
LOAD c:/nxp/lpcxpresso_7.5.0_254/lpcxpresso/tools/bin/../lib/gcc/arm-none-eabi/4.8.4/armv7-m\crtn.o
LOAD c:/nxp/lpcxpresso_7.5.0_254/lpcxpresso/tools/bin/../lib/gcc/arm-none-eabi/4.8.4/armv7-m\crtbegin.o
LOAD c:/nxp/lpcxpresso_7.5.0_254/lpcxpresso/tools/bin/../lib/gcc/arm-none-eabi/4.8.4/armv7-m\crtend.o
END GROUP
                0x00010000                __top_MFlash64 = 0x10000
                0x10002000                __top_RamLoc8 = 0x10002000
                0x20004800                __top_RamUsb2 = 0x20004800
                0x20000800                __top_RamPeriph2 = 0x20000800

.text           0x00000000     0x689c
 FILL mask 0xff
                0x00000000                __vectors_start__ = ABSOLUTE (.)
 *(.isr_vector)
 .isr_vector    0x00000000       0xc0 ./src/cr_startup_lpc13uxx.o
                0x00000000                g_pfnVectors
                0x000000c0                . = ALIGN (0x4)
                0x000000c0                __section_table_start = .
                0x000000c0                __data_section_table = .
                0x000000c0        0x4 LONG 0x689c LOADADDR (.data)
                0x000000c4        0x4 LONG 0x10000000 ADDR (.data)
                0x000000c8        0x4 LONG 0x434 SIZEOF (.data)
                0x000000cc        0x4 LONG 0x689c LOADADDR (.data_RAM2)
                0x000000d0        0x4 LONG 0x20004000 ADDR (.data_RAM2)
                0x000000d4        0x4 LONG 0x0 SIZEOF (.data_RAM2)
                0x000000d8        0x4 LONG 0x689c LOADADDR (.data_RAM3)
                0x000000dc        0x4 LONG 0x20000000 ADDR (.data_RAM3)
                0x000000e0        0x4 LONG 0x0 SIZEOF (.data_RAM3)
                0x000000e4                __data_section_table_end = .
                0x000000e4                __bss_section_table = .
                0x000000e4        0x4 LONG 0x10000434 ADDR (.bss)
                0x000000e8        0x4 LONG 0x780 SIZEOF (.bss)
                0x000000ec        0x4 LONG 0x20004000 ADDR (.bss_RAM2)
                0x000000f0        0x4 LONG 0x0 SIZEOF (.bss_RAM2)
                0x000000f4        0x4 LONG 0x20000000 ADDR (.bss_RAM3)
                0x000000f8        0x4 LONG 0x0 SIZEOF (.bss_RAM3)
                0x000000fc                __bss_section_table_end = .
                0x000000fc                __section_table_end = .
 *(.after_vectors*)
 .after_vectors
                0x000000fc      0x148 ./src/cr_startup_lpc13uxx.o
                0x000000fc                data_init(unsigned int, unsigned int, unsigned int)
                0x00000140                bss_init(unsigned int, unsigned int)
                0x00000178                ResetISR
                0x000001f4                NMI_Handler
                0x000001fc                HardFault_Handler
                0x00000204                MemManage_Handler
                0x0000020c                BusFault_Handler
                0x00000214                UsageFault_Handler
                0x0000021c                SVC_Handler
                0x00000224                DebugMon_Handler
                0x0000022c                PendSV_Handler
                0x0000023c                USBWakeup_IRQHandler
                0x0000023c                CT32B1_IRQHandler
                0x0000023c                PVTCIRCUIT_IRQHandler
                0x0000023c                IntDefaultHandler
                0x0000023c                ADC_IRQHandler
                0x0000023c                SSP1_IRQHandler
                0x0000023c                CT16B1_IRQHandler
                0x0000023c                USB_IRQHandler
                0x0000023c                BOD_IRQHandler
                0x0000023c                I2C_IRQHandler
                0x0000023c                OSCFAIL_IRQHandler
                0x0000023c                USART_IRQHandler
                0x0000023c                WDT_IRQHandler
                0x0000023c                CT16B0_IRQHandler
                0x0000023c                CT32B0_IRQHandler
                0x0000023c                SSP0_IRQHandler
                0x0000023c                USB_FIQHandler
                0x0000023c                FMC_IRQHandler
                0x000002fc                . = 0x2fc
 *fill*         0x00000244       0xb8 ff
                0x000002fc                PROVIDE (__CRP_WORD_START__, .)
 *(.crp)
 .crp           0x000002fc        0x4 ./src/crp.o
                0x000002fc                CRP_WORD
                0x00000300                PROVIDE (__CRP_WORD_END__, .)
                0x00000001                ASSERT (! ((__CRP_WORD_START__ == __CRP_WORD_END__)), Linker CRP Enabled, but no CRP_WORD provided within application)
 *(.text*)
 .text.NVIC_SetPriority
                0x00000300       0x54 ./src/LEDCube.o
 .text.SysTick_Config
                0x00000354       0x44 ./src/LEDCube.o
 .text.Delay    0x00000398       0x2c ./src/LEDCube.o
                0x00000398                Delay
 .text.SysTick_Handler
                0x000003c4       0x1c ./src/LEDCube.o
                0x000003c4                SysTick_Handler
 .text.main     0x000003e0      0x13c ./src/LEDCube.o
                0x000003e0                main
 .text.Light_LED
                0x0000051c       0x98 ./src/animations.o
                0x0000051c                Light_LED
 .text.Light_Column
                0x000005b4       0x3c ./src/animations.o
                0x000005b4                Light_Column
 .text.Light_Layer
                0x000005f0       0x4c ./src/animations.o
                0x000005f0                Light_Layer
 .text.Light_RowX
                0x0000063c       0x6c ./src/animations.o
                0x0000063c                Light_RowX
 .text.Light_RowY
                0x000006a8       0x6c ./src/animations.o
                0x000006a8                Light_RowY
 .text.Fill_Cube
                0x00000714      0x304 ./src/animations.o
                0x00000714                Fill_Cube
 .text.Clear_Cube
                0x00000a18       0x58 ./src/animations.o
                0x00000a18                Clear_Cube
 .text.Lines    0x00000a70      0x40c ./src/animations.o
                0x00000a70                Lines
 .text.Lines2   0x00000e7c      0xcdc ./src/animations.o
                0x00000e7c                Lines2
 .text.Random   0x00001b58      0x118 ./src/animations.o
                0x00001b58                Random
 .text.Test     0x00001c70      0x858 ./src/animations.o
                0x00001c70                Test
 .text.Fill_Cube_A
                0x000024c8       0xac ./src/animations.o
                0x000024c8                Fill_Cube_A
 .text.Rain     0x00002574      0x5a0 ./src/animations.o
                0x00002574                Rain
 .text.Cube     0x00002b14      0x25c ./src/animations.o
                0x00002b14                Cube
 .text.Spin     0x00002d70      0x504 ./src/animations.o
                0x00002d70                Spin
 .text.Zoom     0x00003274      0x234 ./src/animations.o
                0x00003274                Zoom
 .text.Zoom2    0x000034a8      0x254 ./src/animations.o
                0x000034a8                Zoom2
 .text.NVIC_EnableIRQ
                0x000036fc       0x30 ./src/driver.o
 .text.NVIC_ClearPendingIRQ
                0x0000372c       0x34 ./src/driver.o
 .text.Disable_Layer
                0x00003760       0x10 ./src/driver.o
                0x00003760                Disable_Layer
 .text.Enable_Layer
                0x00003770       0x5c ./src/driver.o
                0x00003770                Enable_Layer
 .text.Setup_GPIO
                0x000037cc       0xe4 ./src/driver.o
                0x000037cc                Setup_GPIO
 .text.Setup_RIT
                0x000038b0       0x54 ./src/driver.o
                0x000038b0                Setup_RIT
 .text.OSTIMER_IRQHandler
                0x00003904      0x354 ./src/driver.o
                0x00003904                OSTIMER_IRQHandler
 .text.fill_colour_wheel
                0x00003c58      0x260 ./src/driver.o
                0x00003c58                fill_colour_wheel
 .text.Get_Color
                0x00003eb8       0x40 ./src/driver.o
                0x00003eb8                Get_Color
 .text.RIT_SetCNTRL
                0x00003ef8       0x18 C:\Users\Stcupp\Documents\LPCXpresso_7.5.0_254\LEDCUBE2\CMSIS_CORE_LPC13Uxx\Debug\libCMSIS_CORE_LPC13Uxx.a(RIT.o)
                0x00003ef8                RIT_SetCNTRL
 .text.RIT_SetMask
                0x00003f10       0x10 C:\Users\Stcupp\Documents\LPCXpresso_7.5.0_254\LEDCUBE2\CMSIS_CORE_LPC13Uxx\Debug\libCMSIS_CORE_LPC13Uxx.a(RIT.o)
                0x00003f10                RIT_SetMask
 .text.RIT_SetComp
                0x00003f20       0x10 C:\Users\Stcupp\Documents\LPCXpresso_7.5.0_254\LEDCUBE2\CMSIS_CORE_LPC13Uxx\Debug\libCMSIS_CORE_LPC13Uxx.a(RIT.o)
                0x00003f20                RIT_SetComp
 .text.RIT_SetCount
                0x00003f30        0xc C:\Users\Stcupp\Documents\LPCXpresso_7.5.0_254\LEDCUBE2\CMSIS_CORE_LPC13Uxx\Debug\libCMSIS_CORE_LPC13Uxx.a(RIT.o)
                0x00003f30                RIT_SetCount
 .text.PIN_INT0_IRQHandler
                0x00003f3c       0x6c C:\Users\Stcupp\Documents\LPCXpresso_7.5.0_254\LEDCUBE2\CMSIS_CORE_LPC13Uxx\Debug\libCMSIS_CORE_LPC13Uxx.a(gpio.o)
                0x00003f3c                PIN_INT0_IRQHandler
 .text.PIN_INT1_IRQHandler
                0x00003fa8       0x6c C:\Users\Stcupp\Documents\LPCXpresso_7.5.0_254\LEDCUBE2\CMSIS_CORE_LPC13Uxx\Debug\libCMSIS_CORE_LPC13Uxx.a(gpio.o)
                0x00003fa8                PIN_INT1_IRQHandler
 .text.PIN_INT2_IRQHandler
                0x00004014       0x6c C:\Users\Stcupp\Documents\LPCXpresso_7.5.0_254\LEDCUBE2\CMSIS_CORE_LPC13Uxx\Debug\libCMSIS_CORE_LPC13Uxx.a(gpio.o)
                0x00004014                PIN_INT2_IRQHandler
 .text.PIN_INT3_IRQHandler
                0x00004080       0x6c C:\Users\Stcupp\Documents\LPCXpresso_7.5.0_254\LEDCUBE2\CMSIS_CORE_LPC13Uxx\Debug\libCMSIS_CORE_LPC13Uxx.a(gpio.o)
                0x00004080                PIN_INT3_IRQHandler
 .text.PIN_INT4_IRQHandler
                0x000040ec       0x6c C:\Users\Stcupp\Documents\LPCXpresso_7.5.0_254\LEDCUBE2\CMSIS_CORE_LPC13Uxx\Debug\libCMSIS_CORE_LPC13Uxx.a(gpio.o)
                0x000040ec                PIN_INT4_IRQHandler
 .text.PIN_INT5_IRQHandler
                0x00004158       0x6c C:\Users\Stcupp\Documents\LPCXpresso_7.5.0_254\LEDCUBE2\CMSIS_CORE_LPC13Uxx\Debug\libCMSIS_CORE_LPC13Uxx.a(gpio.o)
                0x00004158                PIN_INT5_IRQHandler
 .text.PIN_INT6_IRQHandler
                0x000041c4       0x6c C:\Users\Stcupp\Documents\LPCXpresso_7.5.0_254\LEDCUBE2\CMSIS_CORE_LPC13Uxx\Debug\libCMSIS_CORE_LPC13Uxx.a(gpio.o)
                0x000041c4                PIN_INT6_IRQHandler
 .text.PIN_INT7_IRQHandler
                0x00004230       0x6c C:\Users\Stcupp\Documents\LPCXpresso_7.5.0_254\LEDCUBE2\CMSIS_CORE_LPC13Uxx\Debug\libCMSIS_CORE_LPC13Uxx.a(gpio.o)
                0x00004230                PIN_INT7_IRQHandler
 .text.GINT0_IRQHandler
                0x0000429c       0x3c C:\Users\Stcupp\Documents\LPCXpresso_7.5.0_254\LEDCUBE2\CMSIS_CORE_LPC13Uxx\Debug\libCMSIS_CORE_LPC13Uxx.a(gpio.o)
                0x0000429c                GINT0_IRQHandler
 .text.GINT1_IRQHandler
                0x000042d8       0x3c C:\Users\Stcupp\Documents\LPCXpresso_7.5.0_254\LEDCUBE2\CMSIS_CORE_LPC13Uxx\Debug\libCMSIS_CORE_LPC13Uxx.a(gpio.o)
                0x000042d8                GINT1_IRQHandler
 .text.GPIOInit
                0x00004314       0x20 C:\Users\Stcupp\Documents\LPCXpresso_7.5.0_254\LEDCUBE2\CMSIS_CORE_LPC13Uxx\Debug\libCMSIS_CORE_LPC13Uxx.a(gpio.o)
                0x00004314                GPIOInit
 .text.GPIO_SetDir
                0x00004334       0x26 C:\Users\Stcupp\Documents\LPCXpresso_7.5.0_254\LEDCUBE2\CMSIS_CORE_LPC13Uxx\Debug\libCMSIS_CORE_LPC13Uxx.a(gpio.o)
                0x00004334                GPIO_SetDir
 .text.GPIO_SetMask
                0x0000435a        0xe C:\Users\Stcupp\Documents\LPCXpresso_7.5.0_254\LEDCUBE2\CMSIS_CORE_LPC13Uxx\Debug\libCMSIS_CORE_LPC13Uxx.a(gpio.o)
                0x0000435a                GPIO_SetMask
 .text.GPIO_SetMaskValue
                0x00004368        0xe C:\Users\Stcupp\Documents\LPCXpresso_7.5.0_254\LEDCUBE2\CMSIS_CORE_LPC13Uxx\Debug\libCMSIS_CORE_LPC13Uxx.a(gpio.o)
                0x00004368                GPIO_SetMaskValue
 *fill*         0x00004376        0x2 
 .text.SystemInit
                0x00004378       0x90 C:\Users\Stcupp\Documents\LPCXpresso_7.5.0_254\LEDCUBE2\CMSIS_CORE_LPC13Uxx\Debug\libCMSIS_CORE_LPC13Uxx.a(system_LPC13Uxx.o)
                0x00004378                SystemInit
 .text          0x00004408      0x370 c:/nxp/lpcxpresso_7.5.0_254/lpcxpresso/tools/bin/../lib/gcc/arm-none-eabi/4.8.4/armv7-m\libgcc.a(_arm_addsubdf3.o)
                0x00004408                __aeabi_drsub
                0x00004410                __aeabi_dsub
                0x00004410                __subdf3
                0x00004414                __aeabi_dadd
                0x00004414                __adddf3
                0x0000468c                __floatunsidf
                0x0000468c                __aeabi_ui2d
                0x000046ac                __floatsidf
                0x000046ac                __aeabi_i2d
                0x000046d0                __aeabi_f2d
                0x000046d0                __extendsfdf2
                0x0000470c                __floatundidf
                0x0000470c                __aeabi_ul2d
                0x0000471c                __floatdidf
                0x0000471c                __aeabi_l2d
 .text          0x00004778      0x424 c:/nxp/lpcxpresso_7.5.0_254/lpcxpresso/tools/bin/../lib/gcc/arm-none-eabi/4.8.4/armv7-m\libgcc.a(_arm_muldivdf3.o)
                0x00004778                __aeabi_dmul
                0x00004778                __muldf3
                0x000049cc                __divdf3
                0x000049cc                __aeabi_ddiv
 .text          0x00004b9c       0xa0 c:/nxp/lpcxpresso_7.5.0_254/lpcxpresso/tools/bin/../lib/gcc/arm-none-eabi/4.8.4/armv7-m\libgcc.a(_arm_truncdfsf2.o)
                0x00004b9c                __truncdfsf2
                0x00004b9c                __aeabi_d2f
 .text          0x00004c3c      0x21c c:/nxp/lpcxpresso_7.5.0_254/lpcxpresso/tools/bin/../lib/gcc/arm-none-eabi/4.8.4/armv7-m\libgcc.a(_arm_addsubsf3.o)
                0x00004c3c                __aeabi_frsub
                0x00004c44                __subsf3
                0x00004c44                __aeabi_fsub
                0x00004c48                __aeabi_fadd
                0x00004c48                __addsf3
                0x00004da8                __aeabi_ui2f
                0x00004da8                __floatunsisf
                0x00004db0                __aeabi_i2f
                0x00004db0                __floatsisf
                0x00004dcc                __aeabi_ul2f
                0x00004dcc                __floatundisf
                0x00004ddc                __aeabi_l2f
                0x00004ddc                __floatdisf
 .text          0x00004e58      0x2a0 c:/nxp/lpcxpresso_7.5.0_254/lpcxpresso/tools/bin/../lib/gcc/arm-none-eabi/4.8.4/armv7-m\libgcc.a(_arm_muldivsf3.o)
                0x00004e58                __mulsf3
                0x00004e58                __aeabi_fmul
                0x00004fc0                __aeabi_fdiv
                0x00004fc0                __divsf3
 .text          0x000050f8       0x40 c:/nxp/lpcxpresso_7.5.0_254/lpcxpresso/tools/bin/../lib/gcc/arm-none-eabi/4.8.4/armv7-m\libgcc.a(_arm_fixunssfsi.o)
                0x000050f8                __fixunssfsi
                0x000050f8                __aeabi_f2uiz
 .text.__libc_init_array
                0x00005138       0x50 c:/nxp/lpcxpresso_7.5.0_254/lpcxpresso/tools/bin/../lib/gcc/arm-none-eabi/4.8.4/../../../../arm-none-eabi/lib/armv7-m\libc.a(lib_a-init.o)
                0x00005138                __libc_init_array
 .text.srand    0x00005188       0x10 c:/nxp/lpcxpresso_7.5.0_254/lpcxpresso/tools/bin/../lib/gcc/arm-none-eabi/4.8.4/../../../../arm-none-eabi/lib/armv7-m\libc.a(lib_a-rand.o)
                0x00005188                srand
 .text.rand     0x00005198       0x40 c:/nxp/lpcxpresso_7.5.0_254/lpcxpresso/tools/bin/../lib/gcc/arm-none-eabi/4.8.4/../../../../arm-none-eabi/lib/armv7-m\libc.a(lib_a-rand.o)
                0x00005198                rand
 .text.cos      0x000051d8       0x8c c:/nxp/lpcxpresso_7.5.0_254/lpcxpresso/tools/bin/../lib/gcc/arm-none-eabi/4.8.4/../../../../arm-none-eabi/lib/armv7-m\libm.a(lib_a-s_cos.o)
                0x000051d8                cos
 .text.sin      0x00005264       0x94 c:/nxp/lpcxpresso_7.5.0_254/lpcxpresso/tools/bin/../lib/gcc/arm-none-eabi/4.8.4/../../../../arm-none-eabi/lib/armv7-m\libm.a(lib_a-s_sin.o)
                0x00005264                sin
 .text.__ieee754_rem_pio2
                0x000052f8      0x440 c:/nxp/lpcxpresso_7.5.0_254/lpcxpresso/tools/bin/../lib/gcc/arm-none-eabi/4.8.4/../../../../arm-none-eabi/lib/armv7-m\libm.a(lib_a-e_rem_pio2.o)
                0x000052f8                __ieee754_rem_pio2
 .text.__kernel_cos
                0x00005738      0x248 c:/nxp/lpcxpresso_7.5.0_254/lpcxpresso/tools/bin/../lib/gcc/arm-none-eabi/4.8.4/../../../../arm-none-eabi/lib/armv7-m\libm.a(lib_a-k_cos.o)
                0x00005738                __kernel_cos
 .text.__kernel_rem_pio2
                0x00005980      0x7bc c:/nxp/lpcxpresso_7.5.0_254/lpcxpresso/tools/bin/../lib/gcc/arm-none-eabi/4.8.4/../../../../arm-none-eabi/lib/armv7-m\libm.a(lib_a-k_rem_pio2.o)
                0x00005980                __kernel_rem_pio2
 *fill*         0x0000613c        0x4 
 .text.__kernel_sin
                0x00006140      0x170 c:/nxp/lpcxpresso_7.5.0_254/lpcxpresso/tools/bin/../lib/gcc/arm-none-eabi/4.8.4/../../../../arm-none-eabi/lib/armv7-m\libm.a(lib_a-k_sin.o)
                0x00006140                __kernel_sin
 .text.fabs     0x000062b0        0x8 c:/nxp/lpcxpresso_7.5.0_254/lpcxpresso/tools/bin/../lib/gcc/arm-none-eabi/4.8.4/../../../../arm-none-eabi/lib/armv7-m\libm.a(lib_a-s_fabs.o)
                0x000062b0                fabs
 .text.floor    0x000062b8      0x120 c:/nxp/lpcxpresso_7.5.0_254/lpcxpresso/tools/bin/../lib/gcc/arm-none-eabi/4.8.4/../../../../arm-none-eabi/lib/armv7-m\libm.a(lib_a-s_floor.o)
                0x000062b8                floor
 .text.scalbn   0x000063d8      0x100 c:/nxp/lpcxpresso_7.5.0_254/lpcxpresso/tools/bin/../lib/gcc/arm-none-eabi/4.8.4/../../../../arm-none-eabi/lib/armv7-m\libm.a(lib_a-s_scalbn.o)
                0x000063d8                scalbn
 .text.copysign
                0x000064d8       0x14 c:/nxp/lpcxpresso_7.5.0_254/lpcxpresso/tools/bin/../lib/gcc/arm-none-eabi/4.8.4/../../../../arm-none-eabi/lib/armv7-m\libm.a(lib_a-s_copysign.o)
                0x000064d8                copysign
 .text          0x000064ec       0x54 c:/nxp/lpcxpresso_7.5.0_254/lpcxpresso/tools/bin/../lib/gcc/arm-none-eabi/4.8.4/armv7-m\crtbegin.o
 .text          0x00006540      0x110 c:/nxp/lpcxpresso_7.5.0_254/lpcxpresso/tools/bin/../lib/gcc/arm-none-eabi/4.8.4/armv7-m\libgcc.a(_arm_cmpdf2.o)
                0x00006540                __gtdf2
                0x00006540                __gedf2
                0x00006548                __ltdf2
                0x00006548                __ledf2
                0x00006550                __nedf2
                0x00006550                __eqdf2
                0x00006550                __cmpdf2
                0x000065cc                __aeabi_cdrcmple
                0x000065dc                __aeabi_cdcmpeq
                0x000065dc                __aeabi_cdcmple
                0x000065ec                __aeabi_dcmpeq
                0x00006600                __aeabi_dcmplt
                0x00006614                __aeabi_dcmple
                0x00006628                __aeabi_dcmpge
                0x0000663c                __aeabi_dcmpgt
 .text          0x00006650       0x50 c:/nxp/lpcxpresso_7.5.0_254/lpcxpresso/tools/bin/../lib/gcc/arm-none-eabi/4.8.4/armv7-m\libgcc.a(_arm_fixdfsi.o)
                0x00006650                __aeabi_d2iz
                0x00006650                __fixdfsi
 *(.rodata .rodata.* .constdata .constdata.*)
 .rodata.str1.4
                0x000066a0        0x4 c:/nxp/lpcxpresso_7.5.0_254/lpcxpresso/tools/bin/../lib/gcc/arm-none-eabi/4.8.4/../../../../arm-none-eabi/lib/armv7-m\libc.a(lib_a-impure.o)
 .rodata.npio2_hw
                0x000066a4       0x80 c:/nxp/lpcxpresso_7.5.0_254/lpcxpresso/tools/bin/../lib/gcc/arm-none-eabi/4.8.4/../../../../arm-none-eabi/lib/armv7-m\libm.a(lib_a-e_rem_pio2.o)
 .rodata.two_over_pi
                0x00006724      0x108 c:/nxp/lpcxpresso_7.5.0_254/lpcxpresso/tools/bin/../lib/gcc/arm-none-eabi/4.8.4/../../../../arm-none-eabi/lib/armv7-m\libm.a(lib_a-e_rem_pio2.o)
 .rodata.init_jk
                0x0000682c       0x10 c:/nxp/lpcxpresso_7.5.0_254/lpcxpresso/tools/bin/../lib/gcc/arm-none-eabi/4.8.4/../../../../arm-none-eabi/lib/armv7-m\libm.a(lib_a-k_rem_pio2.o)
 *fill*         0x0000683c        0x4 
 .rodata.PIo2   0x00006840       0x40 c:/nxp/lpcxpresso_7.5.0_254/lpcxpresso/tools/bin/../lib/gcc/arm-none-eabi/4.8.4/../../../../arm-none-eabi/lib/armv7-m\libm.a(lib_a-k_rem_pio2.o)
                0x00006880                . = ALIGN (0x4)
                0x00006880                . = ALIGN (0x4)
 *(.init)
 .init          0x00006880        0x4 c:/nxp/lpcxpresso_7.5.0_254/lpcxpresso/tools/bin/../lib/gcc/arm-none-eabi/4.8.4/armv7-m\crti.o
                0x00006880                _init
 .init          0x00006884        0x8 c:/nxp/lpcxpresso_7.5.0_254/lpcxpresso/tools/bin/../lib/gcc/arm-none-eabi/4.8.4/armv7-m\crtn.o
                0x0000688c                . = ALIGN (0x4)
                0x0000688c                __preinit_array_start = .
 *(.preinit_array)
                0x0000688c                __preinit_array_end = .
                0x0000688c                . = ALIGN (0x4)
                0x0000688c                __init_array_start = .
 *(SORT(.init_array.*))
 *(.init_array)
 .init_array    0x0000688c        0x4 c:/nxp/lpcxpresso_7.5.0_254/lpcxpresso/tools/bin/../lib/gcc/arm-none-eabi/4.8.4/armv7-m\crtbegin.o
                0x00006890                __init_array_end = .
 *(.fini)
 .fini          0x00006890        0x4 c:/nxp/lpcxpresso_7.5.0_254/lpcxpresso/tools/bin/../lib/gcc/arm-none-eabi/4.8.4/armv7-m\crti.o
                0x00006890                _fini
 .fini          0x00006894        0x8 c:/nxp/lpcxpresso_7.5.0_254/lpcxpresso/tools/bin/../lib/gcc/arm-none-eabi/4.8.4/armv7-m\crtn.o
                0x0000689c                . = ALIGN (0x4)
 *crtbegin.o(.ctors)
 *(EXCLUDE_FILE(*crtend.o) .ctors)
 *(SORT(.ctors.*))
 *crtend.o(.ctors)
                0x0000689c                . = ALIGN (0x4)
 *crtbegin.o(.dtors)
 *(EXCLUDE_FILE(*crtend.o) .dtors)
 *(SORT(.dtors.*))
 *crtend.o(.dtors)
                0x0000689c                . = ALIGN (0x4)

.glue_7         0x0000689c        0x0
 .glue_7        0x00000000        0x0 linker stubs

.glue_7t        0x0000689c        0x0
 .glue_7t       0x00000000        0x0 linker stubs

.vfp11_veneer   0x0000689c        0x0
 .vfp11_veneer  0x00000000        0x0 linker stubs

.v4_bx          0x0000689c        0x0
 .v4_bx         0x00000000        0x0 linker stubs

.iplt           0x0000689c        0x0
 .iplt          0x00000000        0x0 ./src/LEDCube.o

.rel.dyn        0x0000689c        0x0
 .rel.iplt      0x00000000        0x0 ./src/LEDCube.o

.eh_frame       0x0000689c        0x0
 .eh_frame      0x0000689c        0x0 c:/nxp/lpcxpresso_7.5.0_254/lpcxpresso/tools/bin/../lib/gcc/arm-none-eabi/4.8.4/armv7-m\crtbegin.o

.ARM.extab
 *(.ARM.extab* .gnu.linkonce.armextab.*)
                0x0000689c                __exidx_start = .

.ARM.exidx
 *(.ARM.exidx* .gnu.linkonce.armexidx.*)
                0x0000689c                __exidx_end = .
                0x0000689c                _etext = .

.data_RAM2      0x20004000        0x0 load address 0x0000689c
 FILL mask 0xff
 *(.ramfunc.$RAM2)
 *(.ramfunc.$RamUsb2)
 *(.data.$RAM2*)
 *(.data.$RamUsb2*)
                0x20004000                . = ALIGN (0x4)

.data_RAM3      0x20000000        0x0 load address 0x0000689c
 FILL mask 0xff
 *(.ramfunc.$RAM3)
 *(.ramfunc.$RamPeriph2)
 *(.data.$RAM3*)
 *(.data.$RamPeriph2*)
                0x20000000                . = ALIGN (0x4)

.uninit_RESERVED
                0x10000000        0x0
 *(.bss.$RESERVED*)
                0x10000000                . = ALIGN (0x4)
                0x10000000                _end_uninit_RESERVED = .

.data           0x10000000      0x434 load address 0x0000689c
 FILL mask 0xff
                0x10000000                _data = .
 *(vtable)
 *(.ramfunc*)
 *(.data*)
 .data.SystemCoreClock
                0x10000000        0x4 C:\Users\Stcupp\Documents\LPCXpresso_7.5.0_254\LEDCUBE2\CMSIS_CORE_LPC13Uxx\Debug\libCMSIS_CORE_LPC13Uxx.a(system_LPC13Uxx.o)
                0x10000000                SystemCoreClock
 *fill*         0x10000004        0x4 
 .data.impure_data
                0x10000008      0x428 c:/nxp/lpcxpresso_7.5.0_254/lpcxpresso/tools/bin/../lib/gcc/arm-none-eabi/4.8.4/../../../../arm-none-eabi/lib/armv7-m\libc.a(lib_a-impure.o)
 .data._impure_ptr
                0x10000430        0x4 c:/nxp/lpcxpresso_7.5.0_254/lpcxpresso/tools/bin/../lib/gcc/arm-none-eabi/4.8.4/../../../../arm-none-eabi/lib/armv7-m\libc.a(lib_a-impure.o)
                0x10000430                _impure_ptr
                0x10000434                . = ALIGN (0x4)
                0x10000434                _edata = .

.igot.plt       0x10000434        0x0 load address 0x00006cd0
 .igot.plt      0x00000000        0x0 ./src/LEDCube.o

.jcr            0x10000434        0x0 load address 0x00006cd0
 .jcr           0x10000434        0x0 c:/nxp/lpcxpresso_7.5.0_254/lpcxpresso/tools/bin/../lib/gcc/arm-none-eabi/4.8.4/armv7-m\crtbegin.o

.bss_RAM2       0x20004000        0x0
 *(.bss.$RAM2*)
 *(.bss.$RamUsb2*)
                0x20004000                . = ALIGN (0x4)

.bss_RAM3       0x20000000        0x0
 *(.bss.$RAM3*)
 *(.bss.$RamPeriph2*)
                0x20000000                . = ALIGN (0x4)

.bss            0x10000434      0x780
                0x10000434                _bss = .
 *(.bss*)
 .bss.msTicks   0x10000434        0x4 ./src/LEDCube.o
                0x10000434                msTicks
 .bss.Layer_Count
                0x10000438        0x1 ./src/driver.o
                0x10000438                Layer_Count
 .bss.INT_Count
                0x10000439        0x1 ./src/driver.o
                0x10000439                INT_Count
 .bss.Color_Count
                0x1000043a        0x2 ./src/driver.o
                0x1000043a                Color_Count
 .bss.pin_int7_rising_edge_counter
                0x1000043c        0x4 C:\Users\Stcupp\Documents\LPCXpresso_7.5.0_254\LEDCUBE2\CMSIS_CORE_LPC13Uxx\Debug\libCMSIS_CORE_LPC13Uxx.a(gpio.o)
                0x1000043c                pin_int7_rising_edge_counter
 .bss.pin_int5_rising_edge_counter
                0x10000440        0x4 C:\Users\Stcupp\Documents\LPCXpresso_7.5.0_254\LEDCUBE2\CMSIS_CORE_LPC13Uxx\Debug\libCMSIS_CORE_LPC13Uxx.a(gpio.o)
                0x10000440                pin_int5_rising_edge_counter
 .bss.pin_int6_level_counter
                0x10000444        0x4 C:\Users\Stcupp\Documents\LPCXpresso_7.5.0_254\LEDCUBE2\CMSIS_CORE_LPC13Uxx\Debug\libCMSIS_CORE_LPC13Uxx.a(gpio.o)
                0x10000444                pin_int6_level_counter
 .bss.pin_int1_level_counter
                0x10000448        0x4 C:\Users\Stcupp\Documents\LPCXpresso_7.5.0_254\LEDCUBE2\CMSIS_CORE_LPC13Uxx\Debug\libCMSIS_CORE_LPC13Uxx.a(gpio.o)
                0x10000448                pin_int1_level_counter
 .bss.pin_int2_falling_edge_counter
                0x1000044c        0x4 C:\Users\Stcupp\Documents\LPCXpresso_7.5.0_254\LEDCUBE2\CMSIS_CORE_LPC13Uxx\Debug\libCMSIS_CORE_LPC13Uxx.a(gpio.o)
                0x1000044c                pin_int2_falling_edge_counter
 .bss.pin_int1_rising_edge_counter
                0x10000450        0x4 C:\Users\Stcupp\Documents\LPCXpresso_7.5.0_254\LEDCUBE2\CMSIS_CORE_LPC13Uxx\Debug\libCMSIS_CORE_LPC13Uxx.a(gpio.o)
                0x10000450                pin_int1_rising_edge_counter
 .bss.pin_int5_falling_edge_counter
                0x10000454        0x4 C:\Users\Stcupp\Documents\LPCXpresso_7.5.0_254\LEDCUBE2\CMSIS_CORE_LPC13Uxx\Debug\libCMSIS_CORE_LPC13Uxx.a(gpio.o)
                0x10000454                pin_int5_falling_edge_counter
 .bss.pin_int1_counter
                0x10000458        0x4 C:\Users\Stcupp\Documents\LPCXpresso_7.5.0_254\LEDCUBE2\CMSIS_CORE_LPC13Uxx\Debug\libCMSIS_CORE_LPC13Uxx.a(gpio.o)
                0x10000458                pin_int1_counter
 .bss.pin_int7_counter
                0x1000045c        0x4 C:\Users\Stcupp\Documents\LPCXpresso_7.5.0_254\LEDCUBE2\CMSIS_CORE_LPC13Uxx\Debug\libCMSIS_CORE_LPC13Uxx.a(gpio.o)
                0x1000045c                pin_int7_counter
 .bss.pin_int7_level_counter
                0x10000460        0x4 C:\Users\Stcupp\Documents\LPCXpresso_7.5.0_254\LEDCUBE2\CMSIS_CORE_LPC13Uxx\Debug\libCMSIS_CORE_LPC13Uxx.a(gpio.o)
                0x10000460                pin_int7_level_counter
 .bss.pin_int5_level_counter
                0x10000464        0x4 C:\Users\Stcupp\Documents\LPCXpresso_7.5.0_254\LEDCUBE2\CMSIS_CORE_LPC13Uxx\Debug\libCMSIS_CORE_LPC13Uxx.a(gpio.o)
                0x10000464                pin_int5_level_counter
 .bss.pin_int4_counter
                0x10000468        0x4 C:\Users\Stcupp\Documents\LPCXpresso_7.5.0_254\LEDCUBE2\CMSIS_CORE_LPC13Uxx\Debug\libCMSIS_CORE_LPC13Uxx.a(gpio.o)
                0x10000468                pin_int4_counter
 .bss.gint1_counter
                0x1000046c        0x4 C:\Users\Stcupp\Documents\LPCXpresso_7.5.0_254\LEDCUBE2\CMSIS_CORE_LPC13Uxx\Debug\libCMSIS_CORE_LPC13Uxx.a(gpio.o)
                0x1000046c                gint1_counter
 .bss.pin_int0_falling_edge_counter
                0x10000470        0x4 C:\Users\Stcupp\Documents\LPCXpresso_7.5.0_254\LEDCUBE2\CMSIS_CORE_LPC13Uxx\Debug\libCMSIS_CORE_LPC13Uxx.a(gpio.o)
                0x10000470                pin_int0_falling_edge_counter
 .bss.gint0_edge_counter
                0x10000474        0x4 C:\Users\Stcupp\Documents\LPCXpresso_7.5.0_254\LEDCUBE2\CMSIS_CORE_LPC13Uxx\Debug\libCMSIS_CORE_LPC13Uxx.a(gpio.o)
                0x10000474                gint0_edge_counter
 .bss.gint1_level_counter
                0x10000478        0x4 C:\Users\Stcupp\Documents\LPCXpresso_7.5.0_254\LEDCUBE2\CMSIS_CORE_LPC13Uxx\Debug\libCMSIS_CORE_LPC13Uxx.a(gpio.o)
                0x10000478                gint1_level_counter
 .bss.pin_int4_level_counter
                0x1000047c        0x4 C:\Users\Stcupp\Documents\LPCXpresso_7.5.0_254\LEDCUBE2\CMSIS_CORE_LPC13Uxx\Debug\libCMSIS_CORE_LPC13Uxx.a(gpio.o)
                0x1000047c                pin_int4_level_counter
 .bss.pin_int3_falling_edge_counter
                0x10000480        0x4 C:\Users\Stcupp\Documents\LPCXpresso_7.5.0_254\LEDCUBE2\CMSIS_CORE_LPC13Uxx\Debug\libCMSIS_CORE_LPC13Uxx.a(gpio.o)
                0x10000480                pin_int3_falling_edge_counter
 .bss.gint0_level_counter
                0x10000484        0x4 C:\Users\Stcupp\Documents\LPCXpresso_7.5.0_254\LEDCUBE2\CMSIS_CORE_LPC13Uxx\Debug\libCMSIS_CORE_LPC13Uxx.a(gpio.o)
                0x10000484                gint0_level_counter
 .bss.pin_int6_rising_edge_counter
                0x10000488        0x4 C:\Users\Stcupp\Documents\LPCXpresso_7.5.0_254\LEDCUBE2\CMSIS_CORE_LPC13Uxx\Debug\libCMSIS_CORE_LPC13Uxx.a(gpio.o)
                0x10000488                pin_int6_rising_edge_counter
 .bss.pin_int4_rising_edge_counter
                0x1000048c        0x4 C:\Users\Stcupp\Documents\LPCXpresso_7.5.0_254\LEDCUBE2\CMSIS_CORE_LPC13Uxx\Debug\libCMSIS_CORE_LPC13Uxx.a(gpio.o)
                0x1000048c                pin_int4_rising_edge_counter
 .bss.pin_int6_falling_edge_counter
                0x10000490        0x4 C:\Users\Stcupp\Documents\LPCXpresso_7.5.0_254\LEDCUBE2\CMSIS_CORE_LPC13Uxx\Debug\libCMSIS_CORE_LPC13Uxx.a(gpio.o)
                0x10000490                pin_int6_falling_edge_counter
 .bss.pin_int2_counter
                0x10000494        0x4 C:\Users\Stcupp\Documents\LPCXpresso_7.5.0_254\LEDCUBE2\CMSIS_CORE_LPC13Uxx\Debug\libCMSIS_CORE_LPC13Uxx.a(gpio.o)
                0x10000494                pin_int2_counter
 .bss.pin_int0_level_counter
                0x10000498        0x4 C:\Users\Stcupp\Documents\LPCXpresso_7.5.0_254\LEDCUBE2\CMSIS_CORE_LPC13Uxx\Debug\libCMSIS_CORE_LPC13Uxx.a(gpio.o)
                0x10000498                pin_int0_level_counter
 .bss.pin_int2_rising_edge_counter
                0x1000049c        0x4 C:\Users\Stcupp\Documents\LPCXpresso_7.5.0_254\LEDCUBE2\CMSIS_CORE_LPC13Uxx\Debug\libCMSIS_CORE_LPC13Uxx.a(gpio.o)
                0x1000049c                pin_int2_rising_edge_counter
 .bss.pin_int0_rising_edge_counter
                0x100004a0        0x4 C:\Users\Stcupp\Documents\LPCXpresso_7.5.0_254\LEDCUBE2\CMSIS_CORE_LPC13Uxx\Debug\libCMSIS_CORE_LPC13Uxx.a(gpio.o)
                0x100004a0                pin_int0_rising_edge_counter
 .bss.gint0_counter
                0x100004a4        0x4 C:\Users\Stcupp\Documents\LPCXpresso_7.5.0_254\LEDCUBE2\CMSIS_CORE_LPC13Uxx\Debug\libCMSIS_CORE_LPC13Uxx.a(gpio.o)
                0x100004a4                gint0_counter
 .bss.pin_int5_counter
                0x100004a8        0x4 C:\Users\Stcupp\Documents\LPCXpresso_7.5.0_254\LEDCUBE2\CMSIS_CORE_LPC13Uxx\Debug\libCMSIS_CORE_LPC13Uxx.a(gpio.o)
                0x100004a8                pin_int5_counter
 .bss.pin_int3_level_counter
                0x100004ac        0x4 C:\Users\Stcupp\Documents\LPCXpresso_7.5.0_254\LEDCUBE2\CMSIS_CORE_LPC13Uxx\Debug\libCMSIS_CORE_LPC13Uxx.a(gpio.o)
                0x100004ac                pin_int3_level_counter
 .bss.pin_int7_falling_edge_counter
                0x100004b0        0x4 C:\Users\Stcupp\Documents\LPCXpresso_7.5.0_254\LEDCUBE2\CMSIS_CORE_LPC13Uxx\Debug\libCMSIS_CORE_LPC13Uxx.a(gpio.o)
                0x100004b0                pin_int7_falling_edge_counter
 .bss.gint1_edge_counter
                0x100004b4        0x4 C:\Users\Stcupp\Documents\LPCXpresso_7.5.0_254\LEDCUBE2\CMSIS_CORE_LPC13Uxx\Debug\libCMSIS_CORE_LPC13Uxx.a(gpio.o)
                0x100004b4                gint1_edge_counter
 .bss.pin_int1_falling_edge_counter
                0x100004b8        0x4 C:\Users\Stcupp\Documents\LPCXpresso_7.5.0_254\LEDCUBE2\CMSIS_CORE_LPC13Uxx\Debug\libCMSIS_CORE_LPC13Uxx.a(gpio.o)
                0x100004b8                pin_int1_falling_edge_counter
 .bss.pin_int3_rising_edge_counter
                0x100004bc        0x4 C:\Users\Stcupp\Documents\LPCXpresso_7.5.0_254\LEDCUBE2\CMSIS_CORE_LPC13Uxx\Debug\libCMSIS_CORE_LPC13Uxx.a(gpio.o)
                0x100004bc                pin_int3_rising_edge_counter
 .bss.pin_int4_falling_edge_counter
                0x100004c0        0x4 C:\Users\Stcupp\Documents\LPCXpresso_7.5.0_254\LEDCUBE2\CMSIS_CORE_LPC13Uxx\Debug\libCMSIS_CORE_LPC13Uxx.a(gpio.o)
                0x100004c0                pin_int4_falling_edge_counter
 .bss.pin_int2_level_counter
                0x100004c4        0x4 C:\Users\Stcupp\Documents\LPCXpresso_7.5.0_254\LEDCUBE2\CMSIS_CORE_LPC13Uxx\Debug\libCMSIS_CORE_LPC13Uxx.a(gpio.o)
                0x100004c4                pin_int2_level_counter
 .bss.pin_int0_counter
                0x100004c8        0x4 C:\Users\Stcupp\Documents\LPCXpresso_7.5.0_254\LEDCUBE2\CMSIS_CORE_LPC13Uxx\Debug\libCMSIS_CORE_LPC13Uxx.a(gpio.o)
                0x100004c8                pin_int0_counter
 .bss.pin_int3_counter
                0x100004cc        0x4 C:\Users\Stcupp\Documents\LPCXpresso_7.5.0_254\LEDCUBE2\CMSIS_CORE_LPC13Uxx\Debug\libCMSIS_CORE_LPC13Uxx.a(gpio.o)
                0x100004cc                pin_int3_counter
 .bss.pin_int6_counter
                0x100004d0        0x4 C:\Users\Stcupp\Documents\LPCXpresso_7.5.0_254\LEDCUBE2\CMSIS_CORE_LPC13Uxx\Debug\libCMSIS_CORE_LPC13Uxx.a(gpio.o)
                0x100004d0                pin_int6_counter
 .bss           0x100004d4       0x1c c:/nxp/lpcxpresso_7.5.0_254/lpcxpresso/tools/bin/../lib/gcc/arm-none-eabi/4.8.4/armv7-m\crtbegin.o
 *(COMMON)
 COMMON         0x100004f0        0x4 ./src/animations.o
                0x100004f0                Animation_Runtime
 COMMON         0x100004f4      0x6c0 ./src/driver.o
                0x100004f4                Cube_Array
                0x100005b4                Color_Array
                0x10000bb4                . = ALIGN (0x4)
                0x10000bb4                _ebss = .
                0x10000bb4                PROVIDE (end, .)

.noinit_RAM2    0x20004000        0x0
 *(.noinit.$RAM2*)
 *(.noinit.$RamUsb2*)
                0x20004000                . = ALIGN (0x4)

.noinit_RAM3    0x20000000        0x0
 *(.noinit.$RAM3*)
 *(.noinit.$RamPeriph2*)
                0x20000000                . = ALIGN (0x4)

.noinit         0x10000bb4        0x0
                0x10000bb4                _noinit = .
 *(.noinit*)
                0x10000bb4                . = ALIGN (0x4)
                0x10000bb4                _end_noinit = .
                0x10000bb4                PROVIDE (_pvHeapStart, DEFINED (__user_heap_base)?__user_heap_base:.)
                0x10002000                PROVIDE (_vStackTop, DEFINED (__user_stack_top)?__user_stack_top:(__top_RamLoc8 - 0x0))
OUTPUT(LEDCUBE.axf elf32-littlearm)

.debug_info     0x00000000     0x3795
 .debug_info    0x00000000      0x5c9 ./src/LEDCube.o
 .debug_info    0x000005c9      0xb71 ./src/animations.o
 .debug_info    0x0000113a      0x274 ./src/cr_startup_lpc13uxx.o
 .debug_info    0x000013ae       0x3f ./src/crp.o
 .debug_info    0x000013ed      0x8b8 ./src/driver.o
 .debug_info    0x00001ca5      0x244 C:\Users\Stcupp\Documents\LPCXpresso_7.5.0_254\LEDCUBE2\CMSIS_CORE_LPC13Uxx\Debug\libCMSIS_CORE_LPC13Uxx.a(RIT.o)
 .debug_info    0x00001ee9     0x131f C:\Users\Stcupp\Documents\LPCXpresso_7.5.0_254\LEDCUBE2\CMSIS_CORE_LPC13Uxx\Debug\libCMSIS_CORE_LPC13Uxx.a(gpio.o)
 .debug_info    0x00003208      0x58d C:\Users\Stcupp\Documents\LPCXpresso_7.5.0_254\LEDCUBE2\CMSIS_CORE_LPC13Uxx\Debug\libCMSIS_CORE_LPC13Uxx.a(system_LPC13Uxx.o)

.debug_abbrev   0x00000000      0xa50
 .debug_abbrev  0x00000000      0x1ba ./src/LEDCube.o
 .debug_abbrev  0x000001ba      0x178 ./src/animations.o
 .debug_abbrev  0x00000332       0xf8 ./src/cr_startup_lpc13uxx.o
 .debug_abbrev  0x0000042a       0x36 ./src/crp.o
 .debug_abbrev  0x00000460      0x1c9 ./src/driver.o
 .debug_abbrev  0x00000629       0xf3 C:\Users\Stcupp\Documents\LPCXpresso_7.5.0_254\LEDCUBE2\CMSIS_CORE_LPC13Uxx\Debug\libCMSIS_CORE_LPC13Uxx.a(RIT.o)
 .debug_abbrev  0x0000071c      0x22a C:\Users\Stcupp\Documents\LPCXpresso_7.5.0_254\LEDCUBE2\CMSIS_CORE_LPC13Uxx\Debug\libCMSIS_CORE_LPC13Uxx.a(gpio.o)
 .debug_abbrev  0x00000946      0x10a C:\Users\Stcupp\Documents\LPCXpresso_7.5.0_254\LEDCUBE2\CMSIS_CORE_LPC13Uxx\Debug\libCMSIS_CORE_LPC13Uxx.a(system_LPC13Uxx.o)

.debug_aranges  0x00000000      0x328
 .debug_aranges
                0x00000000       0x40 ./src/LEDCube.o
 .debug_aranges
                0x00000040       0xb0 ./src/animations.o
 .debug_aranges
                0x000000f0       0x80 ./src/cr_startup_lpc13uxx.o
 .debug_aranges
                0x00000170       0x18 ./src/crp.o
 .debug_aranges
                0x00000188       0x60 ./src/driver.o
 .debug_aranges
                0x000001e8       0x40 C:\Users\Stcupp\Documents\LPCXpresso_7.5.0_254\LEDCUBE2\CMSIS_CORE_LPC13Uxx\Debug\libCMSIS_CORE_LPC13Uxx.a(RIT.o)
 .debug_aranges
                0x00000228       0xd8 C:\Users\Stcupp\Documents\LPCXpresso_7.5.0_254\LEDCUBE2\CMSIS_CORE_LPC13Uxx\Debug\libCMSIS_CORE_LPC13Uxx.a(gpio.o)
 .debug_aranges
                0x00000300       0x28 C:\Users\Stcupp\Documents\LPCXpresso_7.5.0_254\LEDCUBE2\CMSIS_CORE_LPC13Uxx\Debug\libCMSIS_CORE_LPC13Uxx.a(system_LPC13Uxx.o)

.debug_ranges   0x00000000      0x2a0
 .debug_ranges  0x00000000       0x30 ./src/LEDCube.o
 .debug_ranges  0x00000030       0xa0 ./src/animations.o
 .debug_ranges  0x000000d0       0x70 ./src/cr_startup_lpc13uxx.o
 .debug_ranges  0x00000140       0x50 ./src/driver.o
 .debug_ranges  0x00000190       0x30 C:\Users\Stcupp\Documents\LPCXpresso_7.5.0_254\LEDCUBE2\CMSIS_CORE_LPC13Uxx\Debug\libCMSIS_CORE_LPC13Uxx.a(RIT.o)
 .debug_ranges  0x000001c0       0xc8 C:\Users\Stcupp\Documents\LPCXpresso_7.5.0_254\LEDCUBE2\CMSIS_CORE_LPC13Uxx\Debug\libCMSIS_CORE_LPC13Uxx.a(gpio.o)
 .debug_ranges  0x00000288       0x18 C:\Users\Stcupp\Documents\LPCXpresso_7.5.0_254\LEDCUBE2\CMSIS_CORE_LPC13Uxx\Debug\libCMSIS_CORE_LPC13Uxx.a(system_LPC13Uxx.o)

.debug_macro    0x00000000     0x2fad
 .debug_macro   0x00000000      0x153 ./src/LEDCube.o
 .debug_macro   0x00000153      0x862 ./src/LEDCube.o
 .debug_macro   0x000009b5       0x22 ./src/LEDCube.o
 .debug_macro   0x000009d7       0x3a ./src/LEDCube.o
 .debug_macro   0x00000a11       0x16 ./src/LEDCube.o
 .debug_macro   0x00000a27       0x44 ./src/LEDCube.o
 .debug_macro   0x00000a6b      0x209 ./src/LEDCube.o
 .debug_macro   0x00000c74       0x2d ./src/LEDCube.o
 .debug_macro   0x00000ca1      0xa8b ./src/LEDCube.o
 .debug_macro   0x0000172c      0x11c ./src/LEDCube.o
 .debug_macro   0x00001848       0x58 ./src/LEDCube.o
 .debug_macro   0x000018a0       0x35 ./src/LEDCube.o
 .debug_macro   0x000018d5       0xa2 ./src/LEDCube.o
 .debug_macro   0x00001977       0x16 ./src/LEDCube.o
 .debug_macro   0x0000198d      0x10e ./src/LEDCube.o
 .debug_macro   0x00001a9b       0x7f ./src/LEDCube.o
 .debug_macro   0x00001b1a       0x52 ./src/LEDCube.o
 .debug_macro   0x00001b6c       0x16 ./src/LEDCube.o
 .debug_macro   0x00001b82       0x43 ./src/LEDCube.o
 .debug_macro   0x00001bc5      0x180 ./src/LEDCube.o
 .debug_macro   0x00001d45       0x16 ./src/LEDCube.o
 .debug_macro   0x00001d5b       0x29 ./src/LEDCube.o
 .debug_macro   0x00001d84       0x82 ./src/LEDCube.o
 .debug_macro   0x00001e06       0x4c ./src/LEDCube.o
 .debug_macro   0x00001e52       0xd0 ./src/LEDCube.o
 .debug_macro   0x00001f22      0x137 ./src/animations.o
 .debug_macro   0x00002059       0x1d ./src/cr_startup_lpc13uxx.o
 .debug_macro   0x00002076       0x1a ./src/crp.o
 .debug_macro   0x00002090       0x34 ./src/crp.o
 .debug_macro   0x000020c4      0x11f ./src/driver.o
 .debug_macro   0x000021e3      0x166 ./src/driver.o
 .debug_macro   0x00002349      0x1e1 ./src/driver.o
 .debug_macro   0x0000252a       0x82 C:\Users\Stcupp\Documents\LPCXpresso_7.5.0_254\LEDCUBE2\CMSIS_CORE_LPC13Uxx\Debug\libCMSIS_CORE_LPC13Uxx.a(RIT.o)
 .debug_macro   0x000025ac      0x85c C:\Users\Stcupp\Documents\LPCXpresso_7.5.0_254\LEDCUBE2\CMSIS_CORE_LPC13Uxx\Debug\libCMSIS_CORE_LPC13Uxx.a(RIT.o)
 .debug_macro   0x00002e08       0x87 C:\Users\Stcupp\Documents\LPCXpresso_7.5.0_254\LEDCUBE2\CMSIS_CORE_LPC13Uxx\Debug\libCMSIS_CORE_LPC13Uxx.a(gpio.o)
 .debug_macro   0x00002e8f      0x11e C:\Users\Stcupp\Documents\LPCXpresso_7.5.0_254\LEDCUBE2\CMSIS_CORE_LPC13Uxx\Debug\libCMSIS_CORE_LPC13Uxx.a(system_LPC13Uxx.o)

.debug_line     0x00000000     0x1f0d
 .debug_line    0x00000000      0x43b ./src/LEDCube.o
 .debug_line    0x0000043b      0x9e3 ./src/animations.o
 .debug_line    0x00000e1e       0xd8 ./src/cr_startup_lpc13uxx.o
 .debug_line    0x00000ef6       0x7d ./src/crp.o
 .debug_line    0x00000f73      0x500 ./src/driver.o
 .debug_line    0x00001473      0x292 C:\Users\Stcupp\Documents\LPCXpresso_7.5.0_254\LEDCUBE2\CMSIS_CORE_LPC13Uxx\Debug\libCMSIS_CORE_LPC13Uxx.a(RIT.o)
 .debug_line    0x00001705      0x559 C:\Users\Stcupp\Documents\LPCXpresso_7.5.0_254\LEDCUBE2\CMSIS_CORE_LPC13Uxx\Debug\libCMSIS_CORE_LPC13Uxx.a(gpio.o)
 .debug_line    0x00001c5e      0x2af C:\Users\Stcupp\Documents\LPCXpresso_7.5.0_254\LEDCUBE2\CMSIS_CORE_LPC13Uxx\Debug\libCMSIS_CORE_LPC13Uxx.a(system_LPC13Uxx.o)

.debug_str      0x00000000     0xb67a
 .debug_str     0x00000000     0x96c3 ./src/LEDCube.o
                               0x98aa (size before relaxing)
 .debug_str     0x000096c3       0xe9 ./src/animations.o
                               0x9175 (size before relaxing)
 .debug_str     0x000097ac      0x3a9 ./src/cr_startup_lpc13uxx.o
                               0x2660 (size before relaxing)
 .debug_str     0x00009b55       0xe9 ./src/crp.o
                               0x24f4 (size before relaxing)
 .debug_str     0x00009c3e      0xce3 ./src/driver.o
                               0x9fa9 (size before relaxing)
 .debug_str     0x0000a921      0x1db C:\Users\Stcupp\Documents\LPCXpresso_7.5.0_254\LEDCUBE2\CMSIS_CORE_LPC13Uxx\Debug\libCMSIS_CORE_LPC13Uxx.a(RIT.o)
                               0x7871 (size before relaxing)
 .debug_str     0x0000aafc      0x866 C:\Users\Stcupp\Documents\LPCXpresso_7.5.0_254\LEDCUBE2\CMSIS_CORE_LPC13Uxx\Debug\libCMSIS_CORE_LPC13Uxx.a(gpio.o)
                               0x8351 (size before relaxing)
 .debug_str     0x0000b362      0x318 C:\Users\Stcupp\Documents\LPCXpresso_7.5.0_254\LEDCUBE2\CMSIS_CORE_LPC13Uxx\Debug\libCMSIS_CORE_LPC13Uxx.a(system_LPC13Uxx.o)
                               0x7d31 (size before relaxing)

.comment        0x00000000       0x70
 .comment       0x00000000       0x70 ./src/LEDCube.o
                                 0x71 (size before relaxing)
 .comment       0x00000000       0x71 ./src/animations.o
 .comment       0x00000000       0x71 ./src/cr_startup_lpc13uxx.o
 .comment       0x00000000       0x71 ./src/crp.o
 .comment       0x00000000       0x71 ./src/driver.o
 .comment       0x00000000       0x71 C:\Users\Stcupp\Documents\LPCXpresso_7.5.0_254\LEDCUBE2\CMSIS_CORE_LPC13Uxx\Debug\libCMSIS_CORE_LPC13Uxx.a(RIT.o)
 .comment       0x00000000       0x71 C:\Users\Stcupp\Documents\LPCXpresso_7.5.0_254\LEDCUBE2\CMSIS_CORE_LPC13Uxx\Debug\libCMSIS_CORE_LPC13Uxx.a(gpio.o)
 .comment       0x00000000       0x71 C:\Users\Stcupp\Documents\LPCXpresso_7.5.0_254\LEDCUBE2\CMSIS_CORE_LPC13Uxx\Debug\libCMSIS_CORE_LPC13Uxx.a(system_LPC13Uxx.o)

.ARM.attributes
                0x00000000       0x33
 .ARM.attributes
                0x00000000       0x33 ./src/LEDCube.o
 .ARM.attributes
                0x00000033       0x33 ./src/animations.o
 .ARM.attributes
                0x00000066       0x33 ./src/cr_startup_lpc13uxx.o
 .ARM.attributes
                0x00000099       0x33 ./src/crp.o
 .ARM.attributes
                0x000000cc       0x33 ./src/driver.o
 .ARM.attributes
                0x000000ff       0x33 C:\Users\Stcupp\Documents\LPCXpresso_7.5.0_254\LEDCUBE2\CMSIS_CORE_LPC13Uxx\Debug\libCMSIS_CORE_LPC13Uxx.a(RIT.o)
 .ARM.attributes
                0x00000132       0x33 C:\Users\Stcupp\Documents\LPCXpresso_7.5.0_254\LEDCUBE2\CMSIS_CORE_LPC13Uxx\Debug\libCMSIS_CORE_LPC13Uxx.a(gpio.o)
 .ARM.attributes
                0x00000165       0x33 C:\Users\Stcupp\Documents\LPCXpresso_7.5.0_254\LEDCUBE2\CMSIS_CORE_LPC13Uxx\Debug\libCMSIS_CORE_LPC13Uxx.a(system_LPC13Uxx.o)
 .ARM.attributes
                0x00000198       0x1d c:/nxp/lpcxpresso_7.5.0_254/lpcxpresso/tools/bin/../lib/gcc/arm-none-eabi/4.8.4/armv7-m\libgcc.a(_arm_addsubdf3.o)
 .ARM.attributes
                0x000001b5       0x1d c:/nxp/lpcxpresso_7.5.0_254/lpcxpresso/tools/bin/../lib/gcc/arm-none-eabi/4.8.4/armv7-m\libgcc.a(_arm_muldivdf3.o)
 .ARM.attributes
                0x000001d2       0x1d c:/nxp/lpcxpresso_7.5.0_254/lpcxpresso/tools/bin/../lib/gcc/arm-none-eabi/4.8.4/armv7-m\libgcc.a(_arm_truncdfsf2.o)
 .ARM.attributes
                0x000001ef       0x1d c:/nxp/lpcxpresso_7.5.0_254/lpcxpresso/tools/bin/../lib/gcc/arm-none-eabi/4.8.4/armv7-m\libgcc.a(_arm_addsubsf3.o)
 .ARM.attributes
                0x0000020c       0x1d c:/nxp/lpcxpresso_7.5.0_254/lpcxpresso/tools/bin/../lib/gcc/arm-none-eabi/4.8.4/armv7-m\libgcc.a(_arm_muldivsf3.o)
 .ARM.attributes
                0x00000229       0x1d c:/nxp/lpcxpresso_7.5.0_254/lpcxpresso/tools/bin/../lib/gcc/arm-none-eabi/4.8.4/armv7-m\libgcc.a(_arm_fixunssfsi.o)
 .ARM.attributes
                0x00000246       0x2d c:/nxp/lpcxpresso_7.5.0_254/lpcxpresso/tools/bin/../lib/gcc/arm-none-eabi/4.8.4/../../../../arm-none-eabi/lib/armv7-m\libc.a(lib_a-init.o)
 .ARM.attributes
                0x00000273       0x2d c:/nxp/lpcxpresso_7.5.0_254/lpcxpresso/tools/bin/../lib/gcc/arm-none-eabi/4.8.4/../../../../arm-none-eabi/lib/armv7-m\libc.a(lib_a-rand.o)
 .ARM.attributes
                0x000002a0       0x2d c:/nxp/lpcxpresso_7.5.0_254/lpcxpresso/tools/bin/../lib/gcc/arm-none-eabi/4.8.4/../../../../arm-none-eabi/lib/armv7-m\libc.a(lib_a-impure.o)
 .ARM.attributes
                0x000002cd       0x2d c:/nxp/lpcxpresso_7.5.0_254/lpcxpresso/tools/bin/../lib/gcc/arm-none-eabi/4.8.4/../../../../arm-none-eabi/lib/armv7-m\libm.a(lib_a-s_cos.o)
 .ARM.attributes
                0x000002fa       0x2d c:/nxp/lpcxpresso_7.5.0_254/lpcxpresso/tools/bin/../lib/gcc/arm-none-eabi/4.8.4/../../../../arm-none-eabi/lib/armv7-m\libm.a(lib_a-s_sin.o)
 .ARM.attributes
                0x00000327       0x2d c:/nxp/lpcxpresso_7.5.0_254/lpcxpresso/tools/bin/../lib/gcc/arm-none-eabi/4.8.4/../../../../arm-none-eabi/lib/armv7-m\libm.a(lib_a-e_rem_pio2.o)
 .ARM.attributes
                0x00000354       0x2d c:/nxp/lpcxpresso_7.5.0_254/lpcxpresso/tools/bin/../lib/gcc/arm-none-eabi/4.8.4/../../../../arm-none-eabi/lib/armv7-m\libm.a(lib_a-k_cos.o)
 .ARM.attributes
                0x00000381       0x2d c:/nxp/lpcxpresso_7.5.0_254/lpcxpresso/tools/bin/../lib/gcc/arm-none-eabi/4.8.4/../../../../arm-none-eabi/lib/armv7-m\libm.a(lib_a-k_rem_pio2.o)
 .ARM.attributes
                0x000003ae       0x2d c:/nxp/lpcxpresso_7.5.0_254/lpcxpresso/tools/bin/../lib/gcc/arm-none-eabi/4.8.4/../../../../arm-none-eabi/lib/armv7-m\libm.a(lib_a-k_sin.o)
 .ARM.attributes
                0x000003db       0x2d c:/nxp/lpcxpresso_7.5.0_254/lpcxpresso/tools/bin/../lib/gcc/arm-none-eabi/4.8.4/../../../../arm-none-eabi/lib/armv7-m\libm.a(lib_a-s_fabs.o)
 .ARM.attributes
                0x00000408       0x2d c:/nxp/lpcxpresso_7.5.0_254/lpcxpresso/tools/bin/../lib/gcc/arm-none-eabi/4.8.4/../../../../arm-none-eabi/lib/armv7-m\libm.a(lib_a-s_floor.o)
 .ARM.attributes
                0x00000435       0x2d c:/nxp/lpcxpresso_7.5.0_254/lpcxpresso/tools/bin/../lib/gcc/arm-none-eabi/4.8.4/../../../../arm-none-eabi/lib/armv7-m\libm.a(lib_a-s_scalbn.o)
 .ARM.attributes
                0x00000462       0x2d c:/nxp/lpcxpresso_7.5.0_254/lpcxpresso/tools/bin/../lib/gcc/arm-none-eabi/4.8.4/../../../../arm-none-eabi/lib/armv7-m\libm.a(lib_a-s_copysign.o)
 .ARM.attributes
                0x0000048f       0x1d c:/nxp/lpcxpresso_7.5.0_254/lpcxpresso/tools/bin/../lib/gcc/arm-none-eabi/4.8.4/armv7-m\crti.o
 .ARM.attributes
                0x000004ac       0x1d c:/nxp/lpcxpresso_7.5.0_254/lpcxpresso/tools/bin/../lib/gcc/arm-none-eabi/4.8.4/armv7-m\crtn.o
 .ARM.attributes
                0x000004c9       0x2d c:/nxp/lpcxpresso_7.5.0_254/lpcxpresso/tools/bin/../lib/gcc/arm-none-eabi/4.8.4/armv7-m\crtbegin.o
 .ARM.attributes
                0x000004f6       0x1d c:/nxp/lpcxpresso_7.5.0_254/lpcxpresso/tools/bin/../lib/gcc/arm-none-eabi/4.8.4/armv7-m\libgcc.a(_arm_cmpdf2.o)
 .ARM.attributes
                0x00000513       0x1d c:/nxp/lpcxpresso_7.5.0_254/lpcxpresso/tools/bin/../lib/gcc/arm-none-eabi/4.8.4/armv7-m\libgcc.a(_arm_fixdfsi.o)

.debug_frame    0x00000000      0xa30
 .debug_frame   0x00000000       0x9c ./src/LEDCube.o
 .debug_frame   0x0000009c      0x27c ./src/animations.o
 .debug_frame   0x00000318      0x158 ./src/cr_startup_lpc13uxx.o
 .debug_frame   0x00000470      0x118 ./src/driver.o
 .debug_frame   0x00000588       0x60 C:\Users\Stcupp\Documents\LPCXpresso_7.5.0_254\LEDCUBE2\CMSIS_CORE_LPC13Uxx\Debug\libCMSIS_CORE_LPC13Uxx.a(RIT.o)
 .debug_frame   0x000005e8      0x1b4 C:\Users\Stcupp\Documents\LPCXpresso_7.5.0_254\LEDCUBE2\CMSIS_CORE_LPC13Uxx\Debug\libCMSIS_CORE_LPC13Uxx.a(gpio.o)
 .debug_frame   0x0000079c       0x3c C:\Users\Stcupp\Documents\LPCXpresso_7.5.0_254\LEDCUBE2\CMSIS_CORE_LPC13Uxx\Debug\libCMSIS_CORE_LPC13Uxx.a(system_LPC13Uxx.o)
 .debug_frame   0x000007d8       0x2c c:/nxp/lpcxpresso_7.5.0_254/lpcxpresso/tools/bin/../lib/gcc/arm-none-eabi/4.8.4/../../../../arm-none-eabi/lib/armv7-m\libc.a(lib_a-init.o)
 .debug_frame   0x00000804       0x38 c:/nxp/lpcxpresso_7.5.0_254/lpcxpresso/tools/bin/../lib/gcc/arm-none-eabi/4.8.4/../../../../arm-none-eabi/lib/armv7-m\libc.a(lib_a-rand.o)
 .debug_frame   0x0000083c       0x30 c:/nxp/lpcxpresso_7.5.0_254/lpcxpresso/tools/bin/../lib/gcc/arm-none-eabi/4.8.4/../../../../arm-none-eabi/lib/armv7-m\libm.a(lib_a-s_cos.o)
 .debug_frame   0x0000086c       0x30 c:/nxp/lpcxpresso_7.5.0_254/lpcxpresso/tools/bin/../lib/gcc/arm-none-eabi/4.8.4/../../../../arm-none-eabi/lib/armv7-m\libm.a(lib_a-s_sin.o)
 .debug_frame   0x0000089c       0x38 c:/nxp/lpcxpresso_7.5.0_254/lpcxpresso/tools/bin/../lib/gcc/arm-none-eabi/4.8.4/../../../../arm-none-eabi/lib/armv7-m\libm.a(lib_a-e_rem_pio2.o)
 .debug_frame   0x000008d4       0x38 c:/nxp/lpcxpresso_7.5.0_254/lpcxpresso/tools/bin/../lib/gcc/arm-none-eabi/4.8.4/../../../../arm-none-eabi/lib/armv7-m\libm.a(lib_a-k_cos.o)
 .debug_frame   0x0000090c       0x3c c:/nxp/lpcxpresso_7.5.0_254/lpcxpresso/tools/bin/../lib/gcc/arm-none-eabi/4.8.4/../../../../arm-none-eabi/lib/armv7-m\libm.a(lib_a-k_rem_pio2.o)
 .debug_frame   0x00000948       0x38 c:/nxp/lpcxpresso_7.5.0_254/lpcxpresso/tools/bin/../lib/gcc/arm-none-eabi/4.8.4/../../../../arm-none-eabi/lib/armv7-m\libm.a(lib_a-k_sin.o)
 .debug_frame   0x00000980       0x20 c:/nxp/lpcxpresso_7.5.0_254/lpcxpresso/tools/bin/../lib/gcc/arm-none-eabi/4.8.4/../../../../arm-none-eabi/lib/armv7-m\libm.a(lib_a-s_fabs.o)
 .debug_frame   0x000009a0       0x38 c:/nxp/lpcxpresso_7.5.0_254/lpcxpresso/tools/bin/../lib/gcc/arm-none-eabi/4.8.4/../../../../arm-none-eabi/lib/armv7-m\libm.a(lib_a-s_floor.o)
 .debug_frame   0x000009d8       0x30 c:/nxp/lpcxpresso_7.5.0_254/lpcxpresso/tools/bin/../lib/gcc/arm-none-eabi/4.8.4/../../../../arm-none-eabi/lib/armv7-m\libm.a(lib_a-s_scalbn.o)
 .debug_frame   0x00000a08       0x28 c:/nxp/lpcxpresso_7.5.0_254/lpcxpresso/tools/bin/../lib/gcc/arm-none-eabi/4.8.4/../../../../arm-none-eabi/lib/armv7-m\libm.a(lib_a-s_copysign.o)

.debug_loc      0x00000000      0x74e
 .debug_loc     0x00000000       0xb7 C:\Users\Stcupp\Documents\LPCXpresso_7.5.0_254\LEDCUBE2\CMSIS_CORE_LPC13Uxx\Debug\libCMSIS_CORE_LPC13Uxx.a(RIT.o)
 .debug_loc     0x000000b7      0x64b C:\Users\Stcupp\Documents\LPCXpresso_7.5.0_254\LEDCUBE2\CMSIS_CORE_LPC13Uxx\Debug\libCMSIS_CORE_LPC13Uxx.a(gpio.o)
 .debug_loc     0x00000702       0x4c C:\Users\Stcupp\Documents\LPCXpresso_7.5.0_254\LEDCUBE2\CMSIS_CORE_LPC13Uxx\Debug\libCMSIS_CORE_LPC13Uxx.a(system_LPC13Uxx.o)
