Archive member included because of file (symbol)

C:\Users\Stcupp\Documents\LPCXpresso_7.5.0_254\LEDCUBE2\CMSIS_CORE_LPC13Uxx\Release\libCMSIS_CORE_LPC13Uxx.a(RIT.o)
                              ./src/driver.o (RIT_SetCNTRL)
C:\Users\Stcupp\Documents\LPCXpresso_7.5.0_254\LEDCUBE2\CMSIS_CORE_LPC13Uxx\Release\libCMSIS_CORE_LPC13Uxx.a(gpio.o)
                              ./src/driver.o (GPIOInit)
C:\Users\Stcupp\Documents\LPCXpresso_7.5.0_254\LEDCUBE2\CMSIS_CORE_LPC13Uxx\Release\libCMSIS_CORE_LPC13Uxx.a(system_LPC13Uxx.o)
                              ./src/cr_startup_lpc13uxx.o (SystemInit)
c:/nxp/lpcxpresso_7.5.0_254/lpcxpresso/tools/bin/../lib/gcc/arm-none-eabi/4.8.4/armv7-m\libgcc.a(_arm_addsubdf3.o)
                              ./src/driver.o (__aeabi_i2d)
c:/nxp/lpcxpresso_7.5.0_254/lpcxpresso/tools/bin/../lib/gcc/arm-none-eabi/4.8.4/armv7-m\libgcc.a(_arm_muldivdf3.o)
                              ./src/driver.o (__aeabi_dmul)
c:/nxp/lpcxpresso_7.5.0_254/lpcxpresso/tools/bin/../lib/gcc/arm-none-eabi/4.8.4/armv7-m\libgcc.a(_arm_truncdfsf2.o)
                              ./src/driver.o (__aeabi_d2f)
c:/nxp/lpcxpresso_7.5.0_254/lpcxpresso/tools/bin/../lib/gcc/arm-none-eabi/4.8.4/armv7-m\libgcc.a(_arm_addsubsf3.o)
                              ./src/driver.o (__aeabi_fadd)
c:/nxp/lpcxpresso_7.5.0_254/lpcxpresso/tools/bin/../lib/gcc/arm-none-eabi/4.8.4/armv7-m\libgcc.a(_arm_muldivsf3.o)
                              ./src/driver.o (__aeabi_fmul)
c:/nxp/lpcxpresso_7.5.0_254/lpcxpresso/tools/bin/../lib/gcc/arm-none-eabi/4.8.4/armv7-m\libgcc.a(_arm_fixunssfsi.o)
                              ./src/driver.o (__aeabi_f2uiz)
c:/nxp/lpcxpresso_7.5.0_254/lpcxpresso/tools/bin/../lib/gcc/arm-none-eabi/4.8.4/../../../../arm-none-eabi/lib/armv7-m\libc.a(lib_a-init.o)
                              ./src/cr_startup_lpc13uxx.o (__libc_init_array)
c:/nxp/lpcxpresso_7.5.0_254/lpcxpresso/tools/bin/../lib/gcc/arm-none-eabi/4.8.4/../../../../arm-none-eabi/lib/armv7-m\libc.a(lib_a-malloc.o)
                              ./src/cr_cpp_config.o (malloc)
c:/nxp/lpcxpresso_7.5.0_254/lpcxpresso/tools/bin/../lib/gcc/arm-none-eabi/4.8.4/../../../../arm-none-eabi/lib/armv7-m\libc.a(lib_a-mallocr.o)
                              c:/nxp/lpcxpresso_7.5.0_254/lpcxpresso/tools/bin/../lib/gcc/arm-none-eabi/4.8.4/../../../../arm-none-eabi/lib/armv7-m\libc.a(lib_a-malloc.o) (_malloc_r)
c:/nxp/lpcxpresso_7.5.0_254/lpcxpresso/tools/bin/../lib/gcc/arm-none-eabi/4.8.4/../../../../arm-none-eabi/lib/armv7-m\libc.a(lib_a-mlock.o)
                              c:/nxp/lpcxpresso_7.5.0_254/lpcxpresso/tools/bin/../lib/gcc/arm-none-eabi/4.8.4/../../../../arm-none-eabi/lib/armv7-m\libc.a(lib_a-mallocr.o) (__malloc_lock)
c:/nxp/lpcxpresso_7.5.0_254/lpcxpresso/tools/bin/../lib/gcc/arm-none-eabi/4.8.4/../../../../arm-none-eabi/lib/armv7-m\libc.a(lib_a-rand.o)
                              ./src/LEDCube.o (srand)
c:/nxp/lpcxpresso_7.5.0_254/lpcxpresso/tools/bin/../lib/gcc/arm-none-eabi/4.8.4/../../../../arm-none-eabi/lib/armv7-m\libc.a(lib_a-sbrkr.o)
                              c:/nxp/lpcxpresso_7.5.0_254/lpcxpresso/tools/bin/../lib/gcc/arm-none-eabi/4.8.4/../../../../arm-none-eabi/lib/armv7-m\libc.a(lib_a-mallocr.o) (_sbrk_r)
c:/nxp/lpcxpresso_7.5.0_254/lpcxpresso/tools/bin/../lib/gcc/arm-none-eabi/4.8.4/../../../../arm-none-eabi/lib/armv7-m\libc.a(lib_a-freer.o)
                              c:/nxp/lpcxpresso_7.5.0_254/lpcxpresso/tools/bin/../lib/gcc/arm-none-eabi/4.8.4/../../../../arm-none-eabi/lib/armv7-m\libc.a(lib_a-malloc.o) (_free_r)
c:/nxp/lpcxpresso_7.5.0_254/lpcxpresso/tools/bin/../lib/gcc/arm-none-eabi/4.8.4/../../../../arm-none-eabi/lib/armv7-m\libc.a(lib_a-impure.o)
                              c:/nxp/lpcxpresso_7.5.0_254/lpcxpresso/tools/bin/../lib/gcc/arm-none-eabi/4.8.4/../../../../arm-none-eabi/lib/armv7-m\libc.a(lib_a-malloc.o) (_impure_ptr)
c:/nxp/lpcxpresso_7.5.0_254/lpcxpresso/tools/bin/../lib/gcc/arm-none-eabi/4.8.4/../../../../arm-none-eabi/lib/armv7-m\libc.a(lib_a-reent.o)
                              c:/nxp/lpcxpresso_7.5.0_254/lpcxpresso/tools/bin/../lib/gcc/arm-none-eabi/4.8.4/../../../../arm-none-eabi/lib/armv7-m\libc.a(lib_a-sbrkr.o) (errno)
c:/nxp/lpcxpresso_7.5.0_254/lpcxpresso/tools/bin/../lib/gcc/arm-none-eabi/4.8.4/../../../../arm-none-eabi/lib/armv7-m\libm.a(lib_a-s_cos.o)
                              ./src/driver.o (cos)
c:/nxp/lpcxpresso_7.5.0_254/lpcxpresso/tools/bin/../lib/gcc/arm-none-eabi/4.8.4/../../../../arm-none-eabi/lib/armv7-m\libm.a(lib_a-s_sin.o)
                              ./src/driver.o (sin)
c:/nxp/lpcxpresso_7.5.0_254/lpcxpresso/tools/bin/../lib/gcc/arm-none-eabi/4.8.4/../../../../arm-none-eabi/lib/armv7-m\libm.a(lib_a-e_rem_pio2.o)
                              c:/nxp/lpcxpresso_7.5.0_254/lpcxpresso/tools/bin/../lib/gcc/arm-none-eabi/4.8.4/../../../../arm-none-eabi/lib/armv7-m\libm.a(lib_a-s_cos.o) (__ieee754_rem_pio2)
c:/nxp/lpcxpresso_7.5.0_254/lpcxpresso/tools/bin/../lib/gcc/arm-none-eabi/4.8.4/../../../../arm-none-eabi/lib/armv7-m\libm.a(lib_a-k_cos.o)
                              c:/nxp/lpcxpresso_7.5.0_254/lpcxpresso/tools/bin/../lib/gcc/arm-none-eabi/4.8.4/../../../../arm-none-eabi/lib/armv7-m\libm.a(lib_a-s_cos.o) (__kernel_cos)
c:/nxp/lpcxpresso_7.5.0_254/lpcxpresso/tools/bin/../lib/gcc/arm-none-eabi/4.8.4/../../../../arm-none-eabi/lib/armv7-m\libm.a(lib_a-k_rem_pio2.o)
                              c:/nxp/lpcxpresso_7.5.0_254/lpcxpresso/tools/bin/../lib/gcc/arm-none-eabi/4.8.4/../../../../arm-none-eabi/lib/armv7-m\libm.a(lib_a-e_rem_pio2.o) (__kernel_rem_pio2)
c:/nxp/lpcxpresso_7.5.0_254/lpcxpresso/tools/bin/../lib/gcc/arm-none-eabi/4.8.4/../../../../arm-none-eabi/lib/armv7-m\libm.a(lib_a-k_sin.o)
                              c:/nxp/lpcxpresso_7.5.0_254/lpcxpresso/tools/bin/../lib/gcc/arm-none-eabi/4.8.4/../../../../arm-none-eabi/lib/armv7-m\libm.a(lib_a-s_cos.o) (__kernel_sin)
c:/nxp/lpcxpresso_7.5.0_254/lpcxpresso/tools/bin/../lib/gcc/arm-none-eabi/4.8.4/../../../../arm-none-eabi/lib/armv7-m\libm.a(lib_a-s_fabs.o)
                              c:/nxp/lpcxpresso_7.5.0_254/lpcxpresso/tools/bin/../lib/gcc/arm-none-eabi/4.8.4/../../../../arm-none-eabi/lib/armv7-m\libm.a(lib_a-e_rem_pio2.o) (fabs)
c:/nxp/lpcxpresso_7.5.0_254/lpcxpresso/tools/bin/../lib/gcc/arm-none-eabi/4.8.4/../../../../arm-none-eabi/lib/armv7-m\libm.a(lib_a-s_floor.o)
                              c:/nxp/lpcxpresso_7.5.0_254/lpcxpresso/tools/bin/../lib/gcc/arm-none-eabi/4.8.4/../../../../arm-none-eabi/lib/armv7-m\libm.a(lib_a-k_rem_pio2.o) (floor)
c:/nxp/lpcxpresso_7.5.0_254/lpcxpresso/tools/bin/../lib/gcc/arm-none-eabi/4.8.4/../../../../arm-none-eabi/lib/armv7-m\libm.a(lib_a-s_scalbn.o)
                              c:/nxp/lpcxpresso_7.5.0_254/lpcxpresso/tools/bin/../lib/gcc/arm-none-eabi/4.8.4/../../../../arm-none-eabi/lib/armv7-m\libm.a(lib_a-k_rem_pio2.o) (scalbn)
c:/nxp/lpcxpresso_7.5.0_254/lpcxpresso/tools/bin/../lib/gcc/arm-none-eabi/4.8.4/../../../../arm-none-eabi/lib/armv7-m\libm.a(lib_a-s_copysign.o)
                              c:/nxp/lpcxpresso_7.5.0_254/lpcxpresso/tools/bin/../lib/gcc/arm-none-eabi/4.8.4/../../../../arm-none-eabi/lib/armv7-m\libm.a(lib_a-s_scalbn.o) (copysign)
c:/nxp/lpcxpresso_7.5.0_254/lpcxpresso/tools/bin/../lib/gcc/arm-none-eabi/4.8.4/../../../../arm-none-eabi/lib/armv7-m\libcr_newlib_nohost.a(_cr_sbrk.o)
                              c:/nxp/lpcxpresso_7.5.0_254/lpcxpresso/tools/bin/../lib/gcc/arm-none-eabi/4.8.4/../../../../arm-none-eabi/lib/armv7-m\libc.a(lib_a-sbrkr.o) (_sbrk)
c:/nxp/lpcxpresso_7.5.0_254/lpcxpresso/tools/bin/../lib/gcc/arm-none-eabi/4.8.4/../../../../arm-none-eabi/lib/armv7-m\libcr_newlib_nohost.a(_cr_check_heap.o)
                              c:/nxp/lpcxpresso_7.5.0_254/lpcxpresso/tools/bin/../lib/gcc/arm-none-eabi/4.8.4/../../../../arm-none-eabi/lib/armv7-m\libcr_newlib_nohost.a(_cr_sbrk.o) (__check_heap_overflow)
c:/nxp/lpcxpresso_7.5.0_254/lpcxpresso/tools/bin/../lib/gcc/arm-none-eabi/4.8.4/armv7-m\libgcc.a(_arm_cmpdf2.o)
                              c:/nxp/lpcxpresso_7.5.0_254/lpcxpresso/tools/bin/../lib/gcc/arm-none-eabi/4.8.4/../../../../arm-none-eabi/lib/armv7-m\libm.a(lib_a-e_rem_pio2.o) (__aeabi_dcmpeq)
c:/nxp/lpcxpresso_7.5.0_254/lpcxpresso/tools/bin/../lib/gcc/arm-none-eabi/4.8.4/armv7-m\libgcc.a(_arm_fixdfsi.o)
                              c:/nxp/lpcxpresso_7.5.0_254/lpcxpresso/tools/bin/../lib/gcc/arm-none-eabi/4.8.4/../../../../arm-none-eabi/lib/armv7-m\libm.a(lib_a-e_rem_pio2.o) (__aeabi_d2iz)
c:/nxp/lpcxpresso_7.5.0_254/lpcxpresso/tools/bin/../lib/gcc/arm-none-eabi/4.8.4/../../../../arm-none-eabi/lib/armv7-m\libc.a(lib_a-errno.o)
                              c:/nxp/lpcxpresso_7.5.0_254/lpcxpresso/tools/bin/../lib/gcc/arm-none-eabi/4.8.4/../../../../arm-none-eabi/lib/armv7-m\libcr_newlib_nohost.a(_cr_sbrk.o) (__errno)

Allocating common symbols
Common symbol       size              file

errno               0x4               c:/nxp/lpcxpresso_7.5.0_254/lpcxpresso/tools/bin/../lib/gcc/arm-none-eabi/4.8.4/../../../../arm-none-eabi/lib/armv7-m\libc.a(lib_a-reent.o)
Cube_Array          0xc0              ./src/driver.o
Color_Array         0x600             ./src/driver.o
__end_of_heap       0x4               c:/nxp/lpcxpresso_7.5.0_254/lpcxpresso/tools/bin/../lib/gcc/arm-none-eabi/4.8.4/../../../../arm-none-eabi/lib/armv7-m\libcr_newlib_nohost.a(_cr_sbrk.o)
Animation_Runtime   0x4               ./src/animations.o

Discarded input sections

 .text          0x00000000        0x0 ./src/LEDCube.o
 .data          0x00000000        0x0 ./src/LEDCube.o
 .bss           0x00000000        0x0 ./src/LEDCube.o
 .text          0x00000000        0x0 ./src/animations.o
 .data          0x00000000        0x0 ./src/animations.o
 .bss           0x00000000        0x0 ./src/animations.o
 .text.Light_Layer
                0x00000000       0x34 ./src/animations.o
 .text.Light_Column
                0x00000000       0x34 ./src/animations.o
 .text.Light_LED
                0x00000000       0x34 ./src/animations.o
 .text.Light_RowX
                0x00000000       0x54 ./src/animations.o
 .text.Light_RowY
                0x00000000       0x54 ./src/animations.o
 .text.Cube_Test
                0x00000000       0x60 ./src/animations.o
 .text          0x00000000        0x0 ./src/cr_cpp_config.o
 .data          0x00000000        0x0 ./src/cr_cpp_config.o
 .bss           0x00000000        0x0 ./src/cr_cpp_config.o
 .text._Znwj    0x00000000        0x4 ./src/cr_cpp_config.o
 .text._Znaj    0x00000000        0x4 ./src/cr_cpp_config.o
 .text._ZdlPv   0x00000000        0x4 ./src/cr_cpp_config.o
 .text._ZdaPv   0x00000000        0x4 ./src/cr_cpp_config.o
 .text.__aeabi_atexit
                0x00000000        0x4 ./src/cr_cpp_config.o
 .text._ZN9__gnu_cxx27__verbose_terminate_handlerEv
                0x00000000        0x2 ./src/cr_cpp_config.o
 .debug_info    0x00000000      0x20f ./src/cr_cpp_config.o
 .debug_abbrev  0x00000000      0x13c ./src/cr_cpp_config.o
 .debug_loc     0x00000000       0xa5 ./src/cr_cpp_config.o
 .debug_aranges
                0x00000000       0x48 ./src/cr_cpp_config.o
 .debug_ranges  0x00000000       0x38 ./src/cr_cpp_config.o
 .debug_line    0x00000000      0x145 ./src/cr_cpp_config.o
 .debug_str     0x00000000      0x2b0 ./src/cr_cpp_config.o
 .comment       0x00000000       0x71 ./src/cr_cpp_config.o
 .ARM.attributes
                0x00000000       0x33 ./src/cr_cpp_config.o
 .debug_frame   0x00000000       0x70 ./src/cr_cpp_config.o
 .text          0x00000000        0x0 ./src/cr_startup_lpc13uxx.o
 .data          0x00000000        0x0 ./src/cr_startup_lpc13uxx.o
 .bss           0x00000000        0x0 ./src/cr_startup_lpc13uxx.o
 .text          0x00000000        0x0 ./src/crp.o
 .data          0x00000000        0x0 ./src/crp.o
 .bss           0x00000000        0x0 ./src/crp.o
 .text          0x00000000        0x0 ./src/driver.o
 .data          0x00000000        0x0 ./src/driver.o
 .bss           0x00000000        0x0 ./src/driver.o
 .text.Disable_Layer
                0x00000000        0xc ./src/driver.o
 .text.Get_Color
                0x00000000       0x18 ./src/driver.o
 .bss.Color_Count
                0x00000000        0x2 ./src/driver.o
 .text          0x00000000        0x0 C:\Users\Stcupp\Documents\LPCXpresso_7.5.0_254\LEDCUBE2\CMSIS_CORE_LPC13Uxx\Release\libCMSIS_CORE_LPC13Uxx.a(RIT.o)
 .data          0x00000000        0x0 C:\Users\Stcupp\Documents\LPCXpresso_7.5.0_254\LEDCUBE2\CMSIS_CORE_LPC13Uxx\Release\libCMSIS_CORE_LPC13Uxx.a(RIT.o)
 .bss           0x00000000        0x0 C:\Users\Stcupp\Documents\LPCXpresso_7.5.0_254\LEDCUBE2\CMSIS_CORE_LPC13Uxx\Release\libCMSIS_CORE_LPC13Uxx.a(RIT.o)
 .text.RIT_ReadCount
                0x00000000        0xc C:\Users\Stcupp\Documents\LPCXpresso_7.5.0_254\LEDCUBE2\CMSIS_CORE_LPC13Uxx\Release\libCMSIS_CORE_LPC13Uxx.a(RIT.o)
 .text          0x00000000        0x0 C:\Users\Stcupp\Documents\LPCXpresso_7.5.0_254\LEDCUBE2\CMSIS_CORE_LPC13Uxx\Release\libCMSIS_CORE_LPC13Uxx.a(gpio.o)
 .data          0x00000000        0x0 C:\Users\Stcupp\Documents\LPCXpresso_7.5.0_254\LEDCUBE2\CMSIS_CORE_LPC13Uxx\Release\libCMSIS_CORE_LPC13Uxx.a(gpio.o)
 .bss           0x00000000        0x0 C:\Users\Stcupp\Documents\LPCXpresso_7.5.0_254\LEDCUBE2\CMSIS_CORE_LPC13Uxx\Release\libCMSIS_CORE_LPC13Uxx.a(gpio.o)
 .text.GPIOSetPinInterrupt
                0x00000000      0x158 C:\Users\Stcupp\Documents\LPCXpresso_7.5.0_254\LEDCUBE2\CMSIS_CORE_LPC13Uxx\Release\libCMSIS_CORE_LPC13Uxx.a(gpio.o)
 .text.GPIOPinIntEnable
                0x00000000       0x24 C:\Users\Stcupp\Documents\LPCXpresso_7.5.0_254\LEDCUBE2\CMSIS_CORE_LPC13Uxx\Release\libCMSIS_CORE_LPC13Uxx.a(gpio.o)
 .text.GPIOPinIntDisable
                0x00000000       0x24 C:\Users\Stcupp\Documents\LPCXpresso_7.5.0_254\LEDCUBE2\CMSIS_CORE_LPC13Uxx\Release\libCMSIS_CORE_LPC13Uxx.a(gpio.o)
 .text.GPIOPinIntStatus
                0x00000000       0x18 C:\Users\Stcupp\Documents\LPCXpresso_7.5.0_254\LEDCUBE2\CMSIS_CORE_LPC13Uxx\Release\libCMSIS_CORE_LPC13Uxx.a(gpio.o)
 .text.GPIOPinIntClear
                0x00000000       0x18 C:\Users\Stcupp\Documents\LPCXpresso_7.5.0_254\LEDCUBE2\CMSIS_CORE_LPC13Uxx\Release\libCMSIS_CORE_LPC13Uxx.a(gpio.o)
 .text.GPIOSetGroupedInterrupt
                0x00000000       0xbc C:\Users\Stcupp\Documents\LPCXpresso_7.5.0_254\LEDCUBE2\CMSIS_CORE_LPC13Uxx\Release\libCMSIS_CORE_LPC13Uxx.a(gpio.o)
 .text.GPIO_ReadValue
                0x00000000       0x10 C:\Users\Stcupp\Documents\LPCXpresso_7.5.0_254\LEDCUBE2\CMSIS_CORE_LPC13Uxx\Release\libCMSIS_CORE_LPC13Uxx.a(gpio.o)
 .text.GPIO_SetValue
                0x00000000       0x10 C:\Users\Stcupp\Documents\LPCXpresso_7.5.0_254\LEDCUBE2\CMSIS_CORE_LPC13Uxx\Release\libCMSIS_CORE_LPC13Uxx.a(gpio.o)
 .text.GPIO_ClearValue
                0x00000000       0x10 C:\Users\Stcupp\Documents\LPCXpresso_7.5.0_254\LEDCUBE2\CMSIS_CORE_LPC13Uxx\Release\libCMSIS_CORE_LPC13Uxx.a(gpio.o)
 .text.GPIO_ReadMaskValue
                0x00000000       0x10 C:\Users\Stcupp\Documents\LPCXpresso_7.5.0_254\LEDCUBE2\CMSIS_CORE_LPC13Uxx\Release\libCMSIS_CORE_LPC13Uxx.a(gpio.o)
 .text          0x00000000        0x0 C:\Users\Stcupp\Documents\LPCXpresso_7.5.0_254\LEDCUBE2\CMSIS_CORE_LPC13Uxx\Release\libCMSIS_CORE_LPC13Uxx.a(system_LPC13Uxx.o)
 .data          0x00000000        0x0 C:\Users\Stcupp\Documents\LPCXpresso_7.5.0_254\LEDCUBE2\CMSIS_CORE_LPC13Uxx\Release\libCMSIS_CORE_LPC13Uxx.a(system_LPC13Uxx.o)
 .bss           0x00000000        0x0 C:\Users\Stcupp\Documents\LPCXpresso_7.5.0_254\LEDCUBE2\CMSIS_CORE_LPC13Uxx\Release\libCMSIS_CORE_LPC13Uxx.a(system_LPC13Uxx.o)
 .text.SystemCoreClockUpdate
                0x00000000       0x94 C:\Users\Stcupp\Documents\LPCXpresso_7.5.0_254\LEDCUBE2\CMSIS_CORE_LPC13Uxx\Release\libCMSIS_CORE_LPC13Uxx.a(system_LPC13Uxx.o)
 .rodata.CSWTCH.9
                0x00000000       0x3c C:\Users\Stcupp\Documents\LPCXpresso_7.5.0_254\LEDCUBE2\CMSIS_CORE_LPC13Uxx\Release\libCMSIS_CORE_LPC13Uxx.a(system_LPC13Uxx.o)
 .data          0x00000000        0x0 c:/nxp/lpcxpresso_7.5.0_254/lpcxpresso/tools/bin/../lib/gcc/arm-none-eabi/4.8.4/armv7-m\libgcc.a(_arm_addsubdf3.o)
 .bss           0x00000000        0x0 c:/nxp/lpcxpresso_7.5.0_254/lpcxpresso/tools/bin/../lib/gcc/arm-none-eabi/4.8.4/armv7-m\libgcc.a(_arm_addsubdf3.o)
 .data          0x00000000        0x0 c:/nxp/lpcxpresso_7.5.0_254/lpcxpresso/tools/bin/../lib/gcc/arm-none-eabi/4.8.4/armv7-m\libgcc.a(_arm_muldivdf3.o)
 .bss           0x00000000        0x0 c:/nxp/lpcxpresso_7.5.0_254/lpcxpresso/tools/bin/../lib/gcc/arm-none-eabi/4.8.4/armv7-m\libgcc.a(_arm_muldivdf3.o)
 .data          0x00000000        0x0 c:/nxp/lpcxpresso_7.5.0_254/lpcxpresso/tools/bin/../lib/gcc/arm-none-eabi/4.8.4/armv7-m\libgcc.a(_arm_truncdfsf2.o)
 .bss           0x00000000        0x0 c:/nxp/lpcxpresso_7.5.0_254/lpcxpresso/tools/bin/../lib/gcc/arm-none-eabi/4.8.4/armv7-m\libgcc.a(_arm_truncdfsf2.o)
 .data          0x00000000        0x0 c:/nxp/lpcxpresso_7.5.0_254/lpcxpresso/tools/bin/../lib/gcc/arm-none-eabi/4.8.4/armv7-m\libgcc.a(_arm_addsubsf3.o)
 .bss           0x00000000        0x0 c:/nxp/lpcxpresso_7.5.0_254/lpcxpresso/tools/bin/../lib/gcc/arm-none-eabi/4.8.4/armv7-m\libgcc.a(_arm_addsubsf3.o)
 .data          0x00000000        0x0 c:/nxp/lpcxpresso_7.5.0_254/lpcxpresso/tools/bin/../lib/gcc/arm-none-eabi/4.8.4/armv7-m\libgcc.a(_arm_muldivsf3.o)
 .bss           0x00000000        0x0 c:/nxp/lpcxpresso_7.5.0_254/lpcxpresso/tools/bin/../lib/gcc/arm-none-eabi/4.8.4/armv7-m\libgcc.a(_arm_muldivsf3.o)
 .data          0x00000000        0x0 c:/nxp/lpcxpresso_7.5.0_254/lpcxpresso/tools/bin/../lib/gcc/arm-none-eabi/4.8.4/armv7-m\libgcc.a(_arm_fixunssfsi.o)
 .bss           0x00000000        0x0 c:/nxp/lpcxpresso_7.5.0_254/lpcxpresso/tools/bin/../lib/gcc/arm-none-eabi/4.8.4/armv7-m\libgcc.a(_arm_fixunssfsi.o)
 .text          0x00000000        0x0 c:/nxp/lpcxpresso_7.5.0_254/lpcxpresso/tools/bin/../lib/gcc/arm-none-eabi/4.8.4/../../../../arm-none-eabi/lib/armv7-m\libc.a(lib_a-init.o)
 .data          0x00000000        0x0 c:/nxp/lpcxpresso_7.5.0_254/lpcxpresso/tools/bin/../lib/gcc/arm-none-eabi/4.8.4/../../../../arm-none-eabi/lib/armv7-m\libc.a(lib_a-init.o)
 .bss           0x00000000        0x0 c:/nxp/lpcxpresso_7.5.0_254/lpcxpresso/tools/bin/../lib/gcc/arm-none-eabi/4.8.4/../../../../arm-none-eabi/lib/armv7-m\libc.a(lib_a-init.o)
 .text          0x00000000        0x0 c:/nxp/lpcxpresso_7.5.0_254/lpcxpresso/tools/bin/../lib/gcc/arm-none-eabi/4.8.4/../../../../arm-none-eabi/lib/armv7-m\libc.a(lib_a-malloc.o)
 .data          0x00000000        0x0 c:/nxp/lpcxpresso_7.5.0_254/lpcxpresso/tools/bin/../lib/gcc/arm-none-eabi/4.8.4/../../../../arm-none-eabi/lib/armv7-m\libc.a(lib_a-malloc.o)
 .bss           0x00000000        0x0 c:/nxp/lpcxpresso_7.5.0_254/lpcxpresso/tools/bin/../lib/gcc/arm-none-eabi/4.8.4/../../../../arm-none-eabi/lib/armv7-m\libc.a(lib_a-malloc.o)
 .text.malloc   0x00000000       0x10 c:/nxp/lpcxpresso_7.5.0_254/lpcxpresso/tools/bin/../lib/gcc/arm-none-eabi/4.8.4/../../../../arm-none-eabi/lib/armv7-m\libc.a(lib_a-malloc.o)
 .text.free     0x00000000       0x10 c:/nxp/lpcxpresso_7.5.0_254/lpcxpresso/tools/bin/../lib/gcc/arm-none-eabi/4.8.4/../../../../arm-none-eabi/lib/armv7-m\libc.a(lib_a-malloc.o)
 .ARM.attributes
                0x00000000       0x2d c:/nxp/lpcxpresso_7.5.0_254/lpcxpresso/tools/bin/../lib/gcc/arm-none-eabi/4.8.4/../../../../arm-none-eabi/lib/armv7-m\libc.a(lib_a-malloc.o)
 .debug_frame   0x00000000       0x30 c:/nxp/lpcxpresso_7.5.0_254/lpcxpresso/tools/bin/../lib/gcc/arm-none-eabi/4.8.4/../../../../arm-none-eabi/lib/armv7-m\libc.a(lib_a-malloc.o)
 .text          0x00000000        0x0 c:/nxp/lpcxpresso_7.5.0_254/lpcxpresso/tools/bin/../lib/gcc/arm-none-eabi/4.8.4/../../../../arm-none-eabi/lib/armv7-m\libc.a(lib_a-mallocr.o)
 .data          0x00000000        0x0 c:/nxp/lpcxpresso_7.5.0_254/lpcxpresso/tools/bin/../lib/gcc/arm-none-eabi/4.8.4/../../../../arm-none-eabi/lib/armv7-m\libc.a(lib_a-mallocr.o)
 .bss           0x00000000        0x0 c:/nxp/lpcxpresso_7.5.0_254/lpcxpresso/tools/bin/../lib/gcc/arm-none-eabi/4.8.4/../../../../arm-none-eabi/lib/armv7-m\libc.a(lib_a-mallocr.o)
 .text._malloc_r
                0x00000000      0x538 c:/nxp/lpcxpresso_7.5.0_254/lpcxpresso/tools/bin/../lib/gcc/arm-none-eabi/4.8.4/../../../../arm-none-eabi/lib/armv7-m\libc.a(lib_a-mallocr.o)
 .data.__malloc_av_
                0x00000000      0x408 c:/nxp/lpcxpresso_7.5.0_254/lpcxpresso/tools/bin/../lib/gcc/arm-none-eabi/4.8.4/../../../../arm-none-eabi/lib/armv7-m\libc.a(lib_a-mallocr.o)
 .data.__malloc_trim_threshold
                0x00000000        0x4 c:/nxp/lpcxpresso_7.5.0_254/lpcxpresso/tools/bin/../lib/gcc/arm-none-eabi/4.8.4/../../../../arm-none-eabi/lib/armv7-m\libc.a(lib_a-mallocr.o)
 .bss.__malloc_max_total_mem
                0x00000000        0x4 c:/nxp/lpcxpresso_7.5.0_254/lpcxpresso/tools/bin/../lib/gcc/arm-none-eabi/4.8.4/../../../../arm-none-eabi/lib/armv7-m\libc.a(lib_a-mallocr.o)
 .bss.__malloc_max_sbrked_mem
                0x00000000        0x4 c:/nxp/lpcxpresso_7.5.0_254/lpcxpresso/tools/bin/../lib/gcc/arm-none-eabi/4.8.4/../../../../arm-none-eabi/lib/armv7-m\libc.a(lib_a-mallocr.o)
 .bss.__malloc_top_pad
                0x00000000        0x4 c:/nxp/lpcxpresso_7.5.0_254/lpcxpresso/tools/bin/../lib/gcc/arm-none-eabi/4.8.4/../../../../arm-none-eabi/lib/armv7-m\libc.a(lib_a-mallocr.o)
 .bss.__malloc_current_mallinfo
                0x00000000       0x28 c:/nxp/lpcxpresso_7.5.0_254/lpcxpresso/tools/bin/../lib/gcc/arm-none-eabi/4.8.4/../../../../arm-none-eabi/lib/armv7-m\libc.a(lib_a-mallocr.o)
 .data.__malloc_sbrk_base
                0x00000000        0x4 c:/nxp/lpcxpresso_7.5.0_254/lpcxpresso/tools/bin/../lib/gcc/arm-none-eabi/4.8.4/../../../../arm-none-eabi/lib/armv7-m\libc.a(lib_a-mallocr.o)
 .ARM.attributes
                0x00000000       0x2d c:/nxp/lpcxpresso_7.5.0_254/lpcxpresso/tools/bin/../lib/gcc/arm-none-eabi/4.8.4/../../../../arm-none-eabi/lib/armv7-m\libc.a(lib_a-mallocr.o)
 .debug_frame   0x00000000       0x38 c:/nxp/lpcxpresso_7.5.0_254/lpcxpresso/tools/bin/../lib/gcc/arm-none-eabi/4.8.4/../../../../arm-none-eabi/lib/armv7-m\libc.a(lib_a-mallocr.o)
 .text          0x00000000        0x0 c:/nxp/lpcxpresso_7.5.0_254/lpcxpresso/tools/bin/../lib/gcc/arm-none-eabi/4.8.4/../../../../arm-none-eabi/lib/armv7-m\libc.a(lib_a-mlock.o)
 .data          0x00000000        0x0 c:/nxp/lpcxpresso_7.5.0_254/lpcxpresso/tools/bin/../lib/gcc/arm-none-eabi/4.8.4/../../../../arm-none-eabi/lib/armv7-m\libc.a(lib_a-mlock.o)
 .bss           0x00000000        0x0 c:/nxp/lpcxpresso_7.5.0_254/lpcxpresso/tools/bin/../lib/gcc/arm-none-eabi/4.8.4/../../../../arm-none-eabi/lib/armv7-m\libc.a(lib_a-mlock.o)
 .text.__malloc_lock
                0x00000000        0x4 c:/nxp/lpcxpresso_7.5.0_254/lpcxpresso/tools/bin/../lib/gcc/arm-none-eabi/4.8.4/../../../../arm-none-eabi/lib/armv7-m\libc.a(lib_a-mlock.o)
 .text.__malloc_unlock
                0x00000000        0x4 c:/nxp/lpcxpresso_7.5.0_254/lpcxpresso/tools/bin/../lib/gcc/arm-none-eabi/4.8.4/../../../../arm-none-eabi/lib/armv7-m\libc.a(lib_a-mlock.o)
 .ARM.attributes
                0x00000000       0x2d c:/nxp/lpcxpresso_7.5.0_254/lpcxpresso/tools/bin/../lib/gcc/arm-none-eabi/4.8.4/../../../../arm-none-eabi/lib/armv7-m\libc.a(lib_a-mlock.o)
 .debug_frame   0x00000000       0x30 c:/nxp/lpcxpresso_7.5.0_254/lpcxpresso/tools/bin/../lib/gcc/arm-none-eabi/4.8.4/../../../../arm-none-eabi/lib/armv7-m\libc.a(lib_a-mlock.o)
 .text          0x00000000        0x0 c:/nxp/lpcxpresso_7.5.0_254/lpcxpresso/tools/bin/../lib/gcc/arm-none-eabi/4.8.4/../../../../arm-none-eabi/lib/armv7-m\libc.a(lib_a-rand.o)
 .data          0x00000000        0x0 c:/nxp/lpcxpresso_7.5.0_254/lpcxpresso/tools/bin/../lib/gcc/arm-none-eabi/4.8.4/../../../../arm-none-eabi/lib/armv7-m\libc.a(lib_a-rand.o)
 .bss           0x00000000        0x0 c:/nxp/lpcxpresso_7.5.0_254/lpcxpresso/tools/bin/../lib/gcc/arm-none-eabi/4.8.4/../../../../arm-none-eabi/lib/armv7-m\libc.a(lib_a-rand.o)
 .text          0x00000000        0x0 c:/nxp/lpcxpresso_7.5.0_254/lpcxpresso/tools/bin/../lib/gcc/arm-none-eabi/4.8.4/../../../../arm-none-eabi/lib/armv7-m\libc.a(lib_a-sbrkr.o)
 .data          0x00000000        0x0 c:/nxp/lpcxpresso_7.5.0_254/lpcxpresso/tools/bin/../lib/gcc/arm-none-eabi/4.8.4/../../../../arm-none-eabi/lib/armv7-m\libc.a(lib_a-sbrkr.o)
 .bss           0x00000000        0x0 c:/nxp/lpcxpresso_7.5.0_254/lpcxpresso/tools/bin/../lib/gcc/arm-none-eabi/4.8.4/../../../../arm-none-eabi/lib/armv7-m\libc.a(lib_a-sbrkr.o)
 .text._sbrk_r  0x00000000       0x24 c:/nxp/lpcxpresso_7.5.0_254/lpcxpresso/tools/bin/../lib/gcc/arm-none-eabi/4.8.4/../../../../arm-none-eabi/lib/armv7-m\libc.a(lib_a-sbrkr.o)
 .ARM.attributes
                0x00000000       0x2d c:/nxp/lpcxpresso_7.5.0_254/lpcxpresso/tools/bin/../lib/gcc/arm-none-eabi/4.8.4/../../../../arm-none-eabi/lib/armv7-m\libc.a(lib_a-sbrkr.o)
 .debug_frame   0x00000000       0x2c c:/nxp/lpcxpresso_7.5.0_254/lpcxpresso/tools/bin/../lib/gcc/arm-none-eabi/4.8.4/../../../../arm-none-eabi/lib/armv7-m\libc.a(lib_a-sbrkr.o)
 .text          0x00000000        0x0 c:/nxp/lpcxpresso_7.5.0_254/lpcxpresso/tools/bin/../lib/gcc/arm-none-eabi/4.8.4/../../../../arm-none-eabi/lib/armv7-m\libc.a(lib_a-freer.o)
 .data          0x00000000        0x0 c:/nxp/lpcxpresso_7.5.0_254/lpcxpresso/tools/bin/../lib/gcc/arm-none-eabi/4.8.4/../../../../arm-none-eabi/lib/armv7-m\libc.a(lib_a-freer.o)
 .bss           0x00000000        0x0 c:/nxp/lpcxpresso_7.5.0_254/lpcxpresso/tools/bin/../lib/gcc/arm-none-eabi/4.8.4/../../../../arm-none-eabi/lib/armv7-m\libc.a(lib_a-freer.o)
 .text._malloc_trim_r
                0x00000000       0x9c c:/nxp/lpcxpresso_7.5.0_254/lpcxpresso/tools/bin/../lib/gcc/arm-none-eabi/4.8.4/../../../../arm-none-eabi/lib/armv7-m\libc.a(lib_a-freer.o)
 .text._free_r  0x00000000      0x198 c:/nxp/lpcxpresso_7.5.0_254/lpcxpresso/tools/bin/../lib/gcc/arm-none-eabi/4.8.4/../../../../arm-none-eabi/lib/armv7-m\libc.a(lib_a-freer.o)
 .ARM.attributes
                0x00000000       0x2d c:/nxp/lpcxpresso_7.5.0_254/lpcxpresso/tools/bin/../lib/gcc/arm-none-eabi/4.8.4/../../../../arm-none-eabi/lib/armv7-m\libc.a(lib_a-freer.o)
 .debug_frame   0x00000000       0x50 c:/nxp/lpcxpresso_7.5.0_254/lpcxpresso/tools/bin/../lib/gcc/arm-none-eabi/4.8.4/../../../../arm-none-eabi/lib/armv7-m\libc.a(lib_a-freer.o)
 .text          0x00000000        0x0 c:/nxp/lpcxpresso_7.5.0_254/lpcxpresso/tools/bin/../lib/gcc/arm-none-eabi/4.8.4/../../../../arm-none-eabi/lib/armv7-m\libc.a(lib_a-impure.o)
 .data          0x00000000        0x0 c:/nxp/lpcxpresso_7.5.0_254/lpcxpresso/tools/bin/../lib/gcc/arm-none-eabi/4.8.4/../../../../arm-none-eabi/lib/armv7-m\libc.a(lib_a-impure.o)
 .bss           0x00000000        0x0 c:/nxp/lpcxpresso_7.5.0_254/lpcxpresso/tools/bin/../lib/gcc/arm-none-eabi/4.8.4/../../../../arm-none-eabi/lib/armv7-m\libc.a(lib_a-impure.o)
 .rodata._global_impure_ptr
                0x00000000        0x4 c:/nxp/lpcxpresso_7.5.0_254/lpcxpresso/tools/bin/../lib/gcc/arm-none-eabi/4.8.4/../../../../arm-none-eabi/lib/armv7-m\libc.a(lib_a-impure.o)
 .text          0x00000000        0x0 c:/nxp/lpcxpresso_7.5.0_254/lpcxpresso/tools/bin/../lib/gcc/arm-none-eabi/4.8.4/../../../../arm-none-eabi/lib/armv7-m\libc.a(lib_a-reent.o)
 .data          0x00000000        0x0 c:/nxp/lpcxpresso_7.5.0_254/lpcxpresso/tools/bin/../lib/gcc/arm-none-eabi/4.8.4/../../../../arm-none-eabi/lib/armv7-m\libc.a(lib_a-reent.o)
 .bss           0x00000000        0x0 c:/nxp/lpcxpresso_7.5.0_254/lpcxpresso/tools/bin/../lib/gcc/arm-none-eabi/4.8.4/../../../../arm-none-eabi/lib/armv7-m\libc.a(lib_a-reent.o)
 .text.cleanup_glue
                0x00000000       0x1c c:/nxp/lpcxpresso_7.5.0_254/lpcxpresso/tools/bin/../lib/gcc/arm-none-eabi/4.8.4/../../../../arm-none-eabi/lib/armv7-m\libc.a(lib_a-reent.o)
 .text._reclaim_reent
                0x00000000       0x90 c:/nxp/lpcxpresso_7.5.0_254/lpcxpresso/tools/bin/../lib/gcc/arm-none-eabi/4.8.4/../../../../arm-none-eabi/lib/armv7-m\libc.a(lib_a-reent.o)
 .ARM.attributes
                0x00000000       0x2d c:/nxp/lpcxpresso_7.5.0_254/lpcxpresso/tools/bin/../lib/gcc/arm-none-eabi/4.8.4/../../../../arm-none-eabi/lib/armv7-m\libc.a(lib_a-reent.o)
 .debug_frame   0x00000000       0x48 c:/nxp/lpcxpresso_7.5.0_254/lpcxpresso/tools/bin/../lib/gcc/arm-none-eabi/4.8.4/../../../../arm-none-eabi/lib/armv7-m\libc.a(lib_a-reent.o)
 COMMON         0x00000000        0x4 c:/nxp/lpcxpresso_7.5.0_254/lpcxpresso/tools/bin/../lib/gcc/arm-none-eabi/4.8.4/../../../../arm-none-eabi/lib/armv7-m\libc.a(lib_a-reent.o)
 .text          0x00000000        0x0 c:/nxp/lpcxpresso_7.5.0_254/lpcxpresso/tools/bin/../lib/gcc/arm-none-eabi/4.8.4/../../../../arm-none-eabi/lib/armv7-m\libm.a(lib_a-s_cos.o)
 .data          0x00000000        0x0 c:/nxp/lpcxpresso_7.5.0_254/lpcxpresso/tools/bin/../lib/gcc/arm-none-eabi/4.8.4/../../../../arm-none-eabi/lib/armv7-m\libm.a(lib_a-s_cos.o)
 .bss           0x00000000        0x0 c:/nxp/lpcxpresso_7.5.0_254/lpcxpresso/tools/bin/../lib/gcc/arm-none-eabi/4.8.4/../../../../arm-none-eabi/lib/armv7-m\libm.a(lib_a-s_cos.o)
 .text          0x00000000        0x0 c:/nxp/lpcxpresso_7.5.0_254/lpcxpresso/tools/bin/../lib/gcc/arm-none-eabi/4.8.4/../../../../arm-none-eabi/lib/armv7-m\libm.a(lib_a-s_sin.o)
 .data          0x00000000        0x0 c:/nxp/lpcxpresso_7.5.0_254/lpcxpresso/tools/bin/../lib/gcc/arm-none-eabi/4.8.4/../../../../arm-none-eabi/lib/armv7-m\libm.a(lib_a-s_sin.o)
 .bss           0x00000000        0x0 c:/nxp/lpcxpresso_7.5.0_254/lpcxpresso/tools/bin/../lib/gcc/arm-none-eabi/4.8.4/../../../../arm-none-eabi/lib/armv7-m\libm.a(lib_a-s_sin.o)
 .text          0x00000000        0x0 c:/nxp/lpcxpresso_7.5.0_254/lpcxpresso/tools/bin/../lib/gcc/arm-none-eabi/4.8.4/../../../../arm-none-eabi/lib/armv7-m\libm.a(lib_a-e_rem_pio2.o)
 .data          0x00000000        0x0 c:/nxp/lpcxpresso_7.5.0_254/lpcxpresso/tools/bin/../lib/gcc/arm-none-eabi/4.8.4/../../../../arm-none-eabi/lib/armv7-m\libm.a(lib_a-e_rem_pio2.o)
 .bss           0x00000000        0x0 c:/nxp/lpcxpresso_7.5.0_254/lpcxpresso/tools/bin/../lib/gcc/arm-none-eabi/4.8.4/../../../../arm-none-eabi/lib/armv7-m\libm.a(lib_a-e_rem_pio2.o)
 .text          0x00000000        0x0 c:/nxp/lpcxpresso_7.5.0_254/lpcxpresso/tools/bin/../lib/gcc/arm-none-eabi/4.8.4/../../../../arm-none-eabi/lib/armv7-m\libm.a(lib_a-k_cos.o)
 .data          0x00000000        0x0 c:/nxp/lpcxpresso_7.5.0_254/lpcxpresso/tools/bin/../lib/gcc/arm-none-eabi/4.8.4/../../../../arm-none-eabi/lib/armv7-m\libm.a(lib_a-k_cos.o)
 .bss           0x00000000        0x0 c:/nxp/lpcxpresso_7.5.0_254/lpcxpresso/tools/bin/../lib/gcc/arm-none-eabi/4.8.4/../../../../arm-none-eabi/lib/armv7-m\libm.a(lib_a-k_cos.o)
 .text          0x00000000        0x0 c:/nxp/lpcxpresso_7.5.0_254/lpcxpresso/tools/bin/../lib/gcc/arm-none-eabi/4.8.4/../../../../arm-none-eabi/lib/armv7-m\libm.a(lib_a-k_rem_pio2.o)
 .data          0x00000000        0x0 c:/nxp/lpcxpresso_7.5.0_254/lpcxpresso/tools/bin/../lib/gcc/arm-none-eabi/4.8.4/../../../../arm-none-eabi/lib/armv7-m\libm.a(lib_a-k_rem_pio2.o)
 .bss           0x00000000        0x0 c:/nxp/lpcxpresso_7.5.0_254/lpcxpresso/tools/bin/../lib/gcc/arm-none-eabi/4.8.4/../../../../arm-none-eabi/lib/armv7-m\libm.a(lib_a-k_rem_pio2.o)
 .text          0x00000000        0x0 c:/nxp/lpcxpresso_7.5.0_254/lpcxpresso/tools/bin/../lib/gcc/arm-none-eabi/4.8.4/../../../../arm-none-eabi/lib/armv7-m\libm.a(lib_a-k_sin.o)
 .data          0x00000000        0x0 c:/nxp/lpcxpresso_7.5.0_254/lpcxpresso/tools/bin/../lib/gcc/arm-none-eabi/4.8.4/../../../../arm-none-eabi/lib/armv7-m\libm.a(lib_a-k_sin.o)
 .bss           0x00000000        0x0 c:/nxp/lpcxpresso_7.5.0_254/lpcxpresso/tools/bin/../lib/gcc/arm-none-eabi/4.8.4/../../../../arm-none-eabi/lib/armv7-m\libm.a(lib_a-k_sin.o)
 .text          0x00000000        0x0 c:/nxp/lpcxpresso_7.5.0_254/lpcxpresso/tools/bin/../lib/gcc/arm-none-eabi/4.8.4/../../../../arm-none-eabi/lib/armv7-m\libm.a(lib_a-s_fabs.o)
 .data          0x00000000        0x0 c:/nxp/lpcxpresso_7.5.0_254/lpcxpresso/tools/bin/../lib/gcc/arm-none-eabi/4.8.4/../../../../arm-none-eabi/lib/armv7-m\libm.a(lib_a-s_fabs.o)
 .bss           0x00000000        0x0 c:/nxp/lpcxpresso_7.5.0_254/lpcxpresso/tools/bin/../lib/gcc/arm-none-eabi/4.8.4/../../../../arm-none-eabi/lib/armv7-m\libm.a(lib_a-s_fabs.o)
 .text          0x00000000        0x0 c:/nxp/lpcxpresso_7.5.0_254/lpcxpresso/tools/bin/../lib/gcc/arm-none-eabi/4.8.4/../../../../arm-none-eabi/lib/armv7-m\libm.a(lib_a-s_floor.o)
 .data          0x00000000        0x0 c:/nxp/lpcxpresso_7.5.0_254/lpcxpresso/tools/bin/../lib/gcc/arm-none-eabi/4.8.4/../../../../arm-none-eabi/lib/armv7-m\libm.a(lib_a-s_floor.o)
 .bss           0x00000000        0x0 c:/nxp/lpcxpresso_7.5.0_254/lpcxpresso/tools/bin/../lib/gcc/arm-none-eabi/4.8.4/../../../../arm-none-eabi/lib/armv7-m\libm.a(lib_a-s_floor.o)
 .text          0x00000000        0x0 c:/nxp/lpcxpresso_7.5.0_254/lpcxpresso/tools/bin/../lib/gcc/arm-none-eabi/4.8.4/../../../../arm-none-eabi/lib/armv7-m\libm.a(lib_a-s_scalbn.o)
 .data          0x00000000        0x0 c:/nxp/lpcxpresso_7.5.0_254/lpcxpresso/tools/bin/../lib/gcc/arm-none-eabi/4.8.4/../../../../arm-none-eabi/lib/armv7-m\libm.a(lib_a-s_scalbn.o)
 .bss           0x00000000        0x0 c:/nxp/lpcxpresso_7.5.0_254/lpcxpresso/tools/bin/../lib/gcc/arm-none-eabi/4.8.4/../../../../arm-none-eabi/lib/armv7-m\libm.a(lib_a-s_scalbn.o)
 .text          0x00000000        0x0 c:/nxp/lpcxpresso_7.5.0_254/lpcxpresso/tools/bin/../lib/gcc/arm-none-eabi/4.8.4/../../../../arm-none-eabi/lib/armv7-m\libm.a(lib_a-s_copysign.o)
 .data          0x00000000        0x0 c:/nxp/lpcxpresso_7.5.0_254/lpcxpresso/tools/bin/../lib/gcc/arm-none-eabi/4.8.4/../../../../arm-none-eabi/lib/armv7-m\libm.a(lib_a-s_copysign.o)
 .bss           0x00000000        0x0 c:/nxp/lpcxpresso_7.5.0_254/lpcxpresso/tools/bin/../lib/gcc/arm-none-eabi/4.8.4/../../../../arm-none-eabi/lib/armv7-m\libm.a(lib_a-s_copysign.o)
 .text          0x00000000        0x0 c:/nxp/lpcxpresso_7.5.0_254/lpcxpresso/tools/bin/../lib/gcc/arm-none-eabi/4.8.4/../../../../arm-none-eabi/lib/armv7-m\libcr_newlib_nohost.a(_cr_sbrk.o)
 .data          0x00000000        0x0 c:/nxp/lpcxpresso_7.5.0_254/lpcxpresso/tools/bin/../lib/gcc/arm-none-eabi/4.8.4/../../../../arm-none-eabi/lib/armv7-m\libcr_newlib_nohost.a(_cr_sbrk.o)
 .bss           0x00000000        0x0 c:/nxp/lpcxpresso_7.5.0_254/lpcxpresso/tools/bin/../lib/gcc/arm-none-eabi/4.8.4/../../../../arm-none-eabi/lib/armv7-m\libcr_newlib_nohost.a(_cr_sbrk.o)
 .text._sbrk    0x00000000       0x3c c:/nxp/lpcxpresso_7.5.0_254/lpcxpresso/tools/bin/../lib/gcc/arm-none-eabi/4.8.4/../../../../arm-none-eabi/lib/armv7-m\libcr_newlib_nohost.a(_cr_sbrk.o)
 .debug_info    0x00000000      0x12d c:/nxp/lpcxpresso_7.5.0_254/lpcxpresso/tools/bin/../lib/gcc/arm-none-eabi/4.8.4/../../../../arm-none-eabi/lib/armv7-m\libcr_newlib_nohost.a(_cr_sbrk.o)
 .debug_abbrev  0x00000000       0xf6 c:/nxp/lpcxpresso_7.5.0_254/lpcxpresso/tools/bin/../lib/gcc/arm-none-eabi/4.8.4/../../../../arm-none-eabi/lib/armv7-m\libcr_newlib_nohost.a(_cr_sbrk.o)
 .debug_loc     0x00000000       0x47 c:/nxp/lpcxpresso_7.5.0_254/lpcxpresso/tools/bin/../lib/gcc/arm-none-eabi/4.8.4/../../../../arm-none-eabi/lib/armv7-m\libcr_newlib_nohost.a(_cr_sbrk.o)
 .debug_aranges
                0x00000000       0x20 c:/nxp/lpcxpresso_7.5.0_254/lpcxpresso/tools/bin/../lib/gcc/arm-none-eabi/4.8.4/../../../../arm-none-eabi/lib/armv7-m\libcr_newlib_nohost.a(_cr_sbrk.o)
 .debug_ranges  0x00000000       0x10 c:/nxp/lpcxpresso_7.5.0_254/lpcxpresso/tools/bin/../lib/gcc/arm-none-eabi/4.8.4/../../../../arm-none-eabi/lib/armv7-m\libcr_newlib_nohost.a(_cr_sbrk.o)
 .debug_line    0x00000000      0x101 c:/nxp/lpcxpresso_7.5.0_254/lpcxpresso/tools/bin/../lib/gcc/arm-none-eabi/4.8.4/../../../../arm-none-eabi/lib/armv7-m\libcr_newlib_nohost.a(_cr_sbrk.o)
 .debug_str     0x00000000      0x211 c:/nxp/lpcxpresso_7.5.0_254/lpcxpresso/tools/bin/../lib/gcc/arm-none-eabi/4.8.4/../../../../arm-none-eabi/lib/armv7-m\libcr_newlib_nohost.a(_cr_sbrk.o)
 .comment       0x00000000       0x71 c:/nxp/lpcxpresso_7.5.0_254/lpcxpresso/tools/bin/../lib/gcc/arm-none-eabi/4.8.4/../../../../arm-none-eabi/lib/armv7-m\libcr_newlib_nohost.a(_cr_sbrk.o)
 .ARM.attributes
                0x00000000       0x33 c:/nxp/lpcxpresso_7.5.0_254/lpcxpresso/tools/bin/../lib/gcc/arm-none-eabi/4.8.4/../../../../arm-none-eabi/lib/armv7-m\libcr_newlib_nohost.a(_cr_sbrk.o)
 .debug_frame   0x00000000       0x2c c:/nxp/lpcxpresso_7.5.0_254/lpcxpresso/tools/bin/../lib/gcc/arm-none-eabi/4.8.4/../../../../arm-none-eabi/lib/armv7-m\libcr_newlib_nohost.a(_cr_sbrk.o)
 COMMON         0x00000000        0x4 c:/nxp/lpcxpresso_7.5.0_254/lpcxpresso/tools/bin/../lib/gcc/arm-none-eabi/4.8.4/../../../../arm-none-eabi/lib/armv7-m\libcr_newlib_nohost.a(_cr_sbrk.o)
 .text          0x00000000        0x0 c:/nxp/lpcxpresso_7.5.0_254/lpcxpresso/tools/bin/../lib/gcc/arm-none-eabi/4.8.4/../../../../arm-none-eabi/lib/armv7-m\libcr_newlib_nohost.a(_cr_check_heap.o)
 .data          0x00000000        0x0 c:/nxp/lpcxpresso_7.5.0_254/lpcxpresso/tools/bin/../lib/gcc/arm-none-eabi/4.8.4/../../../../arm-none-eabi/lib/armv7-m\libcr_newlib_nohost.a(_cr_check_heap.o)
 .bss           0x00000000        0x0 c:/nxp/lpcxpresso_7.5.0_254/lpcxpresso/tools/bin/../lib/gcc/arm-none-eabi/4.8.4/../../../../arm-none-eabi/lib/armv7-m\libcr_newlib_nohost.a(_cr_check_heap.o)
 .text.__check_heap_overflow
                0x00000000       0x18 c:/nxp/lpcxpresso_7.5.0_254/lpcxpresso/tools/bin/../lib/gcc/arm-none-eabi/4.8.4/../../../../arm-none-eabi/lib/armv7-m\libcr_newlib_nohost.a(_cr_check_heap.o)
 .debug_info    0x00000000       0x6a c:/nxp/lpcxpresso_7.5.0_254/lpcxpresso/tools/bin/../lib/gcc/arm-none-eabi/4.8.4/../../../../arm-none-eabi/lib/armv7-m\libcr_newlib_nohost.a(_cr_check_heap.o)
 .debug_abbrev  0x00000000       0x62 c:/nxp/lpcxpresso_7.5.0_254/lpcxpresso/tools/bin/../lib/gcc/arm-none-eabi/4.8.4/../../../../arm-none-eabi/lib/armv7-m\libcr_newlib_nohost.a(_cr_check_heap.o)
 .debug_loc     0x00000000       0x3a c:/nxp/lpcxpresso_7.5.0_254/lpcxpresso/tools/bin/../lib/gcc/arm-none-eabi/4.8.4/../../../../arm-none-eabi/lib/armv7-m\libcr_newlib_nohost.a(_cr_check_heap.o)
 .debug_aranges
                0x00000000       0x20 c:/nxp/lpcxpresso_7.5.0_254/lpcxpresso/tools/bin/../lib/gcc/arm-none-eabi/4.8.4/../../../../arm-none-eabi/lib/armv7-m\libcr_newlib_nohost.a(_cr_check_heap.o)
 .debug_ranges  0x00000000       0x10 c:/nxp/lpcxpresso_7.5.0_254/lpcxpresso/tools/bin/../lib/gcc/arm-none-eabi/4.8.4/../../../../arm-none-eabi/lib/armv7-m\libcr_newlib_nohost.a(_cr_check_heap.o)
 .debug_line    0x00000000       0x4d c:/nxp/lpcxpresso_7.5.0_254/lpcxpresso/tools/bin/../lib/gcc/arm-none-eabi/4.8.4/../../../../arm-none-eabi/lib/armv7-m\libcr_newlib_nohost.a(_cr_check_heap.o)
 .debug_str     0x00000000      0x15f c:/nxp/lpcxpresso_7.5.0_254/lpcxpresso/tools/bin/../lib/gcc/arm-none-eabi/4.8.4/../../../../arm-none-eabi/lib/armv7-m\libcr_newlib_nohost.a(_cr_check_heap.o)
 .comment       0x00000000       0x71 c:/nxp/lpcxpresso_7.5.0_254/lpcxpresso/tools/bin/../lib/gcc/arm-none-eabi/4.8.4/../../../../arm-none-eabi/lib/armv7-m\libcr_newlib_nohost.a(_cr_check_heap.o)
 .ARM.attributes
                0x00000000       0x33 c:/nxp/lpcxpresso_7.5.0_254/lpcxpresso/tools/bin/../lib/gcc/arm-none-eabi/4.8.4/../../../../arm-none-eabi/lib/armv7-m\libcr_newlib_nohost.a(_cr_check_heap.o)
 .debug_frame   0x00000000       0x20 c:/nxp/lpcxpresso_7.5.0_254/lpcxpresso/tools/bin/../lib/gcc/arm-none-eabi/4.8.4/../../../../arm-none-eabi/lib/armv7-m\libcr_newlib_nohost.a(_cr_check_heap.o)
 .text          0x00000000        0x0 c:/nxp/lpcxpresso_7.5.0_254/lpcxpresso/tools/bin/../lib/gcc/arm-none-eabi/4.8.4/armv7-m\crti.o
 .data          0x00000000        0x0 c:/nxp/lpcxpresso_7.5.0_254/lpcxpresso/tools/bin/../lib/gcc/arm-none-eabi/4.8.4/armv7-m\crti.o
 .bss           0x00000000        0x0 c:/nxp/lpcxpresso_7.5.0_254/lpcxpresso/tools/bin/../lib/gcc/arm-none-eabi/4.8.4/armv7-m\crti.o
 .text          0x00000000        0x0 c:/nxp/lpcxpresso_7.5.0_254/lpcxpresso/tools/bin/../lib/gcc/arm-none-eabi/4.8.4/armv7-m\crtn.o
 .data          0x00000000        0x0 c:/nxp/lpcxpresso_7.5.0_254/lpcxpresso/tools/bin/../lib/gcc/arm-none-eabi/4.8.4/armv7-m\crtn.o
 .bss           0x00000000        0x0 c:/nxp/lpcxpresso_7.5.0_254/lpcxpresso/tools/bin/../lib/gcc/arm-none-eabi/4.8.4/armv7-m\crtn.o
 .data          0x00000000        0x4 c:/nxp/lpcxpresso_7.5.0_254/lpcxpresso/tools/bin/../lib/gcc/arm-none-eabi/4.8.4/armv7-m\crtbegin.o
 .fini_array    0x00000000        0x4 c:/nxp/lpcxpresso_7.5.0_254/lpcxpresso/tools/bin/../lib/gcc/arm-none-eabi/4.8.4/armv7-m\crtbegin.o
 .text          0x00000000        0x0 c:/nxp/lpcxpresso_7.5.0_254/lpcxpresso/tools/bin/../lib/gcc/arm-none-eabi/4.8.4/armv7-m\crtend.o
 .data          0x00000000        0x0 c:/nxp/lpcxpresso_7.5.0_254/lpcxpresso/tools/bin/../lib/gcc/arm-none-eabi/4.8.4/armv7-m\crtend.o
 .bss           0x00000000        0x0 c:/nxp/lpcxpresso_7.5.0_254/lpcxpresso/tools/bin/../lib/gcc/arm-none-eabi/4.8.4/armv7-m\crtend.o
 .eh_frame      0x00000000        0x4 c:/nxp/lpcxpresso_7.5.0_254/lpcxpresso/tools/bin/../lib/gcc/arm-none-eabi/4.8.4/armv7-m\crtend.o
 .jcr           0x00000000        0x4 c:/nxp/lpcxpresso_7.5.0_254/lpcxpresso/tools/bin/../lib/gcc/arm-none-eabi/4.8.4/armv7-m\crtend.o
 .ARM.attributes
                0x00000000       0x2d c:/nxp/lpcxpresso_7.5.0_254/lpcxpresso/tools/bin/../lib/gcc/arm-none-eabi/4.8.4/armv7-m\crtend.o
 .data          0x00000000        0x0 c:/nxp/lpcxpresso_7.5.0_254/lpcxpresso/tools/bin/../lib/gcc/arm-none-eabi/4.8.4/armv7-m\libgcc.a(_arm_cmpdf2.o)
 .bss           0x00000000        0x0 c:/nxp/lpcxpresso_7.5.0_254/lpcxpresso/tools/bin/../lib/gcc/arm-none-eabi/4.8.4/armv7-m\libgcc.a(_arm_cmpdf2.o)
 .data          0x00000000        0x0 c:/nxp/lpcxpresso_7.5.0_254/lpcxpresso/tools/bin/../lib/gcc/arm-none-eabi/4.8.4/armv7-m\libgcc.a(_arm_fixdfsi.o)
 .bss           0x00000000        0x0 c:/nxp/lpcxpresso_7.5.0_254/lpcxpresso/tools/bin/../lib/gcc/arm-none-eabi/4.8.4/armv7-m\libgcc.a(_arm_fixdfsi.o)
 .text          0x00000000        0x0 c:/nxp/lpcxpresso_7.5.0_254/lpcxpresso/tools/bin/../lib/gcc/arm-none-eabi/4.8.4/../../../../arm-none-eabi/lib/armv7-m\libc.a(lib_a-errno.o)
 .data          0x00000000        0x0 c:/nxp/lpcxpresso_7.5.0_254/lpcxpresso/tools/bin/../lib/gcc/arm-none-eabi/4.8.4/../../../../arm-none-eabi/lib/armv7-m\libc.a(lib_a-errno.o)
 .bss           0x00000000        0x0 c:/nxp/lpcxpresso_7.5.0_254/lpcxpresso/tools/bin/../lib/gcc/arm-none-eabi/4.8.4/../../../../arm-none-eabi/lib/armv7-m\libc.a(lib_a-errno.o)
 .text.__errno  0x00000000        0xc c:/nxp/lpcxpresso_7.5.0_254/lpcxpresso/tools/bin/../lib/gcc/arm-none-eabi/4.8.4/../../../../arm-none-eabi/lib/armv7-m\libc.a(lib_a-errno.o)
 .ARM.attributes
                0x00000000       0x2d c:/nxp/lpcxpresso_7.5.0_254/lpcxpresso/tools/bin/../lib/gcc/arm-none-eabi/4.8.4/../../../../arm-none-eabi/lib/armv7-m\libc.a(lib_a-errno.o)
 .debug_frame   0x00000000       0x20 c:/nxp/lpcxpresso_7.5.0_254/lpcxpresso/tools/bin/../lib/gcc/arm-none-eabi/4.8.4/../../../../arm-none-eabi/lib/armv7-m\libc.a(lib_a-errno.o)

Memory Configuration

Name             Origin             Length             Attributes
MFlash64         0x00000000         0x00010000         xr
RamLoc8          0x10000000         0x00002000         xrw
RamUsb2          0x20004000         0x00000800         xrw
RamPeriph2       0x20000000         0x00000800         xrw
*default*        0x00000000         0xffffffff

Linker script and memory map

LOAD ./src/LEDCube.o
LOAD ./src/animations.o
LOAD ./src/cr_cpp_config.o
LOAD ./src/cr_startup_lpc13uxx.o
LOAD ./src/crp.o
LOAD ./src/driver.o
LOAD C:\Users\Stcupp\Documents\LPCXpresso_7.5.0_254\LEDCUBE2\CMSIS_CORE_LPC13Uxx\Release\libCMSIS_CORE_LPC13Uxx.a
START GROUP
LOAD c:/nxp/lpcxpresso_7.5.0_254/lpcxpresso/tools/bin/../lib/gcc/arm-none-eabi/4.8.4/armv7-m\libgcc.a
LOAD c:/nxp/lpcxpresso_7.5.0_254/lpcxpresso/tools/bin/../lib/gcc/arm-none-eabi/4.8.4/../../../../arm-none-eabi/lib/armv7-m\libc.a
LOAD c:/nxp/lpcxpresso_7.5.0_254/lpcxpresso/tools/bin/../lib/gcc/arm-none-eabi/4.8.4/../../../../arm-none-eabi/lib/armv7-m\libstdc++.a
LOAD c:/nxp/lpcxpresso_7.5.0_254/lpcxpresso/tools/bin/../lib/gcc/arm-none-eabi/4.8.4/../../../../arm-none-eabi/lib/armv7-m\libm.a
LOAD c:/nxp/lpcxpresso_7.5.0_254/lpcxpresso/tools/bin/../lib/gcc/arm-none-eabi/4.8.4/../../../../arm-none-eabi/lib/armv7-m\libcr_newlib_nohost.a
LOAD c:/nxp/lpcxpresso_7.5.0_254/lpcxpresso/tools/bin/../lib/gcc/arm-none-eabi/4.8.4/armv7-m\crti.o
LOAD c:/nxp/lpcxpresso_7.5.0_254/lpcxpresso/tools/bin/../lib/gcc/arm-none-eabi/4.8.4/armv7-m\crtn.o
LOAD c:/nxp/lpcxpresso_7.5.0_254/lpcxpresso/tools/bin/../lib/gcc/arm-none-eabi/4.8.4/armv7-m\crtbegin.o
LOAD c:/nxp/lpcxpresso_7.5.0_254/lpcxpresso/tools/bin/../lib/gcc/arm-none-eabi/4.8.4/armv7-m\crtend.o
END GROUP
                0x00010000                __top_MFlash64 = 0x10000
                0x10002000                __top_RamLoc8 = 0x10002000
                0x20004800                __top_RamUsb2 = 0x20004800
                0x20000800                __top_RamPeriph2 = 0x20000800

.text           0x00000000     0x47d4
 FILL mask 0xff
                0x00000000                __vectors_start__ = ABSOLUTE (.)
 *(.isr_vector)
 .isr_vector    0x00000000       0xc0 ./src/cr_startup_lpc13uxx.o
                0x00000000                g_pfnVectors
                0x000000c0                . = ALIGN (0x4)
                0x000000c0                __section_table_start = .
                0x000000c0                __data_section_table = .
                0x000000c0        0x4 LONG 0x47d4 LOADADDR (.data)
                0x000000c4        0x4 LONG 0x10000000 ADDR (.data)
                0x000000c8        0x4 LONG 0x434 SIZEOF (.data)
                0x000000cc        0x4 LONG 0x47d4 LOADADDR (.data_RAM2)
                0x000000d0        0x4 LONG 0x20004000 ADDR (.data_RAM2)
                0x000000d4        0x4 LONG 0x0 SIZEOF (.data_RAM2)
                0x000000d8        0x4 LONG 0x47d4 LOADADDR (.data_RAM3)
                0x000000dc        0x4 LONG 0x20000000 ADDR (.data_RAM3)
                0x000000e0        0x4 LONG 0x0 SIZEOF (.data_RAM3)
                0x000000e4                __data_section_table_end = .
                0x000000e4                __bss_section_table = .
                0x000000e4        0x4 LONG 0x10000434 ADDR (.bss)
                0x000000e8        0x4 LONG 0x780 SIZEOF (.bss)
                0x000000ec        0x4 LONG 0x20004000 ADDR (.bss_RAM2)
                0x000000f0        0x4 LONG 0x0 SIZEOF (.bss_RAM2)
                0x000000f4        0x4 LONG 0x20000000 ADDR (.bss_RAM3)
                0x000000f8        0x4 LONG 0x0 SIZEOF (.bss_RAM3)
                0x000000fc                __bss_section_table_end = .
                0x000000fc                __section_table_end = .
 *(.after_vectors*)
 .after_vectors
                0x000000fc       0x7c ./src/cr_startup_lpc13uxx.o
                0x000000fc                NMI_Handler
                0x000000fe                HardFault_Handler
                0x00000100                MemManage_Handler
                0x00000102                BusFault_Handler
                0x00000104                UsageFault_Handler
                0x00000106                SVC_Handler
                0x00000108                DebugMon_Handler
                0x0000010a                PendSV_Handler
                0x0000010e                OSCFAIL_IRQHandler
                0x0000010e                IntDefaultHandler
                0x0000010e                SSP0_IRQHandler
                0x0000010e                USBWakeup_IRQHandler
                0x0000010e                USART_IRQHandler
                0x0000010e                PVTCIRCUIT_IRQHandler
                0x0000010e                USB_FIQHandler
                0x0000010e                ADC_IRQHandler
                0x0000010e                SSP1_IRQHandler
                0x0000010e                CT16B0_IRQHandler
                0x0000010e                USB_IRQHandler
                0x0000010e                BOD_IRQHandler
                0x0000010e                I2C_IRQHandler
                0x0000010e                CT16B1_IRQHandler
                0x0000010e                CT32B0_IRQHandler
                0x0000010e                WDT_IRQHandler
                0x0000010e                CT32B1_IRQHandler
                0x0000010e                FMC_IRQHandler
                0x00000110                data_init(unsigned int, unsigned int, unsigned int)
                0x00000122                bss_init(unsigned int, unsigned int)
                0x00000132                ResetISR
                0x000002fc                . = 0x2fc
 *fill*         0x00000178      0x184 ff
                0x000002fc                PROVIDE (__CRP_WORD_START__, .)
 *(.crp)
 .crp           0x000002fc        0x4 ./src/crp.o
                0x000002fc                CRP_WORD
                0x00000300                PROVIDE (__CRP_WORD_END__, .)
                0x00000001                ASSERT (! ((__CRP_WORD_START__ == __CRP_WORD_END__)), Linker CRP Enabled, but no CRP_WORD provided within application)
 *(.text*)
 .text.Delay    0x00000300       0x14 ./src/LEDCube.o
                0x00000300                Delay
 .text.SysTick_Handler
                0x00000314       0x10 ./src/LEDCube.o
                0x00000314                SysTick_Handler
 .text.startup.main
                0x00000324       0xd0 ./src/LEDCube.o
                0x00000324                main
 .text.Fill_Cube
                0x000003f4      0x300 ./src/animations.o
                0x000003f4                Fill_Cube
 .text.Clear_Cube
                0x000006f4       0x38 ./src/animations.o
                0x000006f4                Clear_Cube
 .text.Lines    0x0000072c      0x3e0 ./src/animations.o
                0x0000072c                Lines
 .text.Random   0x00000b0c      0x120 ./src/animations.o
                0x00000b0c                Random
 .text.Fill_Cube_A
                0x00000c2c       0xc4 ./src/animations.o
                0x00000c2c                Fill_Cube_A
 .text.Rain     0x00000cf0      0x274 ./src/animations.o
                0x00000cf0                Rain
 .text.Cube     0x00000f64      0x1d0 ./src/animations.o
                0x00000f64                Cube
 .text.Spin     0x00001134      0x5dc ./src/animations.o
                0x00001134                Spin
 .text.Zoom     0x00001710      0x228 ./src/animations.o
                0x00001710                Zoom
 .text.Enable_Layer
                0x00001938       0x18 ./src/driver.o
                0x00001938                Enable_Layer
 .text.Setup_GPIO
                0x00001950       0xc4 ./src/driver.o
                0x00001950                Setup_GPIO
 .text.Setup_RIT
                0x00001a14       0x4c ./src/driver.o
                0x00001a14                Setup_RIT
 .text.OSTIMER_IRQHandler
                0x00001a60      0x21c ./src/driver.o
                0x00001a60                OSTIMER_IRQHandler
 *fill*         0x00001c7c        0x4 
 .text.fill_colour_wheel
                0x00001c80      0x170 ./src/driver.o
                0x00001c80                fill_colour_wheel
 .text.RIT_SetCNTRL
                0x00001df0       0x18 C:\Users\Stcupp\Documents\LPCXpresso_7.5.0_254\LEDCUBE2\CMSIS_CORE_LPC13Uxx\Release\libCMSIS_CORE_LPC13Uxx.a(RIT.o)
                0x00001df0                RIT_SetCNTRL
 .text.RIT_SetMask
                0x00001e08       0x10 C:\Users\Stcupp\Documents\LPCXpresso_7.5.0_254\LEDCUBE2\CMSIS_CORE_LPC13Uxx\Release\libCMSIS_CORE_LPC13Uxx.a(RIT.o)
                0x00001e08                RIT_SetMask
 .text.RIT_SetComp
                0x00001e18       0x10 C:\Users\Stcupp\Documents\LPCXpresso_7.5.0_254\LEDCUBE2\CMSIS_CORE_LPC13Uxx\Release\libCMSIS_CORE_LPC13Uxx.a(RIT.o)
                0x00001e18                RIT_SetComp
 .text.RIT_SetCount
                0x00001e28        0xc C:\Users\Stcupp\Documents\LPCXpresso_7.5.0_254\LEDCUBE2\CMSIS_CORE_LPC13Uxx\Release\libCMSIS_CORE_LPC13Uxx.a(RIT.o)
                0x00001e28                RIT_SetCount
 .text.PIN_INT0_IRQHandler
                0x00001e34       0x70 C:\Users\Stcupp\Documents\LPCXpresso_7.5.0_254\LEDCUBE2\CMSIS_CORE_LPC13Uxx\Release\libCMSIS_CORE_LPC13Uxx.a(gpio.o)
                0x00001e34                PIN_INT0_IRQHandler
 .text.PIN_INT1_IRQHandler
                0x00001ea4       0x70 C:\Users\Stcupp\Documents\LPCXpresso_7.5.0_254\LEDCUBE2\CMSIS_CORE_LPC13Uxx\Release\libCMSIS_CORE_LPC13Uxx.a(gpio.o)
                0x00001ea4                PIN_INT1_IRQHandler
 .text.PIN_INT2_IRQHandler
                0x00001f14       0x70 C:\Users\Stcupp\Documents\LPCXpresso_7.5.0_254\LEDCUBE2\CMSIS_CORE_LPC13Uxx\Release\libCMSIS_CORE_LPC13Uxx.a(gpio.o)
                0x00001f14                PIN_INT2_IRQHandler
 .text.PIN_INT3_IRQHandler
                0x00001f84       0x70 C:\Users\Stcupp\Documents\LPCXpresso_7.5.0_254\LEDCUBE2\CMSIS_CORE_LPC13Uxx\Release\libCMSIS_CORE_LPC13Uxx.a(gpio.o)
                0x00001f84                PIN_INT3_IRQHandler
 .text.PIN_INT4_IRQHandler
                0x00001ff4       0x70 C:\Users\Stcupp\Documents\LPCXpresso_7.5.0_254\LEDCUBE2\CMSIS_CORE_LPC13Uxx\Release\libCMSIS_CORE_LPC13Uxx.a(gpio.o)
                0x00001ff4                PIN_INT4_IRQHandler
 .text.PIN_INT5_IRQHandler
                0x00002064       0x70 C:\Users\Stcupp\Documents\LPCXpresso_7.5.0_254\LEDCUBE2\CMSIS_CORE_LPC13Uxx\Release\libCMSIS_CORE_LPC13Uxx.a(gpio.o)
                0x00002064                PIN_INT5_IRQHandler
 .text.PIN_INT6_IRQHandler
                0x000020d4       0x70 C:\Users\Stcupp\Documents\LPCXpresso_7.5.0_254\LEDCUBE2\CMSIS_CORE_LPC13Uxx\Release\libCMSIS_CORE_LPC13Uxx.a(gpio.o)
                0x000020d4                PIN_INT6_IRQHandler
 .text.PIN_INT7_IRQHandler
                0x00002144       0x70 C:\Users\Stcupp\Documents\LPCXpresso_7.5.0_254\LEDCUBE2\CMSIS_CORE_LPC13Uxx\Release\libCMSIS_CORE_LPC13Uxx.a(gpio.o)
                0x00002144                PIN_INT7_IRQHandler
 .text.GINT0_IRQHandler
                0x000021b4       0x3c C:\Users\Stcupp\Documents\LPCXpresso_7.5.0_254\LEDCUBE2\CMSIS_CORE_LPC13Uxx\Release\libCMSIS_CORE_LPC13Uxx.a(gpio.o)
                0x000021b4                GINT0_IRQHandler
 .text.GINT1_IRQHandler
                0x000021f0       0x3c C:\Users\Stcupp\Documents\LPCXpresso_7.5.0_254\LEDCUBE2\CMSIS_CORE_LPC13Uxx\Release\libCMSIS_CORE_LPC13Uxx.a(gpio.o)
                0x000021f0                GINT1_IRQHandler
 .text.GPIOInit
                0x0000222c       0x20 C:\Users\Stcupp\Documents\LPCXpresso_7.5.0_254\LEDCUBE2\CMSIS_CORE_LPC13Uxx\Release\libCMSIS_CORE_LPC13Uxx.a(gpio.o)
                0x0000222c                GPIOInit
 .text.GPIO_SetDir
                0x0000224c       0x24 C:\Users\Stcupp\Documents\LPCXpresso_7.5.0_254\LEDCUBE2\CMSIS_CORE_LPC13Uxx\Release\libCMSIS_CORE_LPC13Uxx.a(gpio.o)
                0x0000224c                GPIO_SetDir
 .text.GPIO_SetMask
                0x00002270       0x10 C:\Users\Stcupp\Documents\LPCXpresso_7.5.0_254\LEDCUBE2\CMSIS_CORE_LPC13Uxx\Release\libCMSIS_CORE_LPC13Uxx.a(gpio.o)
                0x00002270                GPIO_SetMask
 .text.GPIO_SetMaskValue
                0x00002280       0x10 C:\Users\Stcupp\Documents\LPCXpresso_7.5.0_254\LEDCUBE2\CMSIS_CORE_LPC13Uxx\Release\libCMSIS_CORE_LPC13Uxx.a(gpio.o)
                0x00002280                GPIO_SetMaskValue
 .text.SystemInit
                0x00002290       0xa0 C:\Users\Stcupp\Documents\LPCXpresso_7.5.0_254\LEDCUBE2\CMSIS_CORE_LPC13Uxx\Release\libCMSIS_CORE_LPC13Uxx.a(system_LPC13Uxx.o)
                0x00002290                SystemInit
 .text          0x00002330      0x370 c:/nxp/lpcxpresso_7.5.0_254/lpcxpresso/tools/bin/../lib/gcc/arm-none-eabi/4.8.4/armv7-m\libgcc.a(_arm_addsubdf3.o)
                0x00002330                __aeabi_drsub
                0x00002338                __aeabi_dsub
                0x00002338                __subdf3
                0x0000233c                __aeabi_dadd
                0x0000233c                __adddf3
                0x000025b4                __floatunsidf
                0x000025b4                __aeabi_ui2d
                0x000025d4                __floatsidf
                0x000025d4                __aeabi_i2d
                0x000025f8                __aeabi_f2d
                0x000025f8                __extendsfdf2
                0x00002634                __floatundidf
                0x00002634                __aeabi_ul2d
                0x00002644                __floatdidf
                0x00002644                __aeabi_l2d
 .text          0x000026a0      0x424 c:/nxp/lpcxpresso_7.5.0_254/lpcxpresso/tools/bin/../lib/gcc/arm-none-eabi/4.8.4/armv7-m\libgcc.a(_arm_muldivdf3.o)
                0x000026a0                __aeabi_dmul
                0x000026a0                __muldf3
                0x000028f4                __divdf3
                0x000028f4                __aeabi_ddiv
 .text          0x00002ac4       0xa0 c:/nxp/lpcxpresso_7.5.0_254/lpcxpresso/tools/bin/../lib/gcc/arm-none-eabi/4.8.4/armv7-m\libgcc.a(_arm_truncdfsf2.o)
                0x00002ac4                __truncdfsf2
                0x00002ac4                __aeabi_d2f
 .text          0x00002b64      0x21c c:/nxp/lpcxpresso_7.5.0_254/lpcxpresso/tools/bin/../lib/gcc/arm-none-eabi/4.8.4/armv7-m\libgcc.a(_arm_addsubsf3.o)
                0x00002b64                __aeabi_frsub
                0x00002b6c                __subsf3
                0x00002b6c                __aeabi_fsub
                0x00002b70                __aeabi_fadd
                0x00002b70                __addsf3
                0x00002cd0                __aeabi_ui2f
                0x00002cd0                __floatunsisf
                0x00002cd8                __aeabi_i2f
                0x00002cd8                __floatsisf
                0x00002cf4                __aeabi_ul2f
                0x00002cf4                __floatundisf
                0x00002d04                __aeabi_l2f
                0x00002d04                __floatdisf
 .text          0x00002d80      0x2a0 c:/nxp/lpcxpresso_7.5.0_254/lpcxpresso/tools/bin/../lib/gcc/arm-none-eabi/4.8.4/armv7-m\libgcc.a(_arm_muldivsf3.o)
                0x00002d80                __mulsf3
                0x00002d80                __aeabi_fmul
                0x00002ee8                __aeabi_fdiv
                0x00002ee8                __divsf3
 .text          0x00003020       0x40 c:/nxp/lpcxpresso_7.5.0_254/lpcxpresso/tools/bin/../lib/gcc/arm-none-eabi/4.8.4/armv7-m\libgcc.a(_arm_fixunssfsi.o)
                0x00003020                __fixunssfsi
                0x00003020                __aeabi_f2uiz
 .text.__libc_init_array
                0x00003060       0x50 c:/nxp/lpcxpresso_7.5.0_254/lpcxpresso/tools/bin/../lib/gcc/arm-none-eabi/4.8.4/../../../../arm-none-eabi/lib/armv7-m\libc.a(lib_a-init.o)
                0x00003060                __libc_init_array
 .text.srand    0x000030b0       0x10 c:/nxp/lpcxpresso_7.5.0_254/lpcxpresso/tools/bin/../lib/gcc/arm-none-eabi/4.8.4/../../../../arm-none-eabi/lib/armv7-m\libc.a(lib_a-rand.o)
                0x000030b0                srand
 .text.rand     0x000030c0       0x40 c:/nxp/lpcxpresso_7.5.0_254/lpcxpresso/tools/bin/../lib/gcc/arm-none-eabi/4.8.4/../../../../arm-none-eabi/lib/armv7-m\libc.a(lib_a-rand.o)
                0x000030c0                rand
 .text.cos      0x00003100       0x8c c:/nxp/lpcxpresso_7.5.0_254/lpcxpresso/tools/bin/../lib/gcc/arm-none-eabi/4.8.4/../../../../arm-none-eabi/lib/armv7-m\libm.a(lib_a-s_cos.o)
                0x00003100                cos
 .text.sin      0x0000318c       0x94 c:/nxp/lpcxpresso_7.5.0_254/lpcxpresso/tools/bin/../lib/gcc/arm-none-eabi/4.8.4/../../../../arm-none-eabi/lib/armv7-m\libm.a(lib_a-s_sin.o)
                0x0000318c                sin
 .text.__ieee754_rem_pio2
                0x00003220      0x440 c:/nxp/lpcxpresso_7.5.0_254/lpcxpresso/tools/bin/../lib/gcc/arm-none-eabi/4.8.4/../../../../arm-none-eabi/lib/armv7-m\libm.a(lib_a-e_rem_pio2.o)
                0x00003220                __ieee754_rem_pio2
 .text.__kernel_cos
                0x00003660      0x248 c:/nxp/lpcxpresso_7.5.0_254/lpcxpresso/tools/bin/../lib/gcc/arm-none-eabi/4.8.4/../../../../arm-none-eabi/lib/armv7-m\libm.a(lib_a-k_cos.o)
                0x00003660                __kernel_cos
 .text.__kernel_rem_pio2
                0x000038a8      0x7bc c:/nxp/lpcxpresso_7.5.0_254/lpcxpresso/tools/bin/../lib/gcc/arm-none-eabi/4.8.4/../../../../arm-none-eabi/lib/armv7-m\libm.a(lib_a-k_rem_pio2.o)
                0x000038a8                __kernel_rem_pio2
 *fill*         0x00004064        0x4 
 .text.__kernel_sin
                0x00004068      0x170 c:/nxp/lpcxpresso_7.5.0_254/lpcxpresso/tools/bin/../lib/gcc/arm-none-eabi/4.8.4/../../../../arm-none-eabi/lib/armv7-m\libm.a(lib_a-k_sin.o)
                0x00004068                __kernel_sin
 .text.fabs     0x000041d8        0x8 c:/nxp/lpcxpresso_7.5.0_254/lpcxpresso/tools/bin/../lib/gcc/arm-none-eabi/4.8.4/../../../../arm-none-eabi/lib/armv7-m\libm.a(lib_a-s_fabs.o)
                0x000041d8                fabs
 .text.floor    0x000041e0      0x120 c:/nxp/lpcxpresso_7.5.0_254/lpcxpresso/tools/bin/../lib/gcc/arm-none-eabi/4.8.4/../../../../arm-none-eabi/lib/armv7-m\libm.a(lib_a-s_floor.o)
                0x000041e0                floor
 .text.scalbn   0x00004300      0x100 c:/nxp/lpcxpresso_7.5.0_254/lpcxpresso/tools/bin/../lib/gcc/arm-none-eabi/4.8.4/../../../../arm-none-eabi/lib/armv7-m\libm.a(lib_a-s_scalbn.o)
                0x00004300                scalbn
 .text.copysign
                0x00004400       0x14 c:/nxp/lpcxpresso_7.5.0_254/lpcxpresso/tools/bin/../lib/gcc/arm-none-eabi/4.8.4/../../../../arm-none-eabi/lib/armv7-m\libm.a(lib_a-s_copysign.o)
                0x00004400                copysign
 .text          0x00004414       0x54 c:/nxp/lpcxpresso_7.5.0_254/lpcxpresso/tools/bin/../lib/gcc/arm-none-eabi/4.8.4/armv7-m\crtbegin.o
 .text          0x00004468      0x110 c:/nxp/lpcxpresso_7.5.0_254/lpcxpresso/tools/bin/../lib/gcc/arm-none-eabi/4.8.4/armv7-m\libgcc.a(_arm_cmpdf2.o)
                0x00004468                __gtdf2
                0x00004468                __gedf2
                0x00004470                __ltdf2
                0x00004470                __ledf2
                0x00004478                __nedf2
                0x00004478                __eqdf2
                0x00004478                __cmpdf2
                0x000044f4                __aeabi_cdrcmple
                0x00004504                __aeabi_cdcmpeq
                0x00004504                __aeabi_cdcmple
                0x00004514                __aeabi_dcmpeq
                0x00004528                __aeabi_dcmplt
                0x0000453c                __aeabi_dcmple
                0x00004550                __aeabi_dcmpge
                0x00004564                __aeabi_dcmpgt
 .text          0x00004578       0x50 c:/nxp/lpcxpresso_7.5.0_254/lpcxpresso/tools/bin/../lib/gcc/arm-none-eabi/4.8.4/armv7-m\libgcc.a(_arm_fixdfsi.o)
                0x00004578                __aeabi_d2iz
                0x00004578                __fixdfsi
 *(.rodata .rodata.* .constdata .constdata.*)
 .rodata.CSWTCH.29
                0x000045c8       0x10 ./src/driver.o
 .rodata.str1.4
                0x000045d8        0x4 c:/nxp/lpcxpresso_7.5.0_254/lpcxpresso/tools/bin/../lib/gcc/arm-none-eabi/4.8.4/../../../../arm-none-eabi/lib/armv7-m\libc.a(lib_a-impure.o)
 .rodata.npio2_hw
                0x000045dc       0x80 c:/nxp/lpcxpresso_7.5.0_254/lpcxpresso/tools/bin/../lib/gcc/arm-none-eabi/4.8.4/../../../../arm-none-eabi/lib/armv7-m\libm.a(lib_a-e_rem_pio2.o)
 .rodata.two_over_pi
                0x0000465c      0x108 c:/nxp/lpcxpresso_7.5.0_254/lpcxpresso/tools/bin/../lib/gcc/arm-none-eabi/4.8.4/../../../../arm-none-eabi/lib/armv7-m\libm.a(lib_a-e_rem_pio2.o)
 .rodata.init_jk
                0x00004764       0x10 c:/nxp/lpcxpresso_7.5.0_254/lpcxpresso/tools/bin/../lib/gcc/arm-none-eabi/4.8.4/../../../../arm-none-eabi/lib/armv7-m\libm.a(lib_a-k_rem_pio2.o)
 *fill*         0x00004774        0x4 
 .rodata.PIo2   0x00004778       0x40 c:/nxp/lpcxpresso_7.5.0_254/lpcxpresso/tools/bin/../lib/gcc/arm-none-eabi/4.8.4/../../../../arm-none-eabi/lib/armv7-m\libm.a(lib_a-k_rem_pio2.o)
                0x000047b8                . = ALIGN (0x4)
                0x000047b8                . = ALIGN (0x4)
 *(.init)
 .init          0x000047b8        0x4 c:/nxp/lpcxpresso_7.5.0_254/lpcxpresso/tools/bin/../lib/gcc/arm-none-eabi/4.8.4/armv7-m\crti.o
                0x000047b8                _init
 .init          0x000047bc        0x8 c:/nxp/lpcxpresso_7.5.0_254/lpcxpresso/tools/bin/../lib/gcc/arm-none-eabi/4.8.4/armv7-m\crtn.o
                0x000047c4                . = ALIGN (0x4)
                0x000047c4                __preinit_array_start = .
 *(.preinit_array)
                0x000047c4                __preinit_array_end = .
                0x000047c4                . = ALIGN (0x4)
                0x000047c4                __init_array_start = .
 *(SORT(.init_array.*))
 *(.init_array)
 .init_array    0x000047c4        0x4 c:/nxp/lpcxpresso_7.5.0_254/lpcxpresso/tools/bin/../lib/gcc/arm-none-eabi/4.8.4/armv7-m\crtbegin.o
                0x000047c8                __init_array_end = .
 *(.fini)
 .fini          0x000047c8        0x4 c:/nxp/lpcxpresso_7.5.0_254/lpcxpresso/tools/bin/../lib/gcc/arm-none-eabi/4.8.4/armv7-m\crti.o
                0x000047c8                _fini
 .fini          0x000047cc        0x8 c:/nxp/lpcxpresso_7.5.0_254/lpcxpresso/tools/bin/../lib/gcc/arm-none-eabi/4.8.4/armv7-m\crtn.o
                0x000047d4                . = ALIGN (0x4)
 *crtbegin.o(.ctors)
 *(EXCLUDE_FILE(*crtend.o) .ctors)
 *(SORT(.ctors.*))
 *crtend.o(.ctors)
                0x000047d4                . = ALIGN (0x4)
 *crtbegin.o(.dtors)
 *(EXCLUDE_FILE(*crtend.o) .dtors)
 *(SORT(.dtors.*))
 *crtend.o(.dtors)
                0x000047d4                . = ALIGN (0x4)

.glue_7         0x000047d4        0x0
 .glue_7        0x00000000        0x0 linker stubs

.glue_7t        0x000047d4        0x0
 .glue_7t       0x00000000        0x0 linker stubs

.vfp11_veneer   0x000047d4        0x0
 .vfp11_veneer  0x00000000        0x0 linker stubs

.v4_bx          0x000047d4        0x0
 .v4_bx         0x00000000        0x0 linker stubs

.iplt           0x000047d4        0x0
 .iplt          0x00000000        0x0 ./src/LEDCube.o

.rel.dyn        0x000047d4        0x0
 .rel.iplt      0x00000000        0x0 ./src/LEDCube.o

.eh_frame       0x000047d4        0x0
 .eh_frame      0x000047d4        0x0 c:/nxp/lpcxpresso_7.5.0_254/lpcxpresso/tools/bin/../lib/gcc/arm-none-eabi/4.8.4/armv7-m\crtbegin.o

.ARM.extab
 *(.ARM.extab* .gnu.linkonce.armextab.*)
                0x000047d4                __exidx_start = .

.ARM.exidx
 *(.ARM.exidx* .gnu.linkonce.armexidx.*)
                0x000047d4                __exidx_end = .
                0x000047d4                _etext = .

.data_RAM2      0x20004000        0x0 load address 0x000047d4
 FILL mask 0xff
 *(.ramfunc.$RAM2)
 *(.ramfunc.$RamUsb2)
 *(.data.$RAM2*)
 *(.data.$RamUsb2*)
                0x20004000                . = ALIGN (0x4)

.data_RAM3      0x20000000        0x0 load address 0x000047d4
 FILL mask 0xff
 *(.ramfunc.$RAM3)
 *(.ramfunc.$RamPeriph2)
 *(.data.$RAM3*)
 *(.data.$RamPeriph2*)
                0x20000000                . = ALIGN (0x4)

.uninit_RESERVED
                0x10000000        0x0
 *(.bss.$RESERVED*)
                0x10000000                . = ALIGN (0x4)
                0x10000000                _end_uninit_RESERVED = .

.data           0x10000000      0x434 load address 0x000047d4
 FILL mask 0xff
                0x10000000                _data = .
 *(vtable)
 *(.ramfunc*)
 *(.data*)
 .data.SystemCoreClock
                0x10000000        0x4 C:\Users\Stcupp\Documents\LPCXpresso_7.5.0_254\LEDCUBE2\CMSIS_CORE_LPC13Uxx\Release\libCMSIS_CORE_LPC13Uxx.a(system_LPC13Uxx.o)
                0x10000000                SystemCoreClock
 *fill*         0x10000004        0x4 
 .data.impure_data
                0x10000008      0x428 c:/nxp/lpcxpresso_7.5.0_254/lpcxpresso/tools/bin/../lib/gcc/arm-none-eabi/4.8.4/../../../../arm-none-eabi/lib/armv7-m\libc.a(lib_a-impure.o)
 .data._impure_ptr
                0x10000430        0x4 c:/nxp/lpcxpresso_7.5.0_254/lpcxpresso/tools/bin/../lib/gcc/arm-none-eabi/4.8.4/../../../../arm-none-eabi/lib/armv7-m\libc.a(lib_a-impure.o)
                0x10000430                _impure_ptr
                0x10000434                . = ALIGN (0x4)
                0x10000434                _edata = .

.igot.plt       0x10000434        0x0 load address 0x00004c08
 .igot.plt      0x00000000        0x0 ./src/LEDCube.o

.jcr            0x10000434        0x0 load address 0x00004c08
 .jcr           0x10000434        0x0 c:/nxp/lpcxpresso_7.5.0_254/lpcxpresso/tools/bin/../lib/gcc/arm-none-eabi/4.8.4/armv7-m\crtbegin.o

.bss_RAM2       0x20004000        0x0
 *(.bss.$RAM2*)
 *(.bss.$RamUsb2*)
                0x20004000                . = ALIGN (0x4)

.bss_RAM3       0x20000000        0x0
 *(.bss.$RAM3*)
 *(.bss.$RamPeriph2*)
                0x20000000                . = ALIGN (0x4)

.bss            0x10000434      0x780
                0x10000434                _bss = .
 *(.bss*)
 .bss.msTicks   0x10000434        0x4 ./src/LEDCube.o
                0x10000434                msTicks
 .bss.Layer_Count
                0x10000438        0x1 ./src/driver.o
                0x10000438                Layer_Count
 .bss.INT_Count
                0x10000439        0x1 ./src/driver.o
                0x10000439                INT_Count
 *fill*         0x1000043a        0x2 
 .bss.pin_int7_rising_edge_counter
                0x1000043c        0x4 C:\Users\Stcupp\Documents\LPCXpresso_7.5.0_254\LEDCUBE2\CMSIS_CORE_LPC13Uxx\Release\libCMSIS_CORE_LPC13Uxx.a(gpio.o)
                0x1000043c                pin_int7_rising_edge_counter
 .bss.pin_int5_rising_edge_counter
                0x10000440        0x4 C:\Users\Stcupp\Documents\LPCXpresso_7.5.0_254\LEDCUBE2\CMSIS_CORE_LPC13Uxx\Release\libCMSIS_CORE_LPC13Uxx.a(gpio.o)
                0x10000440                pin_int5_rising_edge_counter
 .bss.pin_int6_level_counter
                0x10000444        0x4 C:\Users\Stcupp\Documents\LPCXpresso_7.5.0_254\LEDCUBE2\CMSIS_CORE_LPC13Uxx\Release\libCMSIS_CORE_LPC13Uxx.a(gpio.o)
                0x10000444                pin_int6_level_counter
 .bss.pin_int1_level_counter
                0x10000448        0x4 C:\Users\Stcupp\Documents\LPCXpresso_7.5.0_254\LEDCUBE2\CMSIS_CORE_LPC13Uxx\Release\libCMSIS_CORE_LPC13Uxx.a(gpio.o)
                0x10000448                pin_int1_level_counter
 .bss.pin_int2_falling_edge_counter
                0x1000044c        0x4 C:\Users\Stcupp\Documents\LPCXpresso_7.5.0_254\LEDCUBE2\CMSIS_CORE_LPC13Uxx\Release\libCMSIS_CORE_LPC13Uxx.a(gpio.o)
                0x1000044c                pin_int2_falling_edge_counter
 .bss.pin_int1_rising_edge_counter
                0x10000450        0x4 C:\Users\Stcupp\Documents\LPCXpresso_7.5.0_254\LEDCUBE2\CMSIS_CORE_LPC13Uxx\Release\libCMSIS_CORE_LPC13Uxx.a(gpio.o)
                0x10000450                pin_int1_rising_edge_counter
 .bss.pin_int5_falling_edge_counter
                0x10000454        0x4 C:\Users\Stcupp\Documents\LPCXpresso_7.5.0_254\LEDCUBE2\CMSIS_CORE_LPC13Uxx\Release\libCMSIS_CORE_LPC13Uxx.a(gpio.o)
                0x10000454                pin_int5_falling_edge_counter
 .bss.pin_int1_counter
                0x10000458        0x4 C:\Users\Stcupp\Documents\LPCXpresso_7.5.0_254\LEDCUBE2\CMSIS_CORE_LPC13Uxx\Release\libCMSIS_CORE_LPC13Uxx.a(gpio.o)
                0x10000458                pin_int1_counter
 .bss.pin_int7_counter
                0x1000045c        0x4 C:\Users\Stcupp\Documents\LPCXpresso_7.5.0_254\LEDCUBE2\CMSIS_CORE_LPC13Uxx\Release\libCMSIS_CORE_LPC13Uxx.a(gpio.o)
                0x1000045c                pin_int7_counter
 .bss.pin_int7_level_counter
                0x10000460        0x4 C:\Users\Stcupp\Documents\LPCXpresso_7.5.0_254\LEDCUBE2\CMSIS_CORE_LPC13Uxx\Release\libCMSIS_CORE_LPC13Uxx.a(gpio.o)
                0x10000460                pin_int7_level_counter
 .bss.pin_int5_level_counter
                0x10000464        0x4 C:\Users\Stcupp\Documents\LPCXpresso_7.5.0_254\LEDCUBE2\CMSIS_CORE_LPC13Uxx\Release\libCMSIS_CORE_LPC13Uxx.a(gpio.o)
                0x10000464                pin_int5_level_counter
 .bss.pin_int4_counter
                0x10000468        0x4 C:\Users\Stcupp\Documents\LPCXpresso_7.5.0_254\LEDCUBE2\CMSIS_CORE_LPC13Uxx\Release\libCMSIS_CORE_LPC13Uxx.a(gpio.o)
                0x10000468                pin_int4_counter
 .bss.gint1_counter
                0x1000046c        0x4 C:\Users\Stcupp\Documents\LPCXpresso_7.5.0_254\LEDCUBE2\CMSIS_CORE_LPC13Uxx\Release\libCMSIS_CORE_LPC13Uxx.a(gpio.o)
                0x1000046c                gint1_counter
 .bss.pin_int0_falling_edge_counter
                0x10000470        0x4 C:\Users\Stcupp\Documents\LPCXpresso_7.5.0_254\LEDCUBE2\CMSIS_CORE_LPC13Uxx\Release\libCMSIS_CORE_LPC13Uxx.a(gpio.o)
                0x10000470                pin_int0_falling_edge_counter
 .bss.gint0_edge_counter
                0x10000474        0x4 C:\Users\Stcupp\Documents\LPCXpresso_7.5.0_254\LEDCUBE2\CMSIS_CORE_LPC13Uxx\Release\libCMSIS_CORE_LPC13Uxx.a(gpio.o)
                0x10000474                gint0_edge_counter
 .bss.gint1_level_counter
                0x10000478        0x4 C:\Users\Stcupp\Documents\LPCXpresso_7.5.0_254\LEDCUBE2\CMSIS_CORE_LPC13Uxx\Release\libCMSIS_CORE_LPC13Uxx.a(gpio.o)
                0x10000478                gint1_level_counter
 .bss.pin_int4_level_counter
                0x1000047c        0x4 C:\Users\Stcupp\Documents\LPCXpresso_7.5.0_254\LEDCUBE2\CMSIS_CORE_LPC13Uxx\Release\libCMSIS_CORE_LPC13Uxx.a(gpio.o)
                0x1000047c                pin_int4_level_counter
 .bss.pin_int3_falling_edge_counter
                0x10000480        0x4 C:\Users\Stcupp\Documents\LPCXpresso_7.5.0_254\LEDCUBE2\CMSIS_CORE_LPC13Uxx\Release\libCMSIS_CORE_LPC13Uxx.a(gpio.o)
                0x10000480                pin_int3_falling_edge_counter
 .bss.gint0_level_counter
                0x10000484        0x4 C:\Users\Stcupp\Documents\LPCXpresso_7.5.0_254\LEDCUBE2\CMSIS_CORE_LPC13Uxx\Release\libCMSIS_CORE_LPC13Uxx.a(gpio.o)
                0x10000484                gint0_level_counter
 .bss.pin_int6_rising_edge_counter
                0x10000488        0x4 C:\Users\Stcupp\Documents\LPCXpresso_7.5.0_254\LEDCUBE2\CMSIS_CORE_LPC13Uxx\Release\libCMSIS_CORE_LPC13Uxx.a(gpio.o)
                0x10000488                pin_int6_rising_edge_counter
 .bss.pin_int4_rising_edge_counter
                0x1000048c        0x4 C:\Users\Stcupp\Documents\LPCXpresso_7.5.0_254\LEDCUBE2\CMSIS_CORE_LPC13Uxx\Release\libCMSIS_CORE_LPC13Uxx.a(gpio.o)
                0x1000048c                pin_int4_rising_edge_counter
 .bss.pin_int6_falling_edge_counter
                0x10000490        0x4 C:\Users\Stcupp\Documents\LPCXpresso_7.5.0_254\LEDCUBE2\CMSIS_CORE_LPC13Uxx\Release\libCMSIS_CORE_LPC13Uxx.a(gpio.o)
                0x10000490                pin_int6_falling_edge_counter
 .bss.pin_int2_counter
                0x10000494        0x4 C:\Users\Stcupp\Documents\LPCXpresso_7.5.0_254\LEDCUBE2\CMSIS_CORE_LPC13Uxx\Release\libCMSIS_CORE_LPC13Uxx.a(gpio.o)
                0x10000494                pin_int2_counter
 .bss.pin_int0_level_counter
                0x10000498        0x4 C:\Users\Stcupp\Documents\LPCXpresso_7.5.0_254\LEDCUBE2\CMSIS_CORE_LPC13Uxx\Release\libCMSIS_CORE_LPC13Uxx.a(gpio.o)
                0x10000498                pin_int0_level_counter
 .bss.pin_int2_rising_edge_counter
                0x1000049c        0x4 C:\Users\Stcupp\Documents\LPCXpresso_7.5.0_254\LEDCUBE2\CMSIS_CORE_LPC13Uxx\Release\libCMSIS_CORE_LPC13Uxx.a(gpio.o)
                0x1000049c                pin_int2_rising_edge_counter
 .bss.pin_int0_rising_edge_counter
                0x100004a0        0x4 C:\Users\Stcupp\Documents\LPCXpresso_7.5.0_254\LEDCUBE2\CMSIS_CORE_LPC13Uxx\Release\libCMSIS_CORE_LPC13Uxx.a(gpio.o)
                0x100004a0                pin_int0_rising_edge_counter
 .bss.gint0_counter
                0x100004a4        0x4 C:\Users\Stcupp\Documents\LPCXpresso_7.5.0_254\LEDCUBE2\CMSIS_CORE_LPC13Uxx\Release\libCMSIS_CORE_LPC13Uxx.a(gpio.o)
                0x100004a4                gint0_counter
 .bss.pin_int5_counter
                0x100004a8        0x4 C:\Users\Stcupp\Documents\LPCXpresso_7.5.0_254\LEDCUBE2\CMSIS_CORE_LPC13Uxx\Release\libCMSIS_CORE_LPC13Uxx.a(gpio.o)
                0x100004a8                pin_int5_counter
 .bss.pin_int3_level_counter
                0x100004ac        0x4 C:\Users\Stcupp\Documents\LPCXpresso_7.5.0_254\LEDCUBE2\CMSIS_CORE_LPC13Uxx\Release\libCMSIS_CORE_LPC13Uxx.a(gpio.o)
                0x100004ac                pin_int3_level_counter
 .bss.pin_int7_falling_edge_counter
                0x100004b0        0x4 C:\Users\Stcupp\Documents\LPCXpresso_7.5.0_254\LEDCUBE2\CMSIS_CORE_LPC13Uxx\Release\libCMSIS_CORE_LPC13Uxx.a(gpio.o)
                0x100004b0                pin_int7_falling_edge_counter
 .bss.gint1_edge_counter
                0x100004b4        0x4 C:\Users\Stcupp\Documents\LPCXpresso_7.5.0_254\LEDCUBE2\CMSIS_CORE_LPC13Uxx\Release\libCMSIS_CORE_LPC13Uxx.a(gpio.o)
                0x100004b4                gint1_edge_counter
 .bss.pin_int1_falling_edge_counter
                0x100004b8        0x4 C:\Users\Stcupp\Documents\LPCXpresso_7.5.0_254\LEDCUBE2\CMSIS_CORE_LPC13Uxx\Release\libCMSIS_CORE_LPC13Uxx.a(gpio.o)
                0x100004b8                pin_int1_falling_edge_counter
 .bss.pin_int3_rising_edge_counter
                0x100004bc        0x4 C:\Users\Stcupp\Documents\LPCXpresso_7.5.0_254\LEDCUBE2\CMSIS_CORE_LPC13Uxx\Release\libCMSIS_CORE_LPC13Uxx.a(gpio.o)
                0x100004bc                pin_int3_rising_edge_counter
 .bss.pin_int4_falling_edge_counter
                0x100004c0        0x4 C:\Users\Stcupp\Documents\LPCXpresso_7.5.0_254\LEDCUBE2\CMSIS_CORE_LPC13Uxx\Release\libCMSIS_CORE_LPC13Uxx.a(gpio.o)
                0x100004c0                pin_int4_falling_edge_counter
 .bss.pin_int2_level_counter
                0x100004c4        0x4 C:\Users\Stcupp\Documents\LPCXpresso_7.5.0_254\LEDCUBE2\CMSIS_CORE_LPC13Uxx\Release\libCMSIS_CORE_LPC13Uxx.a(gpio.o)
                0x100004c4                pin_int2_level_counter
 .bss.pin_int0_counter
                0x100004c8        0x4 C:\Users\Stcupp\Documents\LPCXpresso_7.5.0_254\LEDCUBE2\CMSIS_CORE_LPC13Uxx\Release\libCMSIS_CORE_LPC13Uxx.a(gpio.o)
                0x100004c8                pin_int0_counter
 .bss.pin_int3_counter
                0x100004cc        0x4 C:\Users\Stcupp\Documents\LPCXpresso_7.5.0_254\LEDCUBE2\CMSIS_CORE_LPC13Uxx\Release\libCMSIS_CORE_LPC13Uxx.a(gpio.o)
                0x100004cc                pin_int3_counter
 .bss.pin_int6_counter
                0x100004d0        0x4 C:\Users\Stcupp\Documents\LPCXpresso_7.5.0_254\LEDCUBE2\CMSIS_CORE_LPC13Uxx\Release\libCMSIS_CORE_LPC13Uxx.a(gpio.o)
                0x100004d0                pin_int6_counter
 .bss           0x100004d4       0x1c c:/nxp/lpcxpresso_7.5.0_254/lpcxpresso/tools/bin/../lib/gcc/arm-none-eabi/4.8.4/armv7-m\crtbegin.o
 *(COMMON)
 COMMON         0x100004f0        0x4 ./src/animations.o
                0x100004f0                Animation_Runtime
 COMMON         0x100004f4      0x6c0 ./src/driver.o
                0x100004f4                Cube_Array
                0x100005b4                Color_Array
                0x10000bb4                . = ALIGN (0x4)
                0x10000bb4                _ebss = .
                0x10000bb4                PROVIDE (end, .)

.noinit_RAM2    0x20004000        0x0
 *(.noinit.$RAM2*)
 *(.noinit.$RamUsb2*)
                0x20004000                . = ALIGN (0x4)

.noinit_RAM3    0x20000000        0x0
 *(.noinit.$RAM3*)
 *(.noinit.$RamPeriph2*)
                0x20000000                . = ALIGN (0x4)

.noinit         0x10000bb4        0x0
                0x10000bb4                _noinit = .
 *(.noinit*)
                0x10000bb4                . = ALIGN (0x4)
                0x10000bb4                _end_noinit = .
                0x10000bb4                PROVIDE (_pvHeapStart, DEFINED (__user_heap_base)?__user_heap_base:.)
                0x10002000                PROVIDE (_vStackTop, DEFINED (__user_stack_top)?__user_stack_top:(__top_RamLoc8 - 0x0))
OUTPUT(LEDCUBE.axf elf32-littlearm)

.debug_info     0x00000000     0x4dea
 .debug_info    0x00000000      0x85e ./src/LEDCube.o
 .debug_info    0x0000085e     0x1a3b ./src/animations.o
 .debug_info    0x00002299      0x2bf ./src/cr_startup_lpc13uxx.o
 .debug_info    0x00002558       0x3b ./src/crp.o
 .debug_info    0x00002593      0xd73 ./src/driver.o
 .debug_info    0x00003306      0x242 C:\Users\Stcupp\Documents\LPCXpresso_7.5.0_254\LEDCUBE2\CMSIS_CORE_LPC13Uxx\Release\libCMSIS_CORE_LPC13Uxx.a(RIT.o)
 .debug_info    0x00003548     0x1319 C:\Users\Stcupp\Documents\LPCXpresso_7.5.0_254\LEDCUBE2\CMSIS_CORE_LPC13Uxx\Release\libCMSIS_CORE_LPC13Uxx.a(gpio.o)
 .debug_info    0x00004861      0x589 C:\Users\Stcupp\Documents\LPCXpresso_7.5.0_254\LEDCUBE2\CMSIS_CORE_LPC13Uxx\Release\libCMSIS_CORE_LPC13Uxx.a(system_LPC13Uxx.o)

.debug_abbrev   0x00000000      0xd24
 .debug_abbrev  0x00000000      0x253 ./src/LEDCube.o
 .debug_abbrev  0x00000253      0x28c ./src/animations.o
 .debug_abbrev  0x000004df      0x13a ./src/cr_startup_lpc13uxx.o
 .debug_abbrev  0x00000619       0x33 ./src/crp.o
 .debug_abbrev  0x0000064c      0x2ab ./src/driver.o
 .debug_abbrev  0x000008f7       0xf0 C:\Users\Stcupp\Documents\LPCXpresso_7.5.0_254\LEDCUBE2\CMSIS_CORE_LPC13Uxx\Release\libCMSIS_CORE_LPC13Uxx.a(RIT.o)
 .debug_abbrev  0x000009e7      0x236 C:\Users\Stcupp\Documents\LPCXpresso_7.5.0_254\LEDCUBE2\CMSIS_CORE_LPC13Uxx\Release\libCMSIS_CORE_LPC13Uxx.a(gpio.o)
 .debug_abbrev  0x00000c1d      0x107 C:\Users\Stcupp\Documents\LPCXpresso_7.5.0_254\LEDCUBE2\CMSIS_CORE_LPC13Uxx\Release\libCMSIS_CORE_LPC13Uxx.a(system_LPC13Uxx.o)

.debug_loc      0x00000000     0x38d3
 .debug_loc     0x00000000       0x94 ./src/LEDCube.o
 .debug_loc     0x00000094     0x2959 ./src/animations.o
 .debug_loc     0x000029ed      0x15f ./src/cr_startup_lpc13uxx.o
 .debug_loc     0x00002b4c      0x3f7 ./src/driver.o
 .debug_loc     0x00002f43       0xfa C:\Users\Stcupp\Documents\LPCXpresso_7.5.0_254\LEDCUBE2\CMSIS_CORE_LPC13Uxx\Release\libCMSIS_CORE_LPC13Uxx.a(RIT.o)
 .debug_loc     0x0000303d      0x83f C:\Users\Stcupp\Documents\LPCXpresso_7.5.0_254\LEDCUBE2\CMSIS_CORE_LPC13Uxx\Release\libCMSIS_CORE_LPC13Uxx.a(gpio.o)
 .debug_loc     0x0000387c       0x57 C:\Users\Stcupp\Documents\LPCXpresso_7.5.0_254\LEDCUBE2\CMSIS_CORE_LPC13Uxx\Release\libCMSIS_CORE_LPC13Uxx.a(system_LPC13Uxx.o)

.debug_aranges  0x00000000      0x2e8
 .debug_aranges
                0x00000000       0x30 ./src/LEDCube.o
 .debug_aranges
                0x00000030       0x90 ./src/animations.o
 .debug_aranges
                0x000000c0       0x80 ./src/cr_startup_lpc13uxx.o
 .debug_aranges
                0x00000140       0x18 ./src/crp.o
 .debug_aranges
                0x00000158       0x50 ./src/driver.o
 .debug_aranges
                0x000001a8       0x40 C:\Users\Stcupp\Documents\LPCXpresso_7.5.0_254\LEDCUBE2\CMSIS_CORE_LPC13Uxx\Release\libCMSIS_CORE_LPC13Uxx.a(RIT.o)
 .debug_aranges
                0x000001e8       0xd8 C:\Users\Stcupp\Documents\LPCXpresso_7.5.0_254\LEDCUBE2\CMSIS_CORE_LPC13Uxx\Release\libCMSIS_CORE_LPC13Uxx.a(gpio.o)
 .debug_aranges
                0x000002c0       0x28 C:\Users\Stcupp\Documents\LPCXpresso_7.5.0_254\LEDCUBE2\CMSIS_CORE_LPC13Uxx\Release\libCMSIS_CORE_LPC13Uxx.a(system_LPC13Uxx.o)

.debug_ranges   0x00000000      0x3a8
 .debug_ranges  0x00000000       0x38 ./src/LEDCube.o
 .debug_ranges  0x00000038      0x148 ./src/animations.o
 .debug_ranges  0x00000180       0x70 ./src/cr_startup_lpc13uxx.o
 .debug_ranges  0x000001f0       0x70 ./src/driver.o
 .debug_ranges  0x00000260       0x30 C:\Users\Stcupp\Documents\LPCXpresso_7.5.0_254\LEDCUBE2\CMSIS_CORE_LPC13Uxx\Release\libCMSIS_CORE_LPC13Uxx.a(RIT.o)
 .debug_ranges  0x00000290      0x100 C:\Users\Stcupp\Documents\LPCXpresso_7.5.0_254\LEDCUBE2\CMSIS_CORE_LPC13Uxx\Release\libCMSIS_CORE_LPC13Uxx.a(gpio.o)
 .debug_ranges  0x00000390       0x18 C:\Users\Stcupp\Documents\LPCXpresso_7.5.0_254\LEDCUBE2\CMSIS_CORE_LPC13Uxx\Release\libCMSIS_CORE_LPC13Uxx.a(system_LPC13Uxx.o)

.debug_line     0x00000000     0x17e1
 .debug_line    0x00000000      0x264 ./src/LEDCube.o
 .debug_line    0x00000264      0x8d8 ./src/animations.o
 .debug_line    0x00000b3c       0x9c ./src/cr_startup_lpc13uxx.o
 .debug_line    0x00000bd8       0x2d ./src/crp.o
 .debug_line    0x00000c05      0x357 ./src/driver.o
 .debug_line    0x00000f5c      0x1a0 C:\Users\Stcupp\Documents\LPCXpresso_7.5.0_254\LEDCUBE2\CMSIS_CORE_LPC13Uxx\Release\libCMSIS_CORE_LPC13Uxx.a(RIT.o)
 .debug_line    0x000010fc      0x505 C:\Users\Stcupp\Documents\LPCXpresso_7.5.0_254\LEDCUBE2\CMSIS_CORE_LPC13Uxx\Release\libCMSIS_CORE_LPC13Uxx.a(gpio.o)
 .debug_line    0x00001601      0x1e0 C:\Users\Stcupp\Documents\LPCXpresso_7.5.0_254\LEDCUBE2\CMSIS_CORE_LPC13Uxx\Release\libCMSIS_CORE_LPC13Uxx.a(system_LPC13Uxx.o)

.debug_str      0x00000000     0x14f1
 .debug_str     0x00000000      0x56a ./src/LEDCube.o
                                0x5cb (size before relaxing)
 .debug_str     0x0000056a       0xa9 ./src/animations.o
                                0x2ef (size before relaxing)
 .debug_str     0x00000613      0x271 ./src/cr_startup_lpc13uxx.o
                                0x2ea (size before relaxing)
 .debug_str     0x00000884       0x16 ./src/crp.o
                                0x117 (size before relaxing)
 .debug_str     0x0000089a      0x31a ./src/driver.o
                                0x80d (size before relaxing)
 .debug_str     0x00000bb4       0xce C:\Users\Stcupp\Documents\LPCXpresso_7.5.0_254\LEDCUBE2\CMSIS_CORE_LPC13Uxx\Release\libCMSIS_CORE_LPC13Uxx.a(RIT.o)
                                0x2a3 (size before relaxing)
 .debug_str     0x00000c82      0x832 C:\Users\Stcupp\Documents\LPCXpresso_7.5.0_254\LEDCUBE2\CMSIS_CORE_LPC13Uxx\Release\libCMSIS_CORE_LPC13Uxx.a(gpio.o)
                                0xd09 (size before relaxing)
 .debug_str     0x000014b4       0x3d C:\Users\Stcupp\Documents\LPCXpresso_7.5.0_254\LEDCUBE2\CMSIS_CORE_LPC13Uxx\Release\libCMSIS_CORE_LPC13Uxx.a(system_LPC13Uxx.o)
                                0x493 (size before relaxing)

.comment        0x00000000       0x70
 .comment       0x00000000       0x70 ./src/LEDCube.o
                                 0x71 (size before relaxing)
 .comment       0x00000000       0x71 ./src/animations.o
 .comment       0x00000000       0x71 ./src/cr_startup_lpc13uxx.o
 .comment       0x00000000       0x71 ./src/crp.o
 .comment       0x00000000       0x71 ./src/driver.o
 .comment       0x00000000       0x71 C:\Users\Stcupp\Documents\LPCXpresso_7.5.0_254\LEDCUBE2\CMSIS_CORE_LPC13Uxx\Release\libCMSIS_CORE_LPC13Uxx.a(RIT.o)
 .comment       0x00000000       0x71 C:\Users\Stcupp\Documents\LPCXpresso_7.5.0_254\LEDCUBE2\CMSIS_CORE_LPC13Uxx\Release\libCMSIS_CORE_LPC13Uxx.a(gpio.o)
 .comment       0x00000000       0x71 C:\Users\Stcupp\Documents\LPCXpresso_7.5.0_254\LEDCUBE2\CMSIS_CORE_LPC13Uxx\Release\libCMSIS_CORE_LPC13Uxx.a(system_LPC13Uxx.o)

.ARM.attributes
                0x00000000       0x33
 .ARM.attributes
                0x00000000       0x33 ./src/LEDCube.o
 .ARM.attributes
                0x00000033       0x33 ./src/animations.o
 .ARM.attributes
                0x00000066       0x33 ./src/cr_startup_lpc13uxx.o
 .ARM.attributes
                0x00000099       0x33 ./src/crp.o
 .ARM.attributes
                0x000000cc       0x33 ./src/driver.o
 .ARM.attributes
                0x000000ff       0x33 C:\Users\Stcupp\Documents\LPCXpresso_7.5.0_254\LEDCUBE2\CMSIS_CORE_LPC13Uxx\Release\libCMSIS_CORE_LPC13Uxx.a(RIT.o)
 .ARM.attributes
                0x00000132       0x33 C:\Users\Stcupp\Documents\LPCXpresso_7.5.0_254\LEDCUBE2\CMSIS_CORE_LPC13Uxx\Release\libCMSIS_CORE_LPC13Uxx.a(gpio.o)
 .ARM.attributes
                0x00000165       0x33 C:\Users\Stcupp\Documents\LPCXpresso_7.5.0_254\LEDCUBE2\CMSIS_CORE_LPC13Uxx\Release\libCMSIS_CORE_LPC13Uxx.a(system_LPC13Uxx.o)
 .ARM.attributes
                0x00000198       0x1d c:/nxp/lpcxpresso_7.5.0_254/lpcxpresso/tools/bin/../lib/gcc/arm-none-eabi/4.8.4/armv7-m\libgcc.a(_arm_addsubdf3.o)
 .ARM.attributes
                0x000001b5       0x1d c:/nxp/lpcxpresso_7.5.0_254/lpcxpresso/tools/bin/../lib/gcc/arm-none-eabi/4.8.4/armv7-m\libgcc.a(_arm_muldivdf3.o)
 .ARM.attributes
                0x000001d2       0x1d c:/nxp/lpcxpresso_7.5.0_254/lpcxpresso/tools/bin/../lib/gcc/arm-none-eabi/4.8.4/armv7-m\libgcc.a(_arm_truncdfsf2.o)
 .ARM.attributes
                0x000001ef       0x1d c:/nxp/lpcxpresso_7.5.0_254/lpcxpresso/tools/bin/../lib/gcc/arm-none-eabi/4.8.4/armv7-m\libgcc.a(_arm_addsubsf3.o)
 .ARM.attributes
                0x0000020c       0x1d c:/nxp/lpcxpresso_7.5.0_254/lpcxpresso/tools/bin/../lib/gcc/arm-none-eabi/4.8.4/armv7-m\libgcc.a(_arm_muldivsf3.o)
 .ARM.attributes
                0x00000229       0x1d c:/nxp/lpcxpresso_7.5.0_254/lpcxpresso/tools/bin/../lib/gcc/arm-none-eabi/4.8.4/armv7-m\libgcc.a(_arm_fixunssfsi.o)
 .ARM.attributes
                0x00000246       0x2d c:/nxp/lpcxpresso_7.5.0_254/lpcxpresso/tools/bin/../lib/gcc/arm-none-eabi/4.8.4/../../../../arm-none-eabi/lib/armv7-m\libc.a(lib_a-init.o)
 .ARM.attributes
                0x00000273       0x2d c:/nxp/lpcxpresso_7.5.0_254/lpcxpresso/tools/bin/../lib/gcc/arm-none-eabi/4.8.4/../../../../arm-none-eabi/lib/armv7-m\libc.a(lib_a-rand.o)
 .ARM.attributes
                0x000002a0       0x2d c:/nxp/lpcxpresso_7.5.0_254/lpcxpresso/tools/bin/../lib/gcc/arm-none-eabi/4.8.4/../../../../arm-none-eabi/lib/armv7-m\libc.a(lib_a-impure.o)
 .ARM.attributes
                0x000002cd       0x2d c:/nxp/lpcxpresso_7.5.0_254/lpcxpresso/tools/bin/../lib/gcc/arm-none-eabi/4.8.4/../../../../arm-none-eabi/lib/armv7-m\libm.a(lib_a-s_cos.o)
 .ARM.attributes
                0x000002fa       0x2d c:/nxp/lpcxpresso_7.5.0_254/lpcxpresso/tools/bin/../lib/gcc/arm-none-eabi/4.8.4/../../../../arm-none-eabi/lib/armv7-m\libm.a(lib_a-s_sin.o)
 .ARM.attributes
                0x00000327       0x2d c:/nxp/lpcxpresso_7.5.0_254/lpcxpresso/tools/bin/../lib/gcc/arm-none-eabi/4.8.4/../../../../arm-none-eabi/lib/armv7-m\libm.a(lib_a-e_rem_pio2.o)
 .ARM.attributes
                0x00000354       0x2d c:/nxp/lpcxpresso_7.5.0_254/lpcxpresso/tools/bin/../lib/gcc/arm-none-eabi/4.8.4/../../../../arm-none-eabi/lib/armv7-m\libm.a(lib_a-k_cos.o)
 .ARM.attributes
                0x00000381       0x2d c:/nxp/lpcxpresso_7.5.0_254/lpcxpresso/tools/bin/../lib/gcc/arm-none-eabi/4.8.4/../../../../arm-none-eabi/lib/armv7-m\libm.a(lib_a-k_rem_pio2.o)
 .ARM.attributes
                0x000003ae       0x2d c:/nxp/lpcxpresso_7.5.0_254/lpcxpresso/tools/bin/../lib/gcc/arm-none-eabi/4.8.4/../../../../arm-none-eabi/lib/armv7-m\libm.a(lib_a-k_sin.o)
 .ARM.attributes
                0x000003db       0x2d c:/nxp/lpcxpresso_7.5.0_254/lpcxpresso/tools/bin/../lib/gcc/arm-none-eabi/4.8.4/../../../../arm-none-eabi/lib/armv7-m\libm.a(lib_a-s_fabs.o)
 .ARM.attributes
                0x00000408       0x2d c:/nxp/lpcxpresso_7.5.0_254/lpcxpresso/tools/bin/../lib/gcc/arm-none-eabi/4.8.4/../../../../arm-none-eabi/lib/armv7-m\libm.a(lib_a-s_floor.o)
 .ARM.attributes
                0x00000435       0x2d c:/nxp/lpcxpresso_7.5.0_254/lpcxpresso/tools/bin/../lib/gcc/arm-none-eabi/4.8.4/../../../../arm-none-eabi/lib/armv7-m\libm.a(lib_a-s_scalbn.o)
 .ARM.attributes
                0x00000462       0x2d c:/nxp/lpcxpresso_7.5.0_254/lpcxpresso/tools/bin/../lib/gcc/arm-none-eabi/4.8.4/../../../../arm-none-eabi/lib/armv7-m\libm.a(lib_a-s_copysign.o)
 .ARM.attributes
                0x0000048f       0x1d c:/nxp/lpcxpresso_7.5.0_254/lpcxpresso/tools/bin/../lib/gcc/arm-none-eabi/4.8.4/armv7-m\crti.o
 .ARM.attributes
                0x000004ac       0x1d c:/nxp/lpcxpresso_7.5.0_254/lpcxpresso/tools/bin/../lib/gcc/arm-none-eabi/4.8.4/armv7-m\crtn.o
 .ARM.attributes
                0x000004c9       0x2d c:/nxp/lpcxpresso_7.5.0_254/lpcxpresso/tools/bin/../lib/gcc/arm-none-eabi/4.8.4/armv7-m\crtbegin.o
 .ARM.attributes
                0x000004f6       0x1d c:/nxp/lpcxpresso_7.5.0_254/lpcxpresso/tools/bin/../lib/gcc/arm-none-eabi/4.8.4/armv7-m\libgcc.a(_arm_cmpdf2.o)
 .ARM.attributes
                0x00000513       0x1d c:/nxp/lpcxpresso_7.5.0_254/lpcxpresso/tools/bin/../lib/gcc/arm-none-eabi/4.8.4/armv7-m\libgcc.a(_arm_fixdfsi.o)

.debug_frame    0x00000000      0x8a0
 .debug_frame   0x00000000       0x4c ./src/LEDCube.o
 .debug_frame   0x0000004c      0x214 ./src/animations.o
 .debug_frame   0x00000260       0xf0 ./src/cr_startup_lpc13uxx.o
 .debug_frame   0x00000350       0xc0 ./src/driver.o
 .debug_frame   0x00000410       0x60 C:\Users\Stcupp\Documents\LPCXpresso_7.5.0_254\LEDCUBE2\CMSIS_CORE_LPC13Uxx\Release\libCMSIS_CORE_LPC13Uxx.a(RIT.o)
 .debug_frame   0x00000470      0x1a0 C:\Users\Stcupp\Documents\LPCXpresso_7.5.0_254\LEDCUBE2\CMSIS_CORE_LPC13Uxx\Release\libCMSIS_CORE_LPC13Uxx.a(gpio.o)
 .debug_frame   0x00000610       0x38 C:\Users\Stcupp\Documents\LPCXpresso_7.5.0_254\LEDCUBE2\CMSIS_CORE_LPC13Uxx\Release\libCMSIS_CORE_LPC13Uxx.a(system_LPC13Uxx.o)
 .debug_frame   0x00000648       0x2c c:/nxp/lpcxpresso_7.5.0_254/lpcxpresso/tools/bin/../lib/gcc/arm-none-eabi/4.8.4/../../../../arm-none-eabi/lib/armv7-m\libc.a(lib_a-init.o)
 .debug_frame   0x00000674       0x38 c:/nxp/lpcxpresso_7.5.0_254/lpcxpresso/tools/bin/../lib/gcc/arm-none-eabi/4.8.4/../../../../arm-none-eabi/lib/armv7-m\libc.a(lib_a-rand.o)
 .debug_frame   0x000006ac       0x30 c:/nxp/lpcxpresso_7.5.0_254/lpcxpresso/tools/bin/../lib/gcc/arm-none-eabi/4.8.4/../../../../arm-none-eabi/lib/armv7-m\libm.a(lib_a-s_cos.o)
 .debug_frame   0x000006dc       0x30 c:/nxp/lpcxpresso_7.5.0_254/lpcxpresso/tools/bin/../lib/gcc/arm-none-eabi/4.8.4/../../../../arm-none-eabi/lib/armv7-m\libm.a(lib_a-s_sin.o)
 .debug_frame   0x0000070c       0x38 c:/nxp/lpcxpresso_7.5.0_254/lpcxpresso/tools/bin/../lib/gcc/arm-none-eabi/4.8.4/../../../../arm-none-eabi/lib/armv7-m\libm.a(lib_a-e_rem_pio2.o)
 .debug_frame   0x00000744       0x38 c:/nxp/lpcxpresso_7.5.0_254/lpcxpresso/tools/bin/../lib/gcc/arm-none-eabi/4.8.4/../../../../arm-none-eabi/lib/armv7-m\libm.a(lib_a-k_cos.o)
 .debug_frame   0x0000077c       0x3c c:/nxp/lpcxpresso_7.5.0_254/lpcxpresso/tools/bin/../lib/gcc/arm-none-eabi/4.8.4/../../../../arm-none-eabi/lib/armv7-m\libm.a(lib_a-k_rem_pio2.o)
 .debug_frame   0x000007b8       0x38 c:/nxp/lpcxpresso_7.5.0_254/lpcxpresso/tools/bin/../lib/gcc/arm-none-eabi/4.8.4/../../../../arm-none-eabi/lib/armv7-m\libm.a(lib_a-k_sin.o)
 .debug_frame   0x000007f0       0x20 c:/nxp/lpcxpresso_7.5.0_254/lpcxpresso/tools/bin/../lib/gcc/arm-none-eabi/4.8.4/../../../../arm-none-eabi/lib/armv7-m\libm.a(lib_a-s_fabs.o)
 .debug_frame   0x00000810       0x38 c:/nxp/lpcxpresso_7.5.0_254/lpcxpresso/tools/bin/../lib/gcc/arm-none-eabi/4.8.4/../../../../arm-none-eabi/lib/armv7-m\libm.a(lib_a-s_floor.o)
 .debug_frame   0x00000848       0x30 c:/nxp/lpcxpresso_7.5.0_254/lpcxpresso/tools/bin/../lib/gcc/arm-none-eabi/4.8.4/../../../../arm-none-eabi/lib/armv7-m\libm.a(lib_a-s_scalbn.o)
 .debug_frame   0x00000878       0x28 c:/nxp/lpcxpresso_7.5.0_254/lpcxpresso/tools/bin/../lib/gcc/arm-none-eabi/4.8.4/../../../../arm-none-eabi/lib/armv7-m\libm.a(lib_a-s_copysign.o)
